<?xml version="1.0" encoding="UTF-8" ?>
<testsuites name="vitest tests" tests="1432" failures="0" errors="0" time="53.188094287">
    <testsuite name="src/App.test.tsx" timestamp="2026-05-14T02:22:34.083Z" hostname="Lucindas-MacBook-Pro.local" tests="7" failures="0" errors="0" skipped="0" time="0.345565416">
        <testcase classname="src/App.test.tsx" name="App routing &gt; renders the login form at /login" time="0.0538385">
            <system-err>
⚠️ React Router Future Flag Warning: React Router will begin wrapping state updates in `React.startTransition` in v7. You can use the `v7_startTransition` future flag to opt-in early. For more information, see https://reactrouter.com/v6/upgrading/future#v7_starttransition.
⚠️ React Router Future Flag Warning: Relative route resolution within Splat routes is changing in v7. You can use the `v7_relativeSplatPath` future flag to opt-in early. For more information, see https://reactrouter.com/v6/upgrading/future#v7_relativesplatpath.

            </system-err>
        </testcase>
        <testcase classname="src/App.test.tsx" name="App routing &gt; redirects unauthenticated users to /login" time="0.015699709">
        </testcase>
        <testcase classname="src/App.test.tsx" name="App routing &gt; renders the dashboard at / for an authenticated admin" time="0.077164584">
        </testcase>
        <testcase classname="src/App.test.tsx" name="App routing &gt; renders contacts page at /contacts" time="0.071993">
        </testcase>
        <testcase classname="src/App.test.tsx" name="App routing &gt; renders admin settings page at /admin/settings" time="0.047856542">
        </testcase>
        <testcase classname="src/App.test.tsx" name="App routing &gt; redirects /pipeline to /deals" time="0.048784833">
        </testcase>
        <testcase classname="src/App.test.tsx" name="App routing &gt; redirects unknown paths to the dashboard" time="0.02614225">
        </testcase>
    </testsuite>
    <testsuite name="src/context/BrandingContext.test.tsx" timestamp="2026-05-14T02:22:34.084Z" hostname="Lucindas-MacBook-Pro.local" tests="7" failures="0" errors="0" skipped="0" time="0.093852291">
        <testcase classname="src/context/BrandingContext.test.tsx" name="BrandingContext — font side effects &gt; applies custom font to document.body when a non-inter font is configured" time="0.042177875">
            <system-err>
⚠️ React Router Future Flag Warning: React Router will begin wrapping state updates in `React.startTransition` in v7. You can use the `v7_startTransition` future flag to opt-in early. For more information, see https://reactrouter.com/v6/upgrading/future#v7_starttransition.
⚠️ React Router Future Flag Warning: Relative route resolution within Splat routes is changing in v7. You can use the `v7_relativeSplatPath` future flag to opt-in early. For more information, see https://reactrouter.com/v6/upgrading/future#v7_relativesplatpath.

            </system-err>
        </testcase>
        <testcase classname="src/context/BrandingContext.test.tsx" name="BrandingContext — font side effects &gt; does NOT set body font-family when the font is inter (default)" time="0.008071708">
        </testcase>
        <testcase classname="src/context/BrandingContext.test.tsx" name="BrandingContext — font side effects &gt; injects a Google Font &lt;link&gt; for non-inter fonts" time="0.008010083">
        </testcase>
        <testcase classname="src/context/BrandingContext.test.tsx" name="BrandingContext — CSS custom properties &gt; injects a :root style tag with --color-primary when primaryColor is set" time="0.011959417">
        </testcase>
        <testcase classname="src/context/BrandingContext.test.tsx" name="BrandingContext — CSS custom properties &gt; removes the style tag when branding config is null" time="0.00787775">
        </testcase>
        <testcase classname="src/context/BrandingContext.test.tsx" name="BrandingContext — document.title &gt; sets document.title to the company name when configured" time="0.005777458">
        </testcase>
        <testcase classname="src/context/BrandingContext.test.tsx" name="BrandingContext — document.title &gt; resets document.title to MiniCRM when no company name is set" time="0.007376041">
        </testcase>
    </testsuite>
    <testsuite name="src/context/BreakpointContext.test.tsx" timestamp="2026-05-14T02:22:34.084Z" hostname="Lucindas-MacBook-Pro.local" tests="4" failures="0" errors="0" skipped="0" time="0.01692875">
        <testcase classname="src/context/BreakpointContext.test.tsx" name="useBreakpoint &gt; returns isDesktop: true when matchMedia matches (viewport &gt;= 768px)" time="0.011633792">
        </testcase>
        <testcase classname="src/context/BreakpointContext.test.tsx" name="useBreakpoint &gt; returns isDesktop: false when matchMedia does not match (viewport &lt; 768px)" time="0.00119475">
        </testcase>
        <testcase classname="src/context/BreakpointContext.test.tsx" name="useBreakpoint &gt; updates when the matchMedia change event fires" time="0.001288875">
        </testcase>
        <testcase classname="src/context/BreakpointContext.test.tsx" name="useBreakpoint &gt; defaults to isDesktop: false before the useEffect fires (mobile-first SSR safety)" time="0.000889666">
        </testcase>
    </testsuite>
    <testsuite name="src/locales/locale-completeness.test.ts" timestamp="2026-05-14T02:22:34.084Z" hostname="Lucindas-MacBook-Pro.local" tests="8" failures="0" errors="0" skipped="0" time="0.003018125">
        <testcase classname="src/locales/locale-completeness.test.ts" name="locale completeness &gt; es: no keys missing from English" time="0.000515083">
        </testcase>
        <testcase classname="src/locales/locale-completeness.test.ts" name="locale completeness &gt; es: no orphaned keys absent from English" time="0.000138792">
        </testcase>
        <testcase classname="src/locales/locale-completeness.test.ts" name="locale completeness &gt; fr: no keys missing from English" time="0.000138292">
        </testcase>
        <testcase classname="src/locales/locale-completeness.test.ts" name="locale completeness &gt; fr: no orphaned keys absent from English" time="0.000113167">
        </testcase>
        <testcase classname="src/locales/locale-completeness.test.ts" name="locale completeness &gt; de: no keys missing from English" time="0.000120333">
        </testcase>
        <testcase classname="src/locales/locale-completeness.test.ts" name="locale completeness &gt; de: no orphaned keys absent from English" time="0.000078625">
        </testcase>
        <testcase classname="src/locales/locale-completeness.test.ts" name="locale completeness &gt; zh-Hans: no keys missing from English" time="0.000113833">
        </testcase>
        <testcase classname="src/locales/locale-completeness.test.ts" name="locale completeness &gt; zh-Hans: no orphaned keys absent from English" time="0.000057334">
        </testcase>
    </testsuite>
    <testsuite name="src/components/AccountForm.test.tsx" timestamp="2026-05-14T02:22:34.085Z" hostname="Lucindas-MacBook-Pro.local" tests="21" failures="0" errors="0" skipped="0" time="0.428059291">
        <testcase classname="src/components/AccountForm.test.tsx" name="AccountForm &gt; field rendering &gt; renders all core fields" time="0.043089166">
            <system-err>
⚠️ React Router Future Flag Warning: React Router will begin wrapping state updates in `React.startTransition` in v7. You can use the `v7_startTransition` future flag to opt-in early. For more information, see https://reactrouter.com/v6/upgrading/future#v7_starttransition.
⚠️ React Router Future Flag Warning: Relative route resolution within Splat routes is changing in v7. You can use the `v7_relativeSplatPath` future flag to opt-in early. For more information, see https://reactrouter.com/v6/upgrading/future#v7_relativesplatpath.

            </system-err>
        </testcase>
        <testcase classname="src/components/AccountForm.test.tsx" name="AccountForm &gt; field rendering &gt; renders all ACCOUNT_TYPE_VALUES as options in the type dropdown" time="0.012490791">
        </testcase>
        <testcase classname="src/components/AccountForm.test.tsx" name="AccountForm &gt; field rendering &gt; does not render owner selector when users prop is omitted" time="0.006535667">
        </testcase>
        <testcase classname="src/components/AccountForm.test.tsx" name="AccountForm &gt; field rendering &gt; renders owner selector when users prop is provided" time="0.02155525">
        </testcase>
        <testcase classname="src/components/AccountForm.test.tsx" name="AccountForm &gt; field rendering &gt; renders the contact selector" time="0.008410542">
        </testcase>
        <testcase classname="src/components/AccountForm.test.tsx" name="AccountForm &gt; field rendering &gt; renders the parent account search input when no parent is selected" time="0.007096708">
        </testcase>
        <testcase classname="src/components/AccountForm.test.tsx" name="AccountForm &gt; initialValues population &gt; pre-populates fields from initialValues" time="0.011553542">
        </testcase>
        <testcase classname="src/components/AccountForm.test.tsx" name="AccountForm &gt; initialValues population &gt; shows the selected parent name and clear button when initialValues has parent_account_id" time="0.014414125">
        </testcase>
        <testcase classname="src/components/AccountForm.test.tsx" name="AccountForm &gt; onSubmit &gt; calls onSubmit with form values when submitted" time="0.013254125">
        </testcase>
        <testcase classname="src/components/AccountForm.test.tsx" name="AccountForm &gt; onSubmit &gt; does not call onSubmit when the required name field is empty (user.click respects HTML5 required)" time="0.082196791">
        </testcase>
        <testcase classname="src/components/AccountForm.test.tsx" name="AccountForm &gt; cancel button &gt; calls onCancel when the Cancel button is clicked" time="0.02229075">
        </testcase>
        <testcase classname="src/components/AccountForm.test.tsx" name="AccountForm &gt; cancel button &gt; does not render a Cancel button when onCancel is not provided" time="0.004229667">
        </testcase>
        <testcase classname="src/components/AccountForm.test.tsx" name="AccountForm &gt; isSubmitting state &gt; disables inputs and submit button when isSubmitting is true" time="0.003378167">
        </testcase>
        <testcase classname="src/components/AccountForm.test.tsx" name="AccountForm &gt; error display &gt; renders error message in an alert when error prop is set" time="0.007099667">
        </testcase>
        <testcase classname="src/components/AccountForm.test.tsx" name="AccountForm &gt; error display &gt; does not render an alert when error prop is absent" time="0.008733208">
        </testcase>
        <testcase classname="src/components/AccountForm.test.tsx" name="AccountForm &gt; parent account type-ahead &gt; shows autocomplete suggestions when a query of 2+ chars is typed" time="0.053746958">
        </testcase>
        <testcase classname="src/components/AccountForm.test.tsx" name="AccountForm &gt; parent account type-ahead &gt; does not show suggestions when query is fewer than 2 characters" time="0.029222417">
        </testcase>
        <testcase classname="src/components/AccountForm.test.tsx" name="AccountForm &gt; parent account type-ahead &gt; selects a parent account and hides the search input" time="0.049471084">
        </testcase>
        <testcase classname="src/components/AccountForm.test.tsx" name="AccountForm &gt; parent account type-ahead &gt; clears the selected parent when the clear button is clicked" time="0.013791708">
        </testcase>
        <testcase classname="src/components/AccountForm.test.tsx" name="AccountForm &gt; contact selector &gt; renders the contact selector search input" time="0.002654375">
        </testcase>
        <testcase classname="src/components/AccountForm.test.tsx" name="AccountForm &gt; contact selector &gt; shows an empty-state message when no contacts are selected" time="0.00258675">
        </testcase>
    </testsuite>
    <testsuite name="src/components/ActivityForm.test.tsx" timestamp="2026-05-14T02:22:34.086Z" hostname="Lucindas-MacBook-Pro.local" tests="16" failures="0" errors="0" skipped="0" time="0.180226833">
        <testcase classname="src/components/ActivityForm.test.tsx" name="ActivityForm &gt; renders type, subject, notes, and due date fields" time="0.04505325">
            <system-err>
⚠️ React Router Future Flag Warning: React Router will begin wrapping state updates in `React.startTransition` in v7. You can use the `v7_startTransition` future flag to opt-in early. For more information, see https://reactrouter.com/v6/upgrading/future#v7_starttransition.
⚠️ React Router Future Flag Warning: Relative route resolution within Splat routes is changing in v7. You can use the `v7_relativeSplatPath` future flag to opt-in early. For more information, see https://reactrouter.com/v6/upgrading/future#v7_relativesplatpath.

            </system-err>
        </testcase>
        <testcase classname="src/components/ActivityForm.test.tsx" name="ActivityForm &gt; defaults type to &quot;Note&quot; with no due date" time="0.0049665">
        </testcase>
        <testcase classname="src/components/ActivityForm.test.tsx" name="ActivityForm &gt; auto-sets type to &quot;Task&quot; when a due date is entered" time="0.007280708">
        </testcase>
        <testcase classname="src/components/ActivityForm.test.tsx" name="ActivityForm &gt; does not override a manually set type when due date changes" time="0.0194265">
        </testcase>
        <testcase classname="src/components/ActivityForm.test.tsx" name="ActivityForm &gt; calls onSubmit with the correct values" time="0.018311542">
        </testcase>
        <testcase classname="src/components/ActivityForm.test.tsx" name="ActivityForm &gt; calls onCancel when the cancel button is clicked" time="0.005918625">
        </testcase>
        <testcase classname="src/components/ActivityForm.test.tsx" name="ActivityForm &gt; disables the submit button when subject is empty" time="0.005061834">
        </testcase>
        <testcase classname="src/components/ActivityForm.test.tsx" name="ActivityForm &gt; disables submit and cancel while submitting" time="0.004664958">
        </testcase>
        <testcase classname="src/components/ActivityForm.test.tsx" name="ActivityForm &gt; populates fields from initialValues in edit mode" time="0.005116625">
        </testcase>
        <testcase classname="src/components/ActivityForm.test.tsx" name="ActivityForm &gt; shows direction and outcome fields when type is Call" time="0.011448625">
        </testcase>
        <testcase classname="src/components/ActivityForm.test.tsx" name="ActivityForm &gt; shows direction and outcome fields when type is Email" time="0.013851958">
        </testcase>
        <testcase classname="src/components/ActivityForm.test.tsx" name="ActivityForm &gt; hides direction and outcome fields when type is Note" time="0.004467333">
        </testcase>
        <testcase classname="src/components/ActivityForm.test.tsx" name="ActivityForm &gt; hides direction and outcome fields when type is Task" time="0.00846025">
        </testcase>
        <testcase classname="src/components/ActivityForm.test.tsx" name="ActivityForm &gt; hides direction and outcome fields when type is Meeting" time="0.004608917">
        </testcase>
        <testcase classname="src/components/ActivityForm.test.tsx" name="ActivityForm &gt; disables submit when type is Call and direction is not selected" time="0.005570958">
        </testcase>
        <testcase classname="src/components/ActivityForm.test.tsx" name="ActivityForm &gt; displays a server-side error message" time="0.004461667">
        </testcase>
    </testsuite>
    <testsuite name="src/components/ActivityTimeline.test.tsx" timestamp="2026-05-14T02:22:34.086Z" hostname="Lucindas-MacBook-Pro.local" tests="28" failures="0" errors="0" skipped="0" time="0.763194292">
        <testcase classname="src/components/ActivityTimeline.test.tsx" name="ActivityTimeline &gt; shows the loading state while fetching" time="0.036518542">
            <system-err>
⚠️ React Router Future Flag Warning: React Router will begin wrapping state updates in `React.startTransition` in v7. You can use the `v7_startTransition` future flag to opt-in early. For more information, see https://reactrouter.com/v6/upgrading/future#v7_starttransition.
⚠️ React Router Future Flag Warning: Relative route resolution within Splat routes is changing in v7. You can use the `v7_relativeSplatPath` future flag to opt-in early. For more information, see https://reactrouter.com/v6/upgrading/future#v7_relativesplatpath.

            </system-err>
        </testcase>
        <testcase classname="src/components/ActivityTimeline.test.tsx" name="ActivityTimeline &gt; shows the empty state when there are no activities" time="0.022340208">
        </testcase>
        <testcase classname="src/components/ActivityTimeline.test.tsx" name="ActivityTimeline &gt; renders activity items from the API" time="0.027350584">
        </testcase>
        <testcase classname="src/components/ActivityTimeline.test.tsx" name="ActivityTimeline &gt; renders the author name and timestamp in the meta line" time="0.014034792">
        </testcase>
        <testcase classname="src/components/ActivityTimeline.test.tsx" name="ActivityTimeline &gt; shows &quot;Mark complete&quot; button for open tasks" time="0.009023834">
        </testcase>
        <testcase classname="src/components/ActivityTimeline.test.tsx" name="ActivityTimeline &gt; shows completed badge for complete activities" time="0.007760917">
        </testcase>
        <testcase classname="src/components/ActivityTimeline.test.tsx" name="ActivityTimeline &gt; applies line-through styling to completed activity subjects" time="0.009067208">
        </testcase>
        <testcase classname="src/components/ActivityTimeline.test.tsx" name="ActivityTimeline &gt; shows edit and delete buttons for owned activities when user is the owner" time="0.008878916">
        </testcase>
        <testcase classname="src/components/ActivityTimeline.test.tsx" name="ActivityTimeline &gt; does not show edit/delete for activities owned by another user" time="0.007015167">
        </testcase>
        <testcase classname="src/components/ActivityTimeline.test.tsx" name="ActivityTimeline &gt; shows the &quot;Log activity&quot; button when not in create mode" time="0.007590166">
        </testcase>
        <testcase classname="src/components/ActivityTimeline.test.tsx" name="ActivityTimeline &gt; reveals the create form when &quot;Log activity&quot; is clicked" time="0.014604625">
        </testcase>
        <testcase classname="src/components/ActivityTimeline.test.tsx" name="ActivityTimeline &gt; shows the edit form inline when the edit button is clicked" time="0.014831916">
        </testcase>
        <testcase classname="src/components/ActivityTimeline.test.tsx" name="ActivityTimeline &gt; does not show &quot;Load more&quot; button when all activities are returned" time="0.008859917">
        </testcase>
        <testcase classname="src/components/ActivityTimeline.test.tsx" name="ActivityTimeline &gt; shows &quot;Load more&quot; button when total exceeds currently loaded count" time="0.00810675">
        </testcase>
        <testcase classname="src/components/ActivityTimeline.test.tsx" name="ActivityTimeline &gt; renders the direction badge when an activity has a direction set" time="0.007093792">
        </testcase>
        <testcase classname="src/components/ActivityTimeline.test.tsx" name="ActivityTimeline &gt; renders the outcome text when an activity has an outcome set" time="0.00698825">
        </testcase>
        <testcase classname="src/components/ActivityTimeline.test.tsx" name="ActivityTimeline &gt; shows edit/delete for activities owned by another user when current user is admin" time="0.007826208">
        </testcase>
        <testcase classname="src/components/ActivityTimeline.test.tsx" name="ActivityTimeline &gt; does not show delete/edit when user is null (unauthenticated)" time="0.008495125">
        </testcase>
        <testcase classname="src/components/ActivityTimeline.test.tsx" name="ActivityTimeline &gt; shows the create error message when create mutation fails" time="0.174755">
        </testcase>
        <testcase classname="src/components/ActivityTimeline.test.tsx" name="ActivityTimeline &gt; closes the create form when cancel is clicked" time="0.034955209">
        </testcase>
        <testcase classname="src/components/ActivityTimeline.test.tsx" name="ActivityTimeline &gt; successfully creates an activity and closes the form" time="0.138889875">
        </testcase>
        <testcase classname="src/components/ActivityTimeline.test.tsx" name="ActivityTimeline &gt; successfully updates an activity and closes the edit form" time="0.025807458">
        </testcase>
        <testcase classname="src/components/ActivityTimeline.test.tsx" name="ActivityTimeline &gt; shows the edit error message when update mutation fails" time="0.018482458">
        </testcase>
        <testcase classname="src/components/ActivityTimeline.test.tsx" name="ActivityTimeline &gt; shows the complete error when mark-complete mutation fails" time="0.022165">
        </testcase>
        <testcase classname="src/components/ActivityTimeline.test.tsx" name="ActivityTimeline &gt; deletes an activity when the user confirms the window.confirm dialog" time="0.068465791">
        </testcase>
        <testcase classname="src/components/ActivityTimeline.test.tsx" name="ActivityTimeline &gt; does not delete an activity when the user cancels the window.confirm dialog" time="0.017880791">
        </testcase>
        <testcase classname="src/components/ActivityTimeline.test.tsx" name="ActivityTimeline &gt; shows the delete error when delete mutation fails" time="0.009431792">
        </testcase>
        <testcase classname="src/components/ActivityTimeline.test.tsx" name="ActivityTimeline &gt; closes the edit form when cancel is clicked" time="0.023376375">
        </testcase>
    </testsuite>
    <testsuite name="src/components/AdminRoute.test.tsx" timestamp="2026-05-14T02:22:34.088Z" hostname="Lucindas-MacBook-Pro.local" tests="5" failures="0" errors="0" skipped="0" time="0.125212042">
        <testcase classname="src/components/AdminRoute.test.tsx" name="AdminRoute &gt; shows a loading indicator while the auth check is in progress" time="0.044996791">
            <system-err>
⚠️ React Router Future Flag Warning: React Router will begin wrapping state updates in `React.startTransition` in v7. You can use the `v7_startTransition` future flag to opt-in early. For more information, see https://reactrouter.com/v6/upgrading/future#v7_starttransition.
⚠️ React Router Future Flag Warning: Relative route resolution within Splat routes is changing in v7. You can use the `v7_relativeSplatPath` future flag to opt-in early. For more information, see https://reactrouter.com/v6/upgrading/future#v7_relativesplatpath.

            </system-err>
        </testcase>
        <testcase classname="src/components/AdminRoute.test.tsx" name="AdminRoute &gt; renders child routes when user is an admin" time="0.026862083">
        </testcase>
        <testcase classname="src/components/AdminRoute.test.tsx" name="AdminRoute &gt; redirects to / when user is authenticated but is a rep" time="0.026197833">
        </testcase>
        <testcase classname="src/components/AdminRoute.test.tsx" name="AdminRoute &gt; redirects to /login when user is not authenticated" time="0.009556583">
        </testcase>
        <testcase classname="src/components/AdminRoute.test.tsx" name="AdminRoute &gt; passes the current location as state when redirecting to /login (MINCRM-147)" time="0.009474625">
        </testcase>
    </testsuite>
    <testsuite name="src/components/AttachmentsSection.test.tsx" timestamp="2026-05-14T02:22:34.088Z" hostname="Lucindas-MacBook-Pro.local" tests="20" failures="0" errors="0" skipped="0" time="0.370728958">
        <testcase classname="src/components/AttachmentsSection.test.tsx" name="AttachmentsSection — storage not configured &gt; shows the not-configured message" time="0.055360083">
            <system-err>
⚠️ React Router Future Flag Warning: React Router will begin wrapping state updates in `React.startTransition` in v7. You can use the `v7_startTransition` future flag to opt-in early. For more information, see https://reactrouter.com/v6/upgrading/future#v7_starttransition.
⚠️ React Router Future Flag Warning: Relative route resolution within Splat routes is changing in v7. You can use the `v7_relativeSplatPath` future flag to opt-in early. For more information, see https://reactrouter.com/v6/upgrading/future#v7_relativesplatpath.

            </system-err>
        </testcase>
        <testcase classname="src/components/AttachmentsSection.test.tsx" name="AttachmentsSection — storage not configured &gt; does not show the upload zone when storage is not configured" time="0.0247195">
        </testcase>
        <testcase classname="src/components/AttachmentsSection.test.tsx" name="AttachmentsSection — storage configured &gt; shows the upload zone" time="0.016176458">
        </testcase>
        <testcase classname="src/components/AttachmentsSection.test.tsx" name="AttachmentsSection — storage configured &gt; shows the empty state when there are no attachments" time="0.013467">
        </testcase>
        <testcase classname="src/components/AttachmentsSection.test.tsx" name="AttachmentsSection — storage configured &gt; renders attachment rows" time="0.028570958">
        </testcase>
        <testcase classname="src/components/AttachmentsSection.test.tsx" name="AttachmentsSection — storage configured &gt; renders a download link for each attachment" time="0.012344875">
        </testcase>
        <testcase classname="src/components/AttachmentsSection.test.tsx" name="AttachmentsSection — storage configured &gt; renders a delete button for each attachment" time="0.010360041">
        </testcase>
        <testcase classname="src/components/AttachmentsSection.test.tsx" name="AttachmentsSection — delete confirmation dialog &gt; opens the confirmation dialog when delete is clicked" time="0.013190916">
        </testcase>
        <testcase classname="src/components/AttachmentsSection.test.tsx" name="AttachmentsSection — delete confirmation dialog &gt; closes the dialog on cancel" time="0.01590575">
        </testcase>
        <testcase classname="src/components/AttachmentsSection.test.tsx" name="AttachmentsSection — delete confirmation dialog &gt; removes the row and closes the dialog after confirmed delete" time="0.0218365">
        </testcase>
        <testcase classname="src/components/AttachmentsSection.test.tsx" name="AttachmentsSection — upload validation &gt; shows an error for oversized files before upload" time="0.024342042">
        </testcase>
        <testcase classname="src/components/AttachmentsSection.test.tsx" name="AttachmentsSection — upload validation &gt; shows a storage-cap error when the server returns STORAGE_CAP_EXCEEDED" time="0.017951375">
        </testcase>
        <testcase classname="src/components/AttachmentsSection.test.tsx" name="AttachmentsSection — upload validation &gt; shows a file-type error when the server returns VALIDATION_ERROR" time="0.018932333">
        </testcase>
        <testcase classname="src/components/AttachmentsSection.test.tsx" name="AttachmentsSection — upload validation &gt; shows a generic upload error for unexpected server errors" time="0.014265084">
        </testcase>
        <testcase classname="src/components/AttachmentsSection.test.tsx" name="AttachmentsSection — upload validation &gt; sets isDragging when a file is dragged over the upload zone" time="0.007366875">
        </testcase>
        <testcase classname="src/components/AttachmentsSection.test.tsx" name="AttachmentsSection — upload validation &gt; clears isDragging when a drag leaves the upload zone" time="0.014379416">
        </testcase>
        <testcase classname="src/components/AttachmentsSection.test.tsx" name="AttachmentsSection — delete error &gt; shows a delete error message when the delete mutation fails" time="0.024534667">
        </testcase>
        <testcase classname="src/components/AttachmentsSection.test.tsx" name="AttachmentsSection — file size formatting &gt; displays bytes for very small attachments" time="0.015670833">
        </testcase>
        <testcase classname="src/components/AttachmentsSection.test.tsx" name="AttachmentsSection — file size formatting &gt; displays KB for sub-megabyte attachments" time="0.00812925">
        </testcase>
        <testcase classname="src/components/AttachmentsSection.test.tsx" name="AttachmentsSection — file size formatting &gt; displays MB for large attachments" time="0.009134958">
        </testcase>
    </testsuite>
    <testsuite name="src/components/BulkActionBar.test.tsx" timestamp="2026-05-14T02:22:34.089Z" hostname="Lucindas-MacBook-Pro.local" tests="8" failures="0" errors="0" skipped="0" time="0.19268">
        <testcase classname="src/components/BulkActionBar.test.tsx" name="BulkActionBar &gt; renders nothing when selectedCount is 0" time="0.030167958">
            <system-err>
⚠️ React Router Future Flag Warning: React Router will begin wrapping state updates in `React.startTransition` in v7. You can use the `v7_startTransition` future flag to opt-in early. For more information, see https://reactrouter.com/v6/upgrading/future#v7_starttransition.
⚠️ React Router Future Flag Warning: Relative route resolution within Splat routes is changing in v7. You can use the `v7_relativeSplatPath` future flag to opt-in early. For more information, see https://reactrouter.com/v6/upgrading/future#v7_relativesplatpath.

            </system-err>
        </testcase>
        <testcase classname="src/components/BulkActionBar.test.tsx" name="BulkActionBar &gt; renders the bar when selectedCount is greater than 0" time="0.022359959">
        </testcase>
        <testcase classname="src/components/BulkActionBar.test.tsx" name="BulkActionBar &gt; displays the selected count" time="0.005143541">
        </testcase>
        <testcase classname="src/components/BulkActionBar.test.tsx" name="BulkActionBar &gt; renders all provided action buttons" time="0.008417542">
        </testcase>
        <testcase classname="src/components/BulkActionBar.test.tsx" name="BulkActionBar &gt; calls onAction with the correct key when an action button is clicked" time="0.112532875">
        </testcase>
        <testcase classname="src/components/BulkActionBar.test.tsx" name="BulkActionBar &gt; calls onClearSelection when clear button is clicked" time="0.003174708">
        </testcase>
        <testcase classname="src/components/BulkActionBar.test.tsx" name="BulkActionBar &gt; uses &quot;secondary&quot; variant by default when no variant is specified" time="0.001973792">
        </testcase>
        <testcase classname="src/components/BulkActionBar.test.tsx" name="BulkActionBar &gt; hides the bar when selectedCount drops back to 0" time="0.002391792">
        </testcase>
    </testsuite>
    <testsuite name="src/components/BulkChangeStageModal.test.tsx" timestamp="2026-05-14T02:22:34.089Z" hostname="Lucindas-MacBook-Pro.local" tests="10" failures="0" errors="0" skipped="0" time="0.129210167">
        <testcase classname="src/components/BulkChangeStageModal.test.tsx" name="BulkChangeStageModal &gt; does not render when isOpen is false" time="0.028092792">
            <system-err>
⚠️ React Router Future Flag Warning: React Router will begin wrapping state updates in `React.startTransition` in v7. You can use the `v7_startTransition` future flag to opt-in early. For more information, see https://reactrouter.com/v6/upgrading/future#v7_starttransition.
⚠️ React Router Future Flag Warning: Relative route resolution within Splat routes is changing in v7. You can use the `v7_relativeSplatPath` future flag to opt-in early. For more information, see https://reactrouter.com/v6/upgrading/future#v7_relativesplatpath.

            </system-err>
        </testcase>
        <testcase classname="src/components/BulkChangeStageModal.test.tsx" name="BulkChangeStageModal &gt; renders the modal with stage select when isOpen is true" time="0.009887958">
        </testcase>
        <testcase classname="src/components/BulkChangeStageModal.test.tsx" name="BulkChangeStageModal &gt; confirm button is disabled when no stage is selected" time="0.006006458">
        </testcase>
        <testcase classname="src/components/BulkChangeStageModal.test.tsx" name="BulkChangeStageModal &gt; calls onConfirm with the selected stage name when confirmed" time="0.009133792">
        </testcase>
        <testcase classname="src/components/BulkChangeStageModal.test.tsx" name="BulkChangeStageModal &gt; calls onCancel when the cancel button is clicked" time="0.007096167">
        </testcase>
        <testcase classname="src/components/BulkChangeStageModal.test.tsx" name="BulkChangeStageModal &gt; calls onCancel when the backdrop is clicked" time="0.005046166">
        </testcase>
        <testcase classname="src/components/BulkChangeStageModal.test.tsx" name="BulkChangeStageModal &gt; calls onCancel when Escape key is pressed" time="0.021815458">
        </testcase>
        <testcase classname="src/components/BulkChangeStageModal.test.tsx" name="BulkChangeStageModal &gt; disables buttons and select when isPending is true" time="0.007895666">
        </testcase>
        <testcase classname="src/components/BulkChangeStageModal.test.tsx" name="BulkChangeStageModal &gt; does not call onCancel when Escape pressed while isPending" time="0.020883667">
        </testcase>
        <testcase classname="src/components/BulkChangeStageModal.test.tsx" name="BulkChangeStageModal &gt; does not call onCancel when backdrop clicked while isPending" time="0.005374084">
        </testcase>
    </testsuite>
    <testsuite name="src/components/BulkReassignModal.test.tsx" timestamp="2026-05-14T02:22:34.090Z" hostname="Lucindas-MacBook-Pro.local" tests="10" failures="0" errors="0" skipped="0" time="0.124305708">
        <testcase classname="src/components/BulkReassignModal.test.tsx" name="BulkReassignModal &gt; does not render when isOpen is false" time="0.031926">
            <system-err>
⚠️ React Router Future Flag Warning: React Router will begin wrapping state updates in `React.startTransition` in v7. You can use the `v7_startTransition` future flag to opt-in early. For more information, see https://reactrouter.com/v6/upgrading/future#v7_starttransition.
⚠️ React Router Future Flag Warning: Relative route resolution within Splat routes is changing in v7. You can use the `v7_relativeSplatPath` future flag to opt-in early. For more information, see https://reactrouter.com/v6/upgrading/future#v7_relativesplatpath.

            </system-err>
        </testcase>
        <testcase classname="src/components/BulkReassignModal.test.tsx" name="BulkReassignModal &gt; renders the modal with owner select when isOpen is true" time="0.011379292">
        </testcase>
        <testcase classname="src/components/BulkReassignModal.test.tsx" name="BulkReassignModal &gt; confirm button is disabled when no owner is selected" time="0.004714084">
        </testcase>
        <testcase classname="src/components/BulkReassignModal.test.tsx" name="BulkReassignModal &gt; calls onConfirm with the selected owner_id when confirmed" time="0.012595541">
        </testcase>
        <testcase classname="src/components/BulkReassignModal.test.tsx" name="BulkReassignModal &gt; calls onCancel when the cancel button is clicked" time="0.00770825">
        </testcase>
        <testcase classname="src/components/BulkReassignModal.test.tsx" name="BulkReassignModal &gt; calls onCancel when the backdrop is clicked" time="0.005371375">
        </testcase>
        <testcase classname="src/components/BulkReassignModal.test.tsx" name="BulkReassignModal &gt; calls onCancel when Escape key is pressed" time="0.0146375">
        </testcase>
        <testcase classname="src/components/BulkReassignModal.test.tsx" name="BulkReassignModal &gt; disables buttons and select when isPending is true" time="0.004920125">
        </testcase>
        <testcase classname="src/components/BulkReassignModal.test.tsx" name="BulkReassignModal &gt; does not call onCancel when Escape pressed while isPending" time="0.004880458">
        </testcase>
        <testcase classname="src/components/BulkReassignModal.test.tsx" name="BulkReassignModal &gt; does not call onCancel when backdrop clicked while isPending" time="0.004813125">
        </testcase>
    </testsuite>
    <testsuite name="src/components/ChangeHistory.test.tsx" timestamp="2026-05-14T02:22:34.090Z" hostname="Lucindas-MacBook-Pro.local" tests="26" failures="0" errors="0" skipped="0" time="0.414529583">
        <testcase classname="src/components/ChangeHistory.test.tsx" name="ChangeHistory &gt; shows loading state while fetching" time="0.038409042">
            <system-err>
⚠️ React Router Future Flag Warning: React Router will begin wrapping state updates in `React.startTransition` in v7. You can use the `v7_startTransition` future flag to opt-in early. For more information, see https://reactrouter.com/v6/upgrading/future#v7_starttransition.
⚠️ React Router Future Flag Warning: Relative route resolution within Splat routes is changing in v7. You can use the `v7_relativeSplatPath` future flag to opt-in early. For more information, see https://reactrouter.com/v6/upgrading/future#v7_relativesplatpath.

            </system-err>
        </testcase>
        <testcase classname="src/components/ChangeHistory.test.tsx" name="ChangeHistory &gt; shows empty state when there is no history" time="0.034082666">
        </testcase>
        <testcase classname="src/components/ChangeHistory.test.tsx" name="ChangeHistory &gt; renders history entries from the API" time="0.027329125">
        </testcase>
        <testcase classname="src/components/ChangeHistory.test.tsx" name="ChangeHistory &gt; renders the timestamp element with data-testid" time="0.0103145">
        </testcase>
        <testcase classname="src/components/ChangeHistory.test.tsx" name="ChangeHistory &gt; shows &quot;Show all&quot; toggle when there are 20 or more preview entries" time="0.022933708">
        </testcase>
        <testcase classname="src/components/ChangeHistory.test.tsx" name="ChangeHistory &gt; does not show the toggle when there are fewer than 20 entries" time="0.012857166">
        </testcase>
        <testcase classname="src/components/ChangeHistory.test.tsx" name="ChangeHistory &gt; clicking &quot;Show all&quot; triggers the full history query" time="0.041238">
        </testcase>
        <testcase classname="src/components/ChangeHistory.test.tsx" name="ChangeHistory &gt; renders the section heading" time="0.002308292">
        </testcase>
        <testcase classname="src/components/ChangeHistory.test.tsx" name="ChangeHistory &gt; renders an updated entry summary with field name" time="0.012320958">
        </testcase>
        <testcase classname="src/components/ChangeHistory.test.tsx" name="ChangeHistory &gt; renders a deleted entry summary" time="0.027722875">
        </testcase>
        <testcase classname="src/components/ChangeHistory.test.tsx" name="ChangeHistory &gt; renders a login entry summary" time="0.010022959">
        </testcase>
        <testcase classname="src/components/ChangeHistory.test.tsx" name="ChangeHistory &gt; renders a logout entry summary" time="0.012717875">
        </testcase>
        <testcase classname="src/components/ChangeHistory.test.tsx" name="ChangeHistory &gt; renders a password_changed entry summary" time="0.016575375">
        </testcase>
        <testcase classname="src/components/ChangeHistory.test.tsx" name="ChangeHistory &gt; renders a role_changed entry summary" time="0.011925375">
        </testcase>
        <testcase classname="src/components/ChangeHistory.test.tsx" name="ChangeHistory &gt; renders a deactivated entry summary" time="0.006180458">
        </testcase>
        <testcase classname="src/components/ChangeHistory.test.tsx" name="ChangeHistory &gt; renders a reactivated entry summary" time="0.012006708">
        </testcase>
        <testcase classname="src/components/ChangeHistory.test.tsx" name="ChangeHistory &gt; renders an ownership_reassigned entry summary" time="0.006994458">
        </testcase>
        <testcase classname="src/components/ChangeHistory.test.tsx" name="ChangeHistory &gt; renders an unknown event_type with a default fallback summary" time="0.008028667">
        </testcase>
        <testcase classname="src/components/ChangeHistory.test.tsx" name="ChangeHistory &gt; renders an updated entry without field_name gracefully" time="0.014136166">
        </testcase>
        <testcase classname="src/components/ChangeHistory.test.tsx" name="ChangeHistory &gt; renders an entry for a null changed_by_name as Unknown" time="0.015194375">
        </testcase>
        <testcase classname="src/components/ChangeHistory.test.tsx" name="ChangeHistory &gt; shows &quot;just now&quot; for entries created less than 60 seconds ago" time="0.008391125">
        </testcase>
        <testcase classname="src/components/ChangeHistory.test.tsx" name="ChangeHistory &gt; shows a minutes-ago label for entries created 2 minutes ago" time="0.008758917">
        </testcase>
        <testcase classname="src/components/ChangeHistory.test.tsx" name="ChangeHistory &gt; shows an hours-ago label for entries created 3 hours ago" time="0.006059958">
        </testcase>
        <testcase classname="src/components/ChangeHistory.test.tsx" name="ChangeHistory &gt; shows a days-ago label for entries created 2 days ago" time="0.007223416">
        </testcase>
        <testcase classname="src/components/ChangeHistory.test.tsx" name="ChangeHistory &gt; falls back to a locale date string for entries older than 7 days" time="0.014450916">
        </testcase>
        <testcase classname="src/components/ChangeHistory.test.tsx" name="ChangeHistory &gt; shows the &quot;Show less&quot; label after &quot;Show all&quot; is clicked and data loads" time="0.021953292">
        </testcase>
    </testsuite>
    <testsuite name="src/components/CloseDealModal.test.tsx" timestamp="2026-05-14T02:22:34.091Z" hostname="Lucindas-MacBook-Pro.local" tests="10" failures="0" errors="0" skipped="0" time="0.096483041">
        <testcase classname="src/components/CloseDealModal.test.tsx" name="CloseDealModal &gt; does not render when isOpen is false" time="0.033445334">
            <system-err>
⚠️ React Router Future Flag Warning: React Router will begin wrapping state updates in `React.startTransition` in v7. You can use the `v7_startTransition` future flag to opt-in early. For more information, see https://reactrouter.com/v6/upgrading/future#v7_starttransition.
⚠️ React Router Future Flag Warning: Relative route resolution within Splat routes is changing in v7. You can use the `v7_relativeSplatPath` future flag to opt-in early. For more information, see https://reactrouter.com/v6/upgrading/future#v7_relativesplatpath.

            </system-err>
        </testcase>
        <testcase classname="src/components/CloseDealModal.test.tsx" name="CloseDealModal &gt; renders the modal for Closed Won without a loss reason field" time="0.009542917">
        </testcase>
        <testcase classname="src/components/CloseDealModal.test.tsx" name="CloseDealModal &gt; renders the modal for Closed Lost with a loss reason field" time="0.004934667">
        </testcase>
        <testcase classname="src/components/CloseDealModal.test.tsx" name="CloseDealModal &gt; pre-fills the close date with initialCloseDate" time="0.004827041">
        </testcase>
        <testcase classname="src/components/CloseDealModal.test.tsx" name="CloseDealModal &gt; calls onConfirm with date and empty reason for Closed Won" time="0.009343167">
        </testcase>
        <testcase classname="src/components/CloseDealModal.test.tsx" name="CloseDealModal &gt; calls onConfirm with date and loss reason for Closed Lost" time="0.006838458">
        </testcase>
        <testcase classname="src/components/CloseDealModal.test.tsx" name="CloseDealModal &gt; calls onCancel when cancel button is clicked" time="0.005329875">
        </testcase>
        <testcase classname="src/components/CloseDealModal.test.tsx" name="CloseDealModal &gt; disables confirm and cancel buttons when isSubmitting is true" time="0.004847208">
        </testcase>
        <testcase classname="src/components/CloseDealModal.test.tsx" name="CloseDealModal &gt; shows an error message when error prop is set" time="0.004673958">
        </testcase>
        <testcase classname="src/components/CloseDealModal.test.tsx" name="CloseDealModal &gt; date input has max attribute set to today to prevent future date selection (MINCRM-121)" time="0.005846417">
        </testcase>
    </testsuite>
    <testsuite name="src/components/ConfirmDeleteModal.test.tsx" timestamp="2026-05-14T02:22:34.092Z" hostname="Lucindas-MacBook-Pro.local" tests="10" failures="0" errors="0" skipped="0" time="0.116366875">
        <testcase classname="src/components/ConfirmDeleteModal.test.tsx" name="ConfirmDeleteModal &gt; does not render when isOpen is false" time="0.038573583">
            <system-err>
⚠️ React Router Future Flag Warning: React Router will begin wrapping state updates in `React.startTransition` in v7. You can use the `v7_startTransition` future flag to opt-in early. For more information, see https://reactrouter.com/v6/upgrading/future#v7_starttransition.
⚠️ React Router Future Flag Warning: Relative route resolution within Splat routes is changing in v7. You can use the `v7_relativeSplatPath` future flag to opt-in early. For more information, see https://reactrouter.com/v6/upgrading/future#v7_relativesplatpath.

            </system-err>
        </testcase>
        <testcase classname="src/components/ConfirmDeleteModal.test.tsx" name="ConfirmDeleteModal &gt; renders the modal with title and message when isOpen is true" time="0.010109542">
        </testcase>
        <testcase classname="src/components/ConfirmDeleteModal.test.tsx" name="ConfirmDeleteModal &gt; is a dialog element with aria-modal and aria-labelledby" time="0.004615209">
        </testcase>
        <testcase classname="src/components/ConfirmDeleteModal.test.tsx" name="ConfirmDeleteModal &gt; calls onConfirm when the delete button is clicked" time="0.007062">
        </testcase>
        <testcase classname="src/components/ConfirmDeleteModal.test.tsx" name="ConfirmDeleteModal &gt; calls onCancel when the cancel button is clicked" time="0.006621833">
        </testcase>
        <testcase classname="src/components/ConfirmDeleteModal.test.tsx" name="ConfirmDeleteModal &gt; calls onCancel when the backdrop is clicked" time="0.004714291">
        </testcase>
        <testcase classname="src/components/ConfirmDeleteModal.test.tsx" name="ConfirmDeleteModal &gt; calls onCancel when Escape key is pressed" time="0.0048965">
        </testcase>
        <testcase classname="src/components/ConfirmDeleteModal.test.tsx" name="ConfirmDeleteModal &gt; disables confirm and cancel buttons when isDeleting is true" time="0.014125875">
        </testcase>
        <testcase classname="src/components/ConfirmDeleteModal.test.tsx" name="ConfirmDeleteModal &gt; does not call onCancel when backdrop is clicked while isDeleting" time="0.005057583">
        </testcase>
        <testcase classname="src/components/ConfirmDeleteModal.test.tsx" name="ConfirmDeleteModal &gt; does not call onCancel when Escape pressed while isDeleting" time="0.0075765">
        </testcase>
    </testsuite>
    <testsuite name="src/components/ContactForm.test.tsx" timestamp="2026-05-14T02:22:34.092Z" hostname="Lucindas-MacBook-Pro.local" tests="26" failures="0" errors="0" skipped="0" time="0.759863209">
        <testcase classname="src/components/ContactForm.test.tsx" name="ContactForm &gt; field rendering &gt; renders all core fields" time="0.051854458">
            <system-err>
⚠️ React Router Future Flag Warning: React Router will begin wrapping state updates in `React.startTransition` in v7. You can use the `v7_startTransition` future flag to opt-in early. For more information, see https://reactrouter.com/v6/upgrading/future#v7_starttransition.
⚠️ React Router Future Flag Warning: Relative route resolution within Splat routes is changing in v7. You can use the `v7_relativeSplatPath` future flag to opt-in early. For more information, see https://reactrouter.com/v6/upgrading/future#v7_relativesplatpath.

            </system-err>
        </testcase>
        <testcase classname="src/components/ContactForm.test.tsx" name="ContactForm &gt; field rendering &gt; does not render owner selector when users prop is omitted" time="0.005951208">
        </testcase>
        <testcase classname="src/components/ContactForm.test.tsx" name="ContactForm &gt; field rendering &gt; renders owner selector when users prop is provided" time="0.005814125">
        </testcase>
        <testcase classname="src/components/ContactForm.test.tsx" name="ContactForm &gt; field rendering &gt; renders account options from accounts prop" time="0.0697635">
        </testcase>
        <testcase classname="src/components/ContactForm.test.tsx" name="ContactForm &gt; initialValues population &gt; pre-populates all fields from initialValues" time="0.007052292">
        </testcase>
        <testcase classname="src/components/ContactForm.test.tsx" name="ContactForm &gt; required-field validation &gt; first_name input is marked required" time="0.006209">
        </testcase>
        <testcase classname="src/components/ContactForm.test.tsx" name="ContactForm &gt; required-field validation &gt; last_name input is marked required" time="0.010790708">
        </testcase>
        <testcase classname="src/components/ContactForm.test.tsx" name="ContactForm &gt; required-field validation &gt; email input is marked required" time="0.00495975">
        </testcase>
        <testcase classname="src/components/ContactForm.test.tsx" name="ContactForm &gt; required-field validation &gt; does not call onSubmit when required fields are empty (user.click respects HTML5 required)" time="0.026366375">
        </testcase>
        <testcase classname="src/components/ContactForm.test.tsx" name="ContactForm &gt; email format validation &gt; email input has type=&quot;email&quot; for browser format enforcement" time="0.003762167">
        </testcase>
        <testcase classname="src/components/ContactForm.test.tsx" name="ContactForm &gt; onSubmit &gt; calls onSubmit with all form values when submitted" time="0.006703667">
        </testcase>
        <testcase classname="src/components/ContactForm.test.tsx" name="ContactForm &gt; cancel button &gt; calls onCancel when the Cancel button is clicked" time="0.020642917">
        </testcase>
        <testcase classname="src/components/ContactForm.test.tsx" name="ContactForm &gt; cancel button &gt; does not render Cancel button when onCancel is not provided" time="0.004816833">
        </testcase>
        <testcase classname="src/components/ContactForm.test.tsx" name="ContactForm &gt; isSubmitting state &gt; disables all inputs and shows saving label when isSubmitting is true" time="0.002865125">
        </testcase>
        <testcase classname="src/components/ContactForm.test.tsx" name="ContactForm &gt; error display &gt; renders the error message in an alert when error prop is set" time="0.006428541">
        </testcase>
        <testcase classname="src/components/ContactForm.test.tsx" name="ContactForm &gt; error display &gt; does not render an alert when error prop is absent" time="0.005177417">
        </testcase>
        <testcase classname="src/components/ContactForm.test.tsx" name="ContactForm &gt; emailWarning prop &gt; renders the email input regardless of emailWarning value" time="0.003556708">
        </testcase>
        <testcase classname="src/components/ContactForm.test.tsx" name="ContactForm &gt; social URL auto-prepend &gt; opens the social section when a social URL is pre-populated" time="0.003745917">
        </testcase>
        <testcase classname="src/components/ContactForm.test.tsx" name="ContactForm &gt; social URL auto-prepend &gt; toggles the social section open and closed" time="0.04626975">
        </testcase>
        <testcase classname="src/components/ContactForm.test.tsx" name="ContactForm &gt; social URL auto-prepend &gt; prepends https:// to linkedin_url on blur when no protocol present" time="0.107844375">
        </testcase>
        <testcase classname="src/components/ContactForm.test.tsx" name="ContactForm &gt; social URL auto-prepend &gt; does not modify a linkedin_url that already has https://" time="0.146257666">
        </testcase>
        <testcase classname="src/components/ContactForm.test.tsx" name="ContactForm &gt; social URL auto-prepend &gt; does not modify a twitter_x_url that already has http://" time="0.084427916">
        </testcase>
        <testcase classname="src/components/ContactForm.test.tsx" name="ContactForm &gt; social URL auto-prepend &gt; prepends https:// to other_url on blur" time="0.078869417">
        </testcase>
        <testcase classname="src/components/ContactForm.test.tsx" name="ContactForm &gt; social URL auto-prepend &gt; does not prepend https:// when the URL field is empty on blur" time="0.020001375">
        </testcase>
        <testcase classname="src/components/ContactForm.test.tsx" name="ContactForm &gt; hideActions prop &gt; hides Save and Cancel buttons when hideActions is true" time="0.003648875">
        </testcase>
        <testcase classname="src/components/ContactForm.test.tsx" name="ContactForm &gt; hideActions prop &gt; shows Save button by default" time="0.002418875">
        </testcase>
    </testsuite>
    <testsuite name="src/components/ContactSelector.test.tsx" timestamp="2026-05-14T02:22:34.093Z" hostname="Lucindas-MacBook-Pro.local" tests="10" failures="0" errors="0" skipped="0" time="1.020195083">
        <testcase classname="src/components/ContactSelector.test.tsx" name="ContactSelector &gt; shows none state when no contacts are selected" time="0.034092167">
            <system-err>
⚠️ React Router Future Flag Warning: React Router will begin wrapping state updates in `React.startTransition` in v7. You can use the `v7_startTransition` future flag to opt-in early. For more information, see https://reactrouter.com/v6/upgrading/future#v7_starttransition.
⚠️ React Router Future Flag Warning: Relative route resolution within Splat routes is changing in v7. You can use the `v7_relativeSplatPath` future flag to opt-in early. For more information, see https://reactrouter.com/v6/upgrading/future#v7_relativesplatpath.

            </system-err>
        </testcase>
        <testcase classname="src/components/ContactSelector.test.tsx" name="ContactSelector &gt; does not show none state when contacts are selected" time="0.020358083">
        </testcase>
        <testcase classname="src/components/ContactSelector.test.tsx" name="ContactSelector &gt; renders chips for selected contacts once fetched" time="0.012772292">
        </testcase>
        <testcase classname="src/components/ContactSelector.test.tsx" name="ContactSelector &gt; calls onChange without the contact when its chip remove button is clicked" time="0.012044708">
        </testcase>
        <testcase classname="src/components/ContactSelector.test.tsx" name="ContactSelector &gt; shows search input when not disabled" time="0.0024765">
        </testcase>
        <testcase classname="src/components/ContactSelector.test.tsx" name="ContactSelector &gt; hides search input and remove buttons in disabled mode" time="0.002407333">
        </testcase>
        <testcase classname="src/components/ContactSelector.test.tsx" name="ContactSelector &gt; shows search results dropdown after typing a query" time="0.307051125">
        </testcase>
        <testcase classname="src/components/ContactSelector.test.tsx" name="ContactSelector &gt; shows no-results state when search returns empty" time="0.310187958">
        </testcase>
        <testcase classname="src/components/ContactSelector.test.tsx" name="ContactSelector &gt; calls onChange with added contact when a search result is clicked" time="0.311088542">
        </testcase>
        <testcase classname="src/components/ContactSelector.test.tsx" name="ContactSelector &gt; does not add the same contact twice" time="0.005203083">
        </testcase>
    </testsuite>
    <testsuite name="src/components/ConvertLeadModal.test.tsx" timestamp="2026-05-14T02:22:34.094Z" hostname="Lucindas-MacBook-Pro.local" tests="18" failures="0" errors="0" skipped="0" time="1.019194041">
        <testcase classname="src/components/ConvertLeadModal.test.tsx" name="ConvertLeadModal &gt; prefilled values from lead prop &gt; prefills contact first name and email from lead" time="0.040465708">
            <system-err>
⚠️ React Router Future Flag Warning: React Router will begin wrapping state updates in `React.startTransition` in v7. You can use the `v7_startTransition` future flag to opt-in early. For more information, see https://reactrouter.com/v6/upgrading/future#v7_starttransition.
⚠️ React Router Future Flag Warning: Relative route resolution within Splat routes is changing in v7. You can use the `v7_relativeSplatPath` future flag to opt-in early. For more information, see https://reactrouter.com/v6/upgrading/future#v7_relativesplatpath.
Warning: An update to ConvertLeadModal inside a test was not wrapped in act(...).

When testing, code that causes React state updates should be wrapped into act(...):

act(() =&gt; {
  /* fire events that update state */
});
/* assert on the output */

This ensures that you&apos;re testing the behavior the user would see in the browser. Learn more at https://reactjs.org/link/wrap-tests-with-act
    at ConvertLeadModal (/Users/rob/dev/minicrm/client/src/components/ConvertLeadModal.tsx:29:29)
    at NavLayoutProvider (/Users/rob/dev/minicrm/client/src/components/NavLayoutContext.tsx:25:30)
    at BrandingProvider (/Users/rob/dev/minicrm/client/src/context/BrandingContext.tsx:90:29)
    at BreakpointProvider (/Users/rob/dev/minicrm/client/src/context/BreakpointContext.tsx:28:31)
    at Router (/Users/rob/dev/minicrm/client/node_modules/react-router/dist/umd/react-router.development.js:1207:17)
    at MemoryRouter (/Users/rob/dev/minicrm/client/node_modules/react-router/dist/umd/react-router.development.js:1101:7)
    at QueryClientProvider (file:///Users/rob/dev/minicrm/client/node_modules/@tanstack/react-query/build/modern/QueryClientProvider.js:20:3)
Warning: An update to ConvertLeadModal inside a test was not wrapped in act(...).

When testing, code that causes React state updates should be wrapped into act(...):

act(() =&gt; {
  /* fire events that update state */
});
/* assert on the output */

This ensures that you&apos;re testing the behavior the user would see in the browser. Learn more at https://reactjs.org/link/wrap-tests-with-act
    at ConvertLeadModal (/Users/rob/dev/minicrm/client/src/components/ConvertLeadModal.tsx:29:29)
    at NavLayoutProvider (/Users/rob/dev/minicrm/client/src/components/NavLayoutContext.tsx:25:30)
    at BrandingProvider (/Users/rob/dev/minicrm/client/src/context/BrandingContext.tsx:90:29)
    at BreakpointProvider (/Users/rob/dev/minicrm/client/src/context/BreakpointContext.tsx:28:31)
    at Router (/Users/rob/dev/minicrm/client/node_modules/react-router/dist/umd/react-router.development.js:1207:17)
    at MemoryRouter (/Users/rob/dev/minicrm/client/node_modules/react-router/dist/umd/react-router.development.js:1101:7)
    at QueryClientProvider (file:///Users/rob/dev/minicrm/client/node_modules/@tanstack/react-query/build/modern/QueryClientProvider.js:20:3)

            </system-err>
        </testcase>
        <testcase classname="src/components/ConvertLeadModal.test.tsx" name="ConvertLeadModal &gt; prefilled values from lead prop &gt; prefills contact last name and phone from lead" time="0.007078375">
            <system-err>
Warning: An update to ConvertLeadModal inside a test was not wrapped in act(...).

When testing, code that causes React state updates should be wrapped into act(...):

act(() =&gt; {
  /* fire events that update state */
});
/* assert on the output */

This ensures that you&apos;re testing the behavior the user would see in the browser. Learn more at https://reactjs.org/link/wrap-tests-with-act
    at ConvertLeadModal (/Users/rob/dev/minicrm/client/src/components/ConvertLeadModal.tsx:29:29)
    at NavLayoutProvider (/Users/rob/dev/minicrm/client/src/components/NavLayoutContext.tsx:25:30)
    at BrandingProvider (/Users/rob/dev/minicrm/client/src/context/BrandingContext.tsx:90:29)
    at BreakpointProvider (/Users/rob/dev/minicrm/client/src/context/BreakpointContext.tsx:28:31)
    at Router (/Users/rob/dev/minicrm/client/node_modules/react-router/dist/umd/react-router.development.js:1207:17)
    at MemoryRouter (/Users/rob/dev/minicrm/client/node_modules/react-router/dist/umd/react-router.development.js:1101:7)
    at QueryClientProvider (file:///Users/rob/dev/minicrm/client/node_modules/@tanstack/react-query/build/modern/QueryClientProvider.js:20:3)
Warning: An update to ConvertLeadModal inside a test was not wrapped in act(...).

When testing, code that causes React state updates should be wrapped into act(...):

act(() =&gt; {
  /* fire events that update state */
});
/* assert on the output */

This ensures that you&apos;re testing the behavior the user would see in the browser. Learn more at https://reactjs.org/link/wrap-tests-with-act
    at ConvertLeadModal (/Users/rob/dev/minicrm/client/src/components/ConvertLeadModal.tsx:29:29)
    at NavLayoutProvider (/Users/rob/dev/minicrm/client/src/components/NavLayoutContext.tsx:25:30)
    at BrandingProvider (/Users/rob/dev/minicrm/client/src/context/BrandingContext.tsx:90:29)
    at BreakpointProvider (/Users/rob/dev/minicrm/client/src/context/BreakpointContext.tsx:28:31)
    at Router (/Users/rob/dev/minicrm/client/node_modules/react-router/dist/umd/react-router.development.js:1207:17)
    at MemoryRouter (/Users/rob/dev/minicrm/client/node_modules/react-router/dist/umd/react-router.development.js:1101:7)
    at QueryClientProvider (file:///Users/rob/dev/minicrm/client/node_modules/@tanstack/react-query/build/modern/QueryClientProvider.js:20:3)

            </system-err>
        </testcase>
        <testcase classname="src/components/ConvertLeadModal.test.tsx" name="ConvertLeadModal &gt; prefilled values from lead prop &gt; prefills account name from lead company_name" time="0.00611275">
            <system-err>
Warning: An update to ConvertLeadModal inside a test was not wrapped in act(...).

When testing, code that causes React state updates should be wrapped into act(...):

act(() =&gt; {
  /* fire events that update state */
});
/* assert on the output */

This ensures that you&apos;re testing the behavior the user would see in the browser. Learn more at https://reactjs.org/link/wrap-tests-with-act
    at ConvertLeadModal (/Users/rob/dev/minicrm/client/src/components/ConvertLeadModal.tsx:29:29)
    at NavLayoutProvider (/Users/rob/dev/minicrm/client/src/components/NavLayoutContext.tsx:25:30)
    at BrandingProvider (/Users/rob/dev/minicrm/client/src/context/BrandingContext.tsx:90:29)
    at BreakpointProvider (/Users/rob/dev/minicrm/client/src/context/BreakpointContext.tsx:28:31)
    at Router (/Users/rob/dev/minicrm/client/node_modules/react-router/dist/umd/react-router.development.js:1207:17)
    at MemoryRouter (/Users/rob/dev/minicrm/client/node_modules/react-router/dist/umd/react-router.development.js:1101:7)
    at QueryClientProvider (file:///Users/rob/dev/minicrm/client/node_modules/@tanstack/react-query/build/modern/QueryClientProvider.js:20:3)
Warning: An update to ConvertLeadModal inside a test was not wrapped in act(...).

When testing, code that causes React state updates should be wrapped into act(...):

act(() =&gt; {
  /* fire events that update state */
});
/* assert on the output */

This ensures that you&apos;re testing the behavior the user would see in the browser. Learn more at https://reactjs.org/link/wrap-tests-with-act
    at ConvertLeadModal (/Users/rob/dev/minicrm/client/src/components/ConvertLeadModal.tsx:29:29)
    at NavLayoutProvider (/Users/rob/dev/minicrm/client/src/components/NavLayoutContext.tsx:25:30)
    at BrandingProvider (/Users/rob/dev/minicrm/client/src/context/BrandingContext.tsx:90:29)
    at BreakpointProvider (/Users/rob/dev/minicrm/client/src/context/BreakpointContext.tsx:28:31)
    at Router (/Users/rob/dev/minicrm/client/node_modules/react-router/dist/umd/react-router.development.js:1207:17)
    at MemoryRouter (/Users/rob/dev/minicrm/client/node_modules/react-router/dist/umd/react-router.development.js:1101:7)
    at QueryClientProvider (file:///Users/rob/dev/minicrm/client/node_modules/@tanstack/react-query/build/modern/QueryClientProvider.js:20:3)

            </system-err>
        </testcase>
        <testcase classname="src/components/ConvertLeadModal.test.tsx" name="ConvertLeadModal &gt; prefilled values from lead prop &gt; renders a deal name field that includes the company name suffix" time="0.008638">
            <system-err>
Warning: An update to ConvertLeadModal inside a test was not wrapped in act(...).

When testing, code that causes React state updates should be wrapped into act(...):

act(() =&gt; {
  /* fire events that update state */
});
/* assert on the output */

This ensures that you&apos;re testing the behavior the user would see in the browser. Learn more at https://reactjs.org/link/wrap-tests-with-act
    at ConvertLeadModal (/Users/rob/dev/minicrm/client/src/components/ConvertLeadModal.tsx:29:29)
    at NavLayoutProvider (/Users/rob/dev/minicrm/client/src/components/NavLayoutContext.tsx:25:30)
    at BrandingProvider (/Users/rob/dev/minicrm/client/src/context/BrandingContext.tsx:90:29)
    at BreakpointProvider (/Users/rob/dev/minicrm/client/src/context/BreakpointContext.tsx:28:31)
    at Router (/Users/rob/dev/minicrm/client/node_modules/react-router/dist/umd/react-router.development.js:1207:17)
    at MemoryRouter (/Users/rob/dev/minicrm/client/node_modules/react-router/dist/umd/react-router.development.js:1101:7)
    at QueryClientProvider (file:///Users/rob/dev/minicrm/client/node_modules/@tanstack/react-query/build/modern/QueryClientProvider.js:20:3)
Warning: An update to ConvertLeadModal inside a test was not wrapped in act(...).

When testing, code that causes React state updates should be wrapped into act(...):

act(() =&gt; {
  /* fire events that update state */
});
/* assert on the output */

This ensures that you&apos;re testing the behavior the user would see in the browser. Learn more at https://reactjs.org/link/wrap-tests-with-act
    at ConvertLeadModal (/Users/rob/dev/minicrm/client/src/components/ConvertLeadModal.tsx:29:29)
    at NavLayoutProvider (/Users/rob/dev/minicrm/client/src/components/NavLayoutContext.tsx:25:30)
    at BrandingProvider (/Users/rob/dev/minicrm/client/src/context/BrandingContext.tsx:90:29)
    at BreakpointProvider (/Users/rob/dev/minicrm/client/src/context/BreakpointContext.tsx:28:31)
    at Router (/Users/rob/dev/minicrm/client/node_modules/react-router/dist/umd/react-router.development.js:1207:17)
    at MemoryRouter (/Users/rob/dev/minicrm/client/node_modules/react-router/dist/umd/react-router.development.js:1101:7)
    at QueryClientProvider (file:///Users/rob/dev/minicrm/client/node_modules/@tanstack/react-query/build/modern/QueryClientProvider.js:20:3)

            </system-err>
        </testcase>
        <testcase classname="src/components/ConvertLeadModal.test.tsx" name="ConvertLeadModal &gt; account mode toggle &gt; defaults to &quot;Create&quot; mode with an account name input" time="0.007065958">
            <system-err>
Warning: An update to ConvertLeadModal inside a test was not wrapped in act(...).

When testing, code that causes React state updates should be wrapped into act(...):

act(() =&gt; {
  /* fire events that update state */
});
/* assert on the output */

This ensures that you&apos;re testing the behavior the user would see in the browser. Learn more at https://reactjs.org/link/wrap-tests-with-act
    at ConvertLeadModal (/Users/rob/dev/minicrm/client/src/components/ConvertLeadModal.tsx:29:29)
    at NavLayoutProvider (/Users/rob/dev/minicrm/client/src/components/NavLayoutContext.tsx:25:30)
    at BrandingProvider (/Users/rob/dev/minicrm/client/src/context/BrandingContext.tsx:90:29)
    at BreakpointProvider (/Users/rob/dev/minicrm/client/src/context/BreakpointContext.tsx:28:31)
    at Router (/Users/rob/dev/minicrm/client/node_modules/react-router/dist/umd/react-router.development.js:1207:17)
    at MemoryRouter (/Users/rob/dev/minicrm/client/node_modules/react-router/dist/umd/react-router.development.js:1101:7)
    at QueryClientProvider (file:///Users/rob/dev/minicrm/client/node_modules/@tanstack/react-query/build/modern/QueryClientProvider.js:20:3)
Warning: An update to ConvertLeadModal inside a test was not wrapped in act(...).

When testing, code that causes React state updates should be wrapped into act(...):

act(() =&gt; {
  /* fire events that update state */
});
/* assert on the output */

This ensures that you&apos;re testing the behavior the user would see in the browser. Learn more at https://reactjs.org/link/wrap-tests-with-act
    at ConvertLeadModal (/Users/rob/dev/minicrm/client/src/components/ConvertLeadModal.tsx:29:29)
    at NavLayoutProvider (/Users/rob/dev/minicrm/client/src/components/NavLayoutContext.tsx:25:30)
    at BrandingProvider (/Users/rob/dev/minicrm/client/src/context/BrandingContext.tsx:90:29)
    at BreakpointProvider (/Users/rob/dev/minicrm/client/src/context/BreakpointContext.tsx:28:31)
    at Router (/Users/rob/dev/minicrm/client/node_modules/react-router/dist/umd/react-router.development.js:1207:17)
    at MemoryRouter (/Users/rob/dev/minicrm/client/node_modules/react-router/dist/umd/react-router.development.js:1101:7)
    at QueryClientProvider (file:///Users/rob/dev/minicrm/client/node_modules/@tanstack/react-query/build/modern/QueryClientProvider.js:20:3)

            </system-err>
        </testcase>
        <testcase classname="src/components/ConvertLeadModal.test.tsx" name="ConvertLeadModal &gt; account mode toggle &gt; switches to &quot;Link&quot; mode and shows the search input when Link button is clicked" time="0.07696725">
        </testcase>
        <testcase classname="src/components/ConvertLeadModal.test.tsx" name="ConvertLeadModal &gt; account mode toggle &gt; switches back to &quot;Create&quot; mode from Link mode" time="0.043331125">
        </testcase>
        <testcase classname="src/components/ConvertLeadModal.test.tsx" name="ConvertLeadModal &gt; account mode toggle &gt; shows account search results in Link mode after typing" time="0.3506005">
        </testcase>
        <testcase classname="src/components/ConvertLeadModal.test.tsx" name="ConvertLeadModal &gt; account mode toggle &gt; selects an account from search results in Link mode" time="0.361654083">
        </testcase>
        <testcase classname="src/components/ConvertLeadModal.test.tsx" name="ConvertLeadModal &gt; validation &gt; shows an error when Link mode is active but no account is selected" time="0.028777708">
        </testcase>
        <testcase classname="src/components/ConvertLeadModal.test.tsx" name="ConvertLeadModal &gt; validation &gt; shows an error when contact first name is cleared" time="0.007318542">
            <system-err>
Warning: An update to ConvertLeadModal inside a test was not wrapped in act(...).

When testing, code that causes React state updates should be wrapped into act(...):

act(() =&gt; {
  /* fire events that update state */
});
/* assert on the output */

This ensures that you&apos;re testing the behavior the user would see in the browser. Learn more at https://reactjs.org/link/wrap-tests-with-act
    at ConvertLeadModal (/Users/rob/dev/minicrm/client/src/components/ConvertLeadModal.tsx:29:29)
    at NavLayoutProvider (/Users/rob/dev/minicrm/client/src/components/NavLayoutContext.tsx:25:30)
    at BrandingProvider (/Users/rob/dev/minicrm/client/src/context/BrandingContext.tsx:90:29)
    at BreakpointProvider (/Users/rob/dev/minicrm/client/src/context/BreakpointContext.tsx:28:31)
    at Router (/Users/rob/dev/minicrm/client/node_modules/react-router/dist/umd/react-router.development.js:1207:17)
    at MemoryRouter (/Users/rob/dev/minicrm/client/node_modules/react-router/dist/umd/react-router.development.js:1101:7)
    at QueryClientProvider (file:///Users/rob/dev/minicrm/client/node_modules/@tanstack/react-query/build/modern/QueryClientProvider.js:20:3)
Warning: An update to ConvertLeadModal inside a test was not wrapped in act(...).

When testing, code that causes React state updates should be wrapped into act(...):

act(() =&gt; {
  /* fire events that update state */
});
/* assert on the output */

This ensures that you&apos;re testing the behavior the user would see in the browser. Learn more at https://reactjs.org/link/wrap-tests-with-act
    at ConvertLeadModal (/Users/rob/dev/minicrm/client/src/components/ConvertLeadModal.tsx:29:29)
    at NavLayoutProvider (/Users/rob/dev/minicrm/client/src/components/NavLayoutContext.tsx:25:30)
    at BrandingProvider (/Users/rob/dev/minicrm/client/src/context/BrandingContext.tsx:90:29)
    at BreakpointProvider (/Users/rob/dev/minicrm/client/src/context/BreakpointContext.tsx:28:31)
    at Router (/Users/rob/dev/minicrm/client/node_modules/react-router/dist/umd/react-router.development.js:1207:17)
    at MemoryRouter (/Users/rob/dev/minicrm/client/node_modules/react-router/dist/umd/react-router.development.js:1101:7)
    at QueryClientProvider (file:///Users/rob/dev/minicrm/client/node_modules/@tanstack/react-query/build/modern/QueryClientProvider.js:20:3)

            </system-err>
        </testcase>
        <testcase classname="src/components/ConvertLeadModal.test.tsx" name="ConvertLeadModal &gt; validation &gt; shows an error when deal name is cleared" time="0.007341875">
            <system-err>
Warning: An update to ConvertLeadModal inside a test was not wrapped in act(...).

When testing, code that causes React state updates should be wrapped into act(...):

act(() =&gt; {
  /* fire events that update state */
});
/* assert on the output */

This ensures that you&apos;re testing the behavior the user would see in the browser. Learn more at https://reactjs.org/link/wrap-tests-with-act
    at ConvertLeadModal (/Users/rob/dev/minicrm/client/src/components/ConvertLeadModal.tsx:29:29)
    at NavLayoutProvider (/Users/rob/dev/minicrm/client/src/components/NavLayoutContext.tsx:25:30)
    at BrandingProvider (/Users/rob/dev/minicrm/client/src/context/BrandingContext.tsx:90:29)
    at BreakpointProvider (/Users/rob/dev/minicrm/client/src/context/BreakpointContext.tsx:28:31)
    at Router (/Users/rob/dev/minicrm/client/node_modules/react-router/dist/umd/react-router.development.js:1207:17)
    at MemoryRouter (/Users/rob/dev/minicrm/client/node_modules/react-router/dist/umd/react-router.development.js:1101:7)
    at QueryClientProvider (file:///Users/rob/dev/minicrm/client/node_modules/@tanstack/react-query/build/modern/QueryClientProvider.js:20:3)
Warning: An update to ConvertLeadModal inside a test was not wrapped in act(...).

When testing, code that causes React state updates should be wrapped into act(...):

act(() =&gt; {
  /* fire events that update state */
});
/* assert on the output */

This ensures that you&apos;re testing the behavior the user would see in the browser. Learn more at https://reactjs.org/link/wrap-tests-with-act
    at ConvertLeadModal (/Users/rob/dev/minicrm/client/src/components/ConvertLeadModal.tsx:29:29)
    at NavLayoutProvider (/Users/rob/dev/minicrm/client/src/components/NavLayoutContext.tsx:25:30)
    at BrandingProvider (/Users/rob/dev/minicrm/client/src/context/BrandingContext.tsx:90:29)
    at BreakpointProvider (/Users/rob/dev/minicrm/client/src/context/BreakpointContext.tsx:28:31)
    at Router (/Users/rob/dev/minicrm/client/node_modules/react-router/dist/umd/react-router.development.js:1207:17)
    at MemoryRouter (/Users/rob/dev/minicrm/client/node_modules/react-router/dist/umd/react-router.development.js:1101:7)
    at QueryClientProvider (file:///Users/rob/dev/minicrm/client/node_modules/@tanstack/react-query/build/modern/QueryClientProvider.js:20:3)

            </system-err>
        </testcase>
        <testcase classname="src/components/ConvertLeadModal.test.tsx" name="ConvertLeadModal &gt; successful conversion &gt; calls onConverted with the conversion result on success" time="0.022194292">
        </testcase>
        <testcase classname="src/components/ConvertLeadModal.test.tsx" name="ConvertLeadModal &gt; close behaviour &gt; calls onClose when the X button is clicked" time="0.014144666">
        </testcase>
        <testcase classname="src/components/ConvertLeadModal.test.tsx" name="ConvertLeadModal &gt; close behaviour &gt; calls onClose when the Cancel button is clicked" time="0.013430209">
        </testcase>
        <testcase classname="src/components/ConvertLeadModal.test.tsx" name="ConvertLeadModal &gt; close behaviour &gt; calls onClose when Escape key is pressed" time="0.011565625">
        </testcase>
        <testcase classname="src/components/ConvertLeadModal.test.tsx" name="ConvertLeadModal &gt; dialog accessibility &gt; renders as a dialog with aria-modal" time="0.004900167">
            <system-err>
Warning: An update to ConvertLeadModal inside a test was not wrapped in act(...).

When testing, code that causes React state updates should be wrapped into act(...):

act(() =&gt; {
  /* fire events that update state */
});
/* assert on the output */

This ensures that you&apos;re testing the behavior the user would see in the browser. Learn more at https://reactjs.org/link/wrap-tests-with-act
    at ConvertLeadModal (/Users/rob/dev/minicrm/client/src/components/ConvertLeadModal.tsx:29:29)
    at NavLayoutProvider (/Users/rob/dev/minicrm/client/src/components/NavLayoutContext.tsx:25:30)
    at BrandingProvider (/Users/rob/dev/minicrm/client/src/context/BrandingContext.tsx:90:29)
    at BreakpointProvider (/Users/rob/dev/minicrm/client/src/context/BreakpointContext.tsx:28:31)
    at Router (/Users/rob/dev/minicrm/client/node_modules/react-router/dist/umd/react-router.development.js:1207:17)
    at MemoryRouter (/Users/rob/dev/minicrm/client/node_modules/react-router/dist/umd/react-router.development.js:1101:7)
    at QueryClientProvider (file:///Users/rob/dev/minicrm/client/node_modules/@tanstack/react-query/build/modern/QueryClientProvider.js:20:3)
Warning: An update to ConvertLeadModal inside a test was not wrapped in act(...).

When testing, code that causes React state updates should be wrapped into act(...):

act(() =&gt; {
  /* fire events that update state */
});
/* assert on the output */

This ensures that you&apos;re testing the behavior the user would see in the browser. Learn more at https://reactjs.org/link/wrap-tests-with-act
    at ConvertLeadModal (/Users/rob/dev/minicrm/client/src/components/ConvertLeadModal.tsx:29:29)
    at NavLayoutProvider (/Users/rob/dev/minicrm/client/src/components/NavLayoutContext.tsx:25:30)
    at BrandingProvider (/Users/rob/dev/minicrm/client/src/context/BrandingContext.tsx:90:29)
    at BreakpointProvider (/Users/rob/dev/minicrm/client/src/context/BreakpointContext.tsx:28:31)
    at Router (/Users/rob/dev/minicrm/client/node_modules/react-router/dist/umd/react-router.development.js:1207:17)
    at MemoryRouter (/Users/rob/dev/minicrm/client/node_modules/react-router/dist/umd/react-router.development.js:1101:7)
    at QueryClientProvider (file:///Users/rob/dev/minicrm/client/node_modules/@tanstack/react-query/build/modern/QueryClientProvider.js:20:3)

            </system-err>
        </testcase>
        <testcase classname="src/components/ConvertLeadModal.test.tsx" name="ConvertLeadModal &gt; email format validation &gt; contact email input has type=&quot;email&quot; for browser format enforcement" time="0.002931833">
            <system-err>
Warning: An update to ConvertLeadModal inside a test was not wrapped in act(...).

When testing, code that causes React state updates should be wrapped into act(...):

act(() =&gt; {
  /* fire events that update state */
});
/* assert on the output */

This ensures that you&apos;re testing the behavior the user would see in the browser. Learn more at https://reactjs.org/link/wrap-tests-with-act
    at ConvertLeadModal (/Users/rob/dev/minicrm/client/src/components/ConvertLeadModal.tsx:29:29)
    at NavLayoutProvider (/Users/rob/dev/minicrm/client/src/components/NavLayoutContext.tsx:25:30)
    at BrandingProvider (/Users/rob/dev/minicrm/client/src/context/BrandingContext.tsx:90:29)
    at BreakpointProvider (/Users/rob/dev/minicrm/client/src/context/BreakpointContext.tsx:28:31)
    at Router (/Users/rob/dev/minicrm/client/node_modules/react-router/dist/umd/react-router.development.js:1207:17)
    at MemoryRouter (/Users/rob/dev/minicrm/client/node_modules/react-router/dist/umd/react-router.development.js:1101:7)
    at QueryClientProvider (file:///Users/rob/dev/minicrm/client/node_modules/@tanstack/react-query/build/modern/QueryClientProvider.js:20:3)
Warning: An update to ConvertLeadModal inside a test was not wrapped in act(...).

When testing, code that causes React state updates should be wrapped into act(...):

act(() =&gt; {
  /* fire events that update state */
});
/* assert on the output */

This ensures that you&apos;re testing the behavior the user would see in the browser. Learn more at https://reactjs.org/link/wrap-tests-with-act
    at ConvertLeadModal (/Users/rob/dev/minicrm/client/src/components/ConvertLeadModal.tsx:29:29)
    at NavLayoutProvider (/Users/rob/dev/minicrm/client/src/components/NavLayoutContext.tsx:25:30)
    at BrandingProvider (/Users/rob/dev/minicrm/client/src/context/BrandingContext.tsx:90:29)
    at BreakpointProvider (/Users/rob/dev/minicrm/client/src/context/BreakpointContext.tsx:28:31)
    at Router (/Users/rob/dev/minicrm/client/node_modules/react-router/dist/umd/react-router.development.js:1207:17)
    at MemoryRouter (/Users/rob/dev/minicrm/client/node_modules/react-router/dist/umd/react-router.development.js:1101:7)
    at QueryClientProvider (file:///Users/rob/dev/minicrm/client/node_modules/@tanstack/react-query/build/modern/QueryClientProvider.js:20:3)

            </system-err>
        </testcase>
    </testsuite>
    <testsuite name="src/components/CsvImporter.test.tsx" timestamp="2026-05-14T02:22:34.095Z" hostname="Lucindas-MacBook-Pro.local" tests="22" failures="0" errors="0" skipped="0" time="0.704230417">
        <testcase classname="src/components/CsvImporter.test.tsx" name="CsvImporter &gt; file selection — step 1 &gt; renders the drop zone initially" time="0.032230417">
            <system-err>
⚠️ React Router Future Flag Warning: React Router will begin wrapping state updates in `React.startTransition` in v7. You can use the `v7_startTransition` future flag to opt-in early. For more information, see https://reactrouter.com/v6/upgrading/future#v7_starttransition.
⚠️ React Router Future Flag Warning: Relative route resolution within Splat routes is changing in v7. You can use the `v7_relativeSplatPath` future flag to opt-in early. For more information, see https://reactrouter.com/v6/upgrading/future#v7_relativesplatpath.

            </system-err>
        </testcase>
        <testcase classname="src/components/CsvImporter.test.tsx" name="CsvImporter &gt; file selection — step 1 &gt; shows an error when a non-CSV file is selected" time="0.017785375">
        </testcase>
        <testcase classname="src/components/CsvImporter.test.tsx" name="CsvImporter &gt; file selection — step 1 &gt; shows an error when a file exceeds 10 MB" time="0.07406225">
        </testcase>
        <testcase classname="src/components/CsvImporter.test.tsx" name="CsvImporter &gt; file selection — step 1 &gt; transitions to the mapping step after a valid CSV is uploaded" time="0.025020375">
        </testcase>
        <testcase classname="src/components/CsvImporter.test.tsx" name="CsvImporter &gt; file selection — step 1 &gt; shows a parse error when the server rejects the CSV" time="0.017538459">
        </testcase>
        <testcase classname="src/components/CsvImporter.test.tsx" name="CsvImporter &gt; column mapping — step 2 &gt; renders mapping dropdowns for each CRM field" time="0.017604625">
        </testcase>
        <testcase classname="src/components/CsvImporter.test.tsx" name="CsvImporter &gt; column mapping — step 2 &gt; Preview button is disabled when required fields are not mapped" time="0.023421542">
        </testcase>
        <testcase classname="src/components/CsvImporter.test.tsx" name="CsvImporter &gt; column mapping — step 2 &gt; clicking Back resets to file select step" time="0.030242959">
        </testcase>
        <testcase classname="src/components/CsvImporter.test.tsx" name="CsvImporter &gt; preview — step 3 &gt; shows the preview table with at least one row" time="0.032593833">
        </testcase>
        <testcase classname="src/components/CsvImporter.test.tsx" name="CsvImporter &gt; preview — step 3 &gt; shows the Import button" time="0.028533917">
        </testcase>
        <testcase classname="src/components/CsvImporter.test.tsx" name="CsvImporter &gt; import run — step 4 &gt; shows the running state (spinner) after clicking Import" time="0.04335525">
        </testcase>
        <testcase classname="src/components/CsvImporter.test.tsx" name="CsvImporter &gt; import run — step 4 &gt; shows the summary screen after the job completes" time="0.043684125">
        </testcase>
        <testcase classname="src/components/CsvImporter.test.tsx" name="CsvImporter &gt; import run — step 4 &gt; shows created/skipped/failed counts in summary" time="0.046547458">
        </testcase>
        <testcase classname="src/components/CsvImporter.test.tsx" name="CsvImporter &gt; import run — step 4 &gt; shows the download errors button when the job has failures and error_csv" time="0.039355833">
        </testcase>
        <testcase classname="src/components/CsvImporter.test.tsx" name="CsvImporter &gt; import run — step 4 &gt; does not show the download errors button when there are no failures" time="0.042670917">
        </testcase>
        <testcase classname="src/components/CsvImporter.test.tsx" name="CsvImporter &gt; import run — step 4 &gt; shows a run error and returns to preview when the POST /run fails" time="0.037429833">
        </testcase>
        <testcase classname="src/components/CsvImporter.test.tsx" name="CsvImporter &gt; import run — step 4 &gt; shows failed job summary when status is failed" time="0.0368695">
        </testcase>
        <testcase classname="src/components/CsvImporter.test.tsx" name="CsvImporter &gt; summary — step 5 &gt; clicking Import Again resets to file select" time="0.047815709">
        </testcase>
        <testcase classname="src/components/CsvImporter.test.tsx" name="CsvImporter &gt; entity variants &gt; renders for accounts entity" time="0.001814417">
        </testcase>
        <testcase classname="src/components/CsvImporter.test.tsx" name="CsvImporter &gt; entity variants &gt; renders for deals entity" time="0.001543458">
        </testcase>
        <testcase classname="src/components/CsvImporter.test.tsx" name="CsvImporter &gt; entity variants &gt; renders option checkboxes when options are provided" time="0.015146333">
        </testcase>
        <testcase classname="src/components/CsvImporter.test.tsx" name="CsvImporter &gt; entity variants &gt; handleReset restores option checkboxes to their default values" time="0.045389417">
        </testcase>
    </testsuite>
    <testsuite name="src/components/CustomFieldsSection.test.tsx" timestamp="2026-05-14T02:22:34.096Z" hostname="Lucindas-MacBook-Pro.local" tests="16" failures="0" errors="0" skipped="0" time="0.411933375">
        <testcase classname="src/components/CustomFieldsSection.test.tsx" name="CustomFieldsSection — read mode &gt; is hidden when there are no definitions" time="0.116709">
            <system-err>
⚠️ React Router Future Flag Warning: React Router will begin wrapping state updates in `React.startTransition` in v7. You can use the `v7_startTransition` future flag to opt-in early. For more information, see https://reactrouter.com/v6/upgrading/future#v7_starttransition.
⚠️ React Router Future Flag Warning: Relative route resolution within Splat routes is changing in v7. You can use the `v7_relativeSplatPath` future flag to opt-in early. For more information, see https://reactrouter.com/v6/upgrading/future#v7_relativesplatpath.

            </system-err>
        </testcase>
        <testcase classname="src/components/CustomFieldsSection.test.tsx" name="CustomFieldsSection — read mode &gt; is hidden when definitions exist but all values are empty" time="0.0169285">
        </testcase>
        <testcase classname="src/components/CustomFieldsSection.test.tsx" name="CustomFieldsSection — read mode &gt; renders the read grid with field values when data is present" time="0.031760875">
        </testcase>
        <testcase classname="src/components/CustomFieldsSection.test.tsx" name="CustomFieldsSection — edit mode &gt; is hidden when there are no definitions" time="0.014897208">
        </testcase>
        <testcase classname="src/components/CustomFieldsSection.test.tsx" name="CustomFieldsSection — edit mode &gt; renders a text input for a text field" time="0.01550325">
        </testcase>
        <testcase classname="src/components/CustomFieldsSection.test.tsx" name="CustomFieldsSection — edit mode &gt; renders a number input for a number field" time="0.013313042">
        </testcase>
        <testcase classname="src/components/CustomFieldsSection.test.tsx" name="CustomFieldsSection — edit mode &gt; renders a date input for a date field" time="0.009616334">
        </testcase>
        <testcase classname="src/components/CustomFieldsSection.test.tsx" name="CustomFieldsSection — edit mode &gt; renders a checkbox for a boolean field" time="0.009596333">
        </testcase>
        <testcase classname="src/components/CustomFieldsSection.test.tsx" name="CustomFieldsSection — edit mode &gt; renders a select for a select field with its options" time="0.02348025">
        </testcase>
        <testcase classname="src/components/CustomFieldsSection.test.tsx" name="CustomFieldsSection — edit mode &gt; seeds the text input from the existing server value" time="0.016395125">
        </testcase>
        <testcase classname="src/components/CustomFieldsSection.test.tsx" name="CustomFieldsSection — edit mode &gt; calls onValuesChange with updated values when input changes" time="0.021723917">
        </testcase>
        <testcase classname="src/components/CustomFieldsSection.test.tsx" name="CustomFieldsSection — edit mode &gt; renders multiple fields in the edit grid" time="0.009404834">
        </testcase>
        <testcase classname="src/components/CustomFieldsSection.test.tsx" name="CustomFieldsSection — edit mode &gt; toggles a boolean checkbox from false to true" time="0.022887667">
        </testcase>
        <testcase classname="src/components/CustomFieldsSection.test.tsx" name="CustomFieldsSection — edit mode &gt; seeds a boolean field from a server &quot;true&quot; value" time="0.057456084">
        </testcase>
        <testcase classname="src/components/CustomFieldsSection.test.tsx" name="CustomFieldsSection — edit mode &gt; filters out empty-string values in read mode" time="0.014128583">
        </testcase>
        <testcase classname="src/components/CustomFieldsSection.test.tsx" name="CustomFieldsSection — edit mode &gt; renders a select with no options when options is null" time="0.008387042">
        </testcase>
    </testsuite>
    <testsuite name="src/components/DealCard.test.tsx" timestamp="2026-05-14T02:22:34.097Z" hostname="Lucindas-MacBook-Pro.local" tests="6" failures="0" errors="0" skipped="0" time="0.101431958">
        <testcase classname="src/components/DealCard.test.tsx" name="DealCard — drag-and-drop source (MINCRM-300) &gt; renders the card as draggable" time="0.052815917">
            <system-err>
⚠️ React Router Future Flag Warning: React Router will begin wrapping state updates in `React.startTransition` in v7. You can use the `v7_startTransition` future flag to opt-in early. For more information, see https://reactrouter.com/v6/upgrading/future#v7_starttransition.
⚠️ React Router Future Flag Warning: Relative route resolution within Splat routes is changing in v7. You can use the `v7_relativeSplatPath` future flag to opt-in early. For more information, see https://reactrouter.com/v6/upgrading/future#v7_relativesplatpath.

            </system-err>
        </testcase>
        <testcase classname="src/components/DealCard.test.tsx" name="DealCard — drag-and-drop source (MINCRM-300) &gt; sets the deal ID in dataTransfer on dragStart" time="0.006863">
        </testcase>
        <testcase classname="src/components/DealCard.test.tsx" name="DealCard — probability display (MINCRM-179) &gt; renders the probability badge with stage default value" time="0.005391083">
        </testcase>
        <testcase classname="src/components/DealCard.test.tsx" name="DealCard — probability display (MINCRM-179) &gt; applies italic/gray styling for stage-default probability" time="0.00663825">
        </testcase>
        <testcase classname="src/components/DealCard.test.tsx" name="DealCard — probability display (MINCRM-179) &gt; renders the overridden probability value" time="0.007138792">
        </testcase>
        <testcase classname="src/components/DealCard.test.tsx" name="DealCard — probability display (MINCRM-179) &gt; applies distinct indigo styling for an overridden probability" time="0.005781042">
        </testcase>
    </testsuite>
    <testsuite name="src/components/DealForm.test.tsx" timestamp="2026-05-14T02:22:34.097Z" hostname="Lucindas-MacBook-Pro.local" tests="26" failures="0" errors="0" skipped="0" time="0.516823541">
        <testcase classname="src/components/DealForm.test.tsx" name="DealForm — probability clear button (MINCRM-179) &gt; does not show the clear button when probability field is empty" time="0.05195475">
            <system-err>
⚠️ React Router Future Flag Warning: React Router will begin wrapping state updates in `React.startTransition` in v7. You can use the `v7_startTransition` future flag to opt-in early. For more information, see https://reactrouter.com/v6/upgrading/future#v7_starttransition.
⚠️ React Router Future Flag Warning: Relative route resolution within Splat routes is changing in v7. You can use the `v7_relativeSplatPath` future flag to opt-in early. For more information, see https://reactrouter.com/v6/upgrading/future#v7_relativesplatpath.

            </system-err>
        </testcase>
        <testcase classname="src/components/DealForm.test.tsx" name="DealForm — probability clear button (MINCRM-179) &gt; shows the clear button when probability field has a value" time="0.011330625">
        </testcase>
        <testcase classname="src/components/DealForm.test.tsx" name="DealForm — probability clear button (MINCRM-179) &gt; clears the probability field when the clear button is clicked" time="0.027409917">
        </testcase>
        <testcase classname="src/components/DealForm.test.tsx" name="DealForm — probability clear button (MINCRM-179) &gt; pre-populates probability when initialValues has an override" time="0.015662958">
        </testcase>
        <testcase classname="src/components/DealForm.test.tsx" name="DealForm — probability validation (MINCRM-179) &gt; shows an error for a decimal probability input" time="0.011187791">
        </testcase>
        <testcase classname="src/components/DealForm.test.tsx" name="DealForm — probability validation (MINCRM-179) &gt; does not show a probability error when field is empty" time="0.015169417">
        </testcase>
        <testcase classname="src/components/DealForm.test.tsx" name="DealForm — field rendering (MINCRM-198) &gt; renders all core fields" time="0.007603417">
        </testcase>
        <testcase classname="src/components/DealForm.test.tsx" name="DealForm — field rendering (MINCRM-198) &gt; does not render account selector when accounts prop is omitted" time="0.035682083">
        </testcase>
        <testcase classname="src/components/DealForm.test.tsx" name="DealForm — field rendering (MINCRM-198) &gt; renders account selector with options when accounts prop is provided" time="0.091848834">
        </testcase>
        <testcase classname="src/components/DealForm.test.tsx" name="DealForm — field rendering (MINCRM-198) &gt; does not render owner selector when users prop is omitted" time="0.012449416">
        </testcase>
        <testcase classname="src/components/DealForm.test.tsx" name="DealForm — field rendering (MINCRM-198) &gt; renders owner selector when users prop is provided" time="0.006712917">
        </testcase>
        <testcase classname="src/components/DealForm.test.tsx" name="DealForm — initialValues (MINCRM-198) &gt; pre-populates fields from initialValues" time="0.006568708">
        </testcase>
        <testcase classname="src/components/DealForm.test.tsx" name="DealForm — onSubmit (MINCRM-198) &gt; calls onSubmit with correct values" time="0.014276041">
        </testcase>
        <testcase classname="src/components/DealForm.test.tsx" name="DealForm — onSubmit (MINCRM-198) &gt; the name field is required" time="0.006445709">
        </testcase>
        <testcase classname="src/components/DealForm.test.tsx" name="DealForm — cancel button (MINCRM-198) &gt; calls onCancel when the Cancel button is clicked" time="0.046732791">
        </testcase>
        <testcase classname="src/components/DealForm.test.tsx" name="DealForm — cancel button (MINCRM-198) &gt; does not render Cancel button when onCancel is not provided" time="0.003719708">
        </testcase>
        <testcase classname="src/components/DealForm.test.tsx" name="DealForm — isSubmitting (MINCRM-198) &gt; disables inputs and submit button when isSubmitting is true" time="0.006508041">
        </testcase>
        <testcase classname="src/components/DealForm.test.tsx" name="DealForm — error display (MINCRM-198) &gt; renders error message in an alert when error prop is set" time="0.006682">
        </testcase>
        <testcase classname="src/components/DealForm.test.tsx" name="DealForm — error display (MINCRM-198) &gt; does not render an alert when error prop is absent" time="0.004730917">
        </testcase>
        <testcase classname="src/components/DealForm.test.tsx" name="DealForm — terminal stage / onCloseRequested (MINCRM-198) &gt; calls onCloseRequested instead of updating stage when a terminal stage is selected" time="0.032896833">
        </testcase>
        <testcase classname="src/components/DealForm.test.tsx" name="DealForm — terminal stage / onCloseRequested (MINCRM-198) &gt; updates stage normally when a non-terminal stage is selected and onCloseRequested is provided" time="0.010943">
        </testcase>
        <testcase classname="src/components/DealForm.test.tsx" name="DealForm — probability hint text (MINCRM-179) &gt; shows the overridden hint when probability has a value" time="0.013878042">
        </testcase>
        <testcase classname="src/components/DealForm.test.tsx" name="DealForm — currency selector (MINCRM-189) &gt; renders the currency selector" time="0.015904541">
        </testcase>
        <testcase classname="src/components/DealForm.test.tsx" name="DealForm — currency selector (MINCRM-189) &gt; defaults to USD when no initialValues currency is provided" time="0.009166917">
        </testcase>
        <testcase classname="src/components/DealForm.test.tsx" name="DealForm — currency selector (MINCRM-189) &gt; pre-populates currency from initialValues" time="0.008662041">
        </testcase>
        <testcase classname="src/components/DealForm.test.tsx" name="DealForm — currency selector (MINCRM-189) &gt; includes the selected currency in the submit payload" time="0.018081916">
        </testcase>
    </testsuite>
    <testsuite name="src/components/ErrorBoundary.test.tsx" timestamp="2026-05-14T02:22:34.098Z" hostname="Lucindas-MacBook-Pro.local" tests="6" failures="0" errors="0" skipped="0" time="0.0264225">
        <testcase classname="src/components/ErrorBoundary.test.tsx" name="ErrorBoundary &gt; renders children when no error is thrown" time="0.010398875">
        </testcase>
        <testcase classname="src/components/ErrorBoundary.test.tsx" name="ErrorBoundary &gt; renders the fallback UI when a child throws" time="0.007281041">
        </testcase>
        <testcase classname="src/components/ErrorBoundary.test.tsx" name="ErrorBoundary &gt; shows a reload button in the fallback UI" time="0.00201475">
        </testcase>
        <testcase classname="src/components/ErrorBoundary.test.tsx" name="ErrorBoundary &gt; shows a Go to Dashboard link in the fallback UI" time="0.001586667">
        </testcase>
        <testcase classname="src/components/ErrorBoundary.test.tsx" name="ErrorBoundary &gt; logs the error to the console" time="0.001323958">
        </testcase>
        <testcase classname="src/components/ErrorBoundary.test.tsx" name="ErrorBoundary &gt; calls captureException when a child throws" time="0.001871917">
        </testcase>
    </testsuite>
    <testsuite name="src/components/FieldMergeModal.test.tsx" timestamp="2026-05-14T02:22:34.098Z" hostname="Lucindas-MacBook-Pro.local" tests="15" failures="0" errors="0" skipped="0" time="0.183741292">
        <testcase classname="src/components/FieldMergeModal.test.tsx" name="FieldMergeModal &gt; does not render when isOpen is false" time="0.028308583">
            <system-err>
⚠️ React Router Future Flag Warning: React Router will begin wrapping state updates in `React.startTransition` in v7. You can use the `v7_startTransition` future flag to opt-in early. For more information, see https://reactrouter.com/v6/upgrading/future#v7_starttransition.
⚠️ React Router Future Flag Warning: Relative route resolution within Splat routes is changing in v7. You can use the `v7_relativeSplatPath` future flag to opt-in early. For more information, see https://reactrouter.com/v6/upgrading/future#v7_relativesplatpath.

            </system-err>
        </testcase>
        <testcase classname="src/components/FieldMergeModal.test.tsx" name="FieldMergeModal &gt; renders the modal when isOpen is true" time="0.008146709">
        </testcase>
        <testcase classname="src/components/FieldMergeModal.test.tsx" name="FieldMergeModal &gt; does not show unchanged fields (base === theirs === mine)" time="0.011601208">
        </testcase>
        <testcase classname="src/components/FieldMergeModal.test.tsx" name="FieldMergeModal &gt; shows auto-resolved row when only I changed a field (only-mine)" time="0.027130125">
        </testcase>
        <testcase classname="src/components/FieldMergeModal.test.tsx" name="FieldMergeModal &gt; shows auto-resolved row when only they changed a field (only-theirs)" time="0.008846875">
        </testcase>
        <testcase classname="src/components/FieldMergeModal.test.tsx" name="FieldMergeModal &gt; shows auto-resolved row when both changed to the same value (same-change)" time="0.006918042">
        </testcase>
        <testcase classname="src/components/FieldMergeModal.test.tsx" name="FieldMergeModal &gt; shows radio buttons for true conflict fields, defaulting to Theirs" time="0.0163595">
        </testcase>
        <testcase classname="src/components/FieldMergeModal.test.tsx" name="FieldMergeModal &gt; allows user to switch conflict selection to Mine" time="0.012270125">
        </testcase>
        <testcase classname="src/components/FieldMergeModal.test.tsx" name="FieldMergeModal &gt; calls onResolve with correct merged values when Save resolved is clicked" time="0.008751083">
        </testcase>
        <testcase classname="src/components/FieldMergeModal.test.tsx" name="FieldMergeModal &gt; resolves only-mine fields to mine value in the merged output" time="0.012353459">
        </testcase>
        <testcase classname="src/components/FieldMergeModal.test.tsx" name="FieldMergeModal &gt; resolves only-theirs fields to their value in the merged output" time="0.010443458">
        </testcase>
        <testcase classname="src/components/FieldMergeModal.test.tsx" name="FieldMergeModal &gt; calls onClose when Discard my changes is clicked" time="0.005192167">
        </testcase>
        <testcase classname="src/components/FieldMergeModal.test.tsx" name="FieldMergeModal &gt; calls onClose when Escape key is pressed" time="0.005004667">
        </testcase>
        <testcase classname="src/components/FieldMergeModal.test.tsx" name="FieldMergeModal &gt; renders inline character diffs in string field cells for true conflicts" time="0.004353292">
        </testcase>
        <testcase classname="src/components/FieldMergeModal.test.tsx" name="FieldMergeModal &gt; resets conflict choices to Theirs when reopened with new data" time="0.009963833">
        </testcase>
    </testsuite>
    <testsuite name="src/components/GlobalSearch.test.tsx" timestamp="2026-05-14T02:22:34.099Z" hostname="Lucindas-MacBook-Pro.local" tests="15" failures="0" errors="0" skipped="0" time="3.9181625">
        <testcase classname="src/components/GlobalSearch.test.tsx" name="GlobalSearch &gt; renders the search input" time="0.033788375">
            <system-err>
⚠️ React Router Future Flag Warning: React Router will begin wrapping state updates in `React.startTransition` in v7. You can use the `v7_startTransition` future flag to opt-in early. For more information, see https://reactrouter.com/v6/upgrading/future#v7_starttransition.
⚠️ React Router Future Flag Warning: Relative route resolution within Splat routes is changing in v7. You can use the `v7_relativeSplatPath` future flag to opt-in early. For more information, see https://reactrouter.com/v6/upgrading/future#v7_relativesplatpath.

            </system-err>
        </testcase>
        <testcase classname="src/components/GlobalSearch.test.tsx" name="GlobalSearch &gt; does not show the results panel when input is empty" time="0.005225042">
        </testcase>
        <testcase classname="src/components/GlobalSearch.test.tsx" name="GlobalSearch &gt; shows the min-length hint when query is 1 character" time="0.08937725">
        </testcase>
        <testcase classname="src/components/GlobalSearch.test.tsx" name="GlobalSearch &gt; does not show min-length hint when query is at least 2 characters" time="0.348269458">
        </testcase>
        <testcase classname="src/components/GlobalSearch.test.tsx" name="GlobalSearch &gt; shows the empty state when query returns no results" time="0.423502375">
        </testcase>
        <testcase classname="src/components/GlobalSearch.test.tsx" name="GlobalSearch &gt; shows contact results when query matches contacts" time="0.335690625">
        </testcase>
        <testcase classname="src/components/GlobalSearch.test.tsx" name="GlobalSearch &gt; shows account results when query matches accounts" time="0.336230208">
        </testcase>
        <testcase classname="src/components/GlobalSearch.test.tsx" name="GlobalSearch &gt; shows deal results when query matches deals" time="0.331052542">
        </testcase>
        <testcase classname="src/components/GlobalSearch.test.tsx" name="GlobalSearch &gt; contact result links to the correct contact detail URL" time="0.329749958">
        </testcase>
        <testcase classname="src/components/GlobalSearch.test.tsx" name="GlobalSearch &gt; account result links to the correct account detail URL" time="0.335317334">
        </testcase>
        <testcase classname="src/components/GlobalSearch.test.tsx" name="GlobalSearch &gt; deal result links to the correct deal detail URL" time="0.327248875">
        </testcase>
        <testcase classname="src/components/GlobalSearch.test.tsx" name="GlobalSearch &gt; shows lead results when query matches leads" time="0.322622042">
        </testcase>
        <testcase classname="src/components/GlobalSearch.test.tsx" name="GlobalSearch &gt; lead result links to the correct lead detail URL" time="0.3283085">
        </testcase>
        <testcase classname="src/components/GlobalSearch.test.tsx" name="GlobalSearch &gt; closes the dropdown on Escape key" time="0.028255042">
        </testcase>
        <testcase classname="src/components/GlobalSearch.test.tsx" name="GlobalSearch &gt; closes the dropdown when a result is clicked" time="0.340789625">
        </testcase>
    </testsuite>
    <testsuite name="src/components/LeadForm.test.tsx" timestamp="2026-05-14T02:22:34.100Z" hostname="Lucindas-MacBook-Pro.local" tests="16" failures="0" errors="0" skipped="0" time="0.267580792">
        <testcase classname="src/components/LeadForm.test.tsx" name="LeadForm &gt; field rendering &gt; renders all core fields" time="0.04825375">
            <system-err>
⚠️ React Router Future Flag Warning: React Router will begin wrapping state updates in `React.startTransition` in v7. You can use the `v7_startTransition` future flag to opt-in early. For more information, see https://reactrouter.com/v6/upgrading/future#v7_starttransition.
⚠️ React Router Future Flag Warning: Relative route resolution within Splat routes is changing in v7. You can use the `v7_relativeSplatPath` future flag to opt-in early. For more information, see https://reactrouter.com/v6/upgrading/future#v7_relativesplatpath.

            </system-err>
        </testcase>
        <testcase classname="src/components/LeadForm.test.tsx" name="LeadForm &gt; field rendering &gt; does not render the owner selector when isAdmin is false" time="0.014717791">
        </testcase>
        <testcase classname="src/components/LeadForm.test.tsx" name="LeadForm &gt; field rendering &gt; renders the owner selector when isAdmin is true" time="0.006041667">
        </testcase>
        <testcase classname="src/components/LeadForm.test.tsx" name="LeadForm &gt; field rendering &gt; renders all lead source options in the dropdown" time="0.012577209">
        </testcase>
        <testcase classname="src/components/LeadForm.test.tsx" name="LeadForm &gt; required fields &gt; first_name is required" time="0.006122667">
        </testcase>
        <testcase classname="src/components/LeadForm.test.tsx" name="LeadForm &gt; required fields &gt; email is required" time="0.014460459">
        </testcase>
        <testcase classname="src/components/LeadForm.test.tsx" name="LeadForm &gt; required fields &gt; last_name is not required" time="0.0055445">
        </testcase>
        <testcase classname="src/components/LeadForm.test.tsx" name="LeadForm &gt; required fields &gt; does not call onSubmit when required fields are empty (user.click respects HTML5 required)" time="0.096110042">
        </testcase>
        <testcase classname="src/components/LeadForm.test.tsx" name="LeadForm &gt; email format validation &gt; email input has type=&quot;email&quot; for browser format enforcement" time="0.003690958">
        </testcase>
        <testcase classname="src/components/LeadForm.test.tsx" name="LeadForm &gt; initialValues population &gt; pre-populates all fields from initialValues" time="0.0036485">
        </testcase>
        <testcase classname="src/components/LeadForm.test.tsx" name="LeadForm &gt; onSubmit &gt; calls onSubmit with the entered form values" time="0.007967459">
        </testcase>
        <testcase classname="src/components/LeadForm.test.tsx" name="LeadForm &gt; cancel button &gt; calls onCancel when the Cancel button is clicked" time="0.025019708">
        </testcase>
        <testcase classname="src/components/LeadForm.test.tsx" name="LeadForm &gt; cancel button &gt; does not render Cancel button when onCancel is not provided" time="0.00274875">
        </testcase>
        <testcase classname="src/components/LeadForm.test.tsx" name="LeadForm &gt; isSubmitting state &gt; disables inputs and shows saving label when isSubmitting is true" time="0.002565875">
        </testcase>
        <testcase classname="src/components/LeadForm.test.tsx" name="LeadForm &gt; isSubmitting state &gt; does not disable inputs when isSubmitting is false" time="0.0026865">
        </testcase>
        <testcase classname="src/components/LeadForm.test.tsx" name="LeadForm &gt; notes textarea &gt; updates notes value when typed" time="0.006401375">
        </testcase>
    </testsuite>
    <testsuite name="src/components/NavBar.test.tsx" timestamp="2026-05-14T02:22:34.100Z" hostname="Lucindas-MacBook-Pro.local" tests="6" failures="0" errors="0" skipped="0" time="0.146251333">
        <testcase classname="src/components/NavBar.test.tsx" name="NavBar dispatcher — desktop viewport &gt; renders NavTop when layout is &quot;top&quot;" time="0.050852">
            <system-err>
⚠️ React Router Future Flag Warning: React Router will begin wrapping state updates in `React.startTransition` in v7. You can use the `v7_startTransition` future flag to opt-in early. For more information, see https://reactrouter.com/v6/upgrading/future#v7_starttransition.
⚠️ React Router Future Flag Warning: Relative route resolution within Splat routes is changing in v7. You can use the `v7_relativeSplatPath` future flag to opt-in early. For more information, see https://reactrouter.com/v6/upgrading/future#v7_relativesplatpath.

            </system-err>
        </testcase>
        <testcase classname="src/components/NavBar.test.tsx" name="NavBar dispatcher — desktop viewport &gt; renders NavHamburger when layout is &quot;hamburger&quot;" time="0.032440042">
        </testcase>
        <testcase classname="src/components/NavBar.test.tsx" name="NavBar dispatcher — desktop viewport &gt; renders null (no nav element) when layout is &quot;left&quot;" time="0.0163215">
        </testcase>
        <testcase classname="src/components/NavBar.test.tsx" name="NavBar dispatcher — mobile viewport &gt; renders NavTop when layout is &quot;top&quot;" time="0.019668417">
        </testcase>
        <testcase classname="src/components/NavBar.test.tsx" name="NavBar dispatcher — mobile viewport &gt; renders NavTop (not NavHamburger) when layout is &quot;hamburger&quot;" time="0.017143583">
        </testcase>
        <testcase classname="src/components/NavBar.test.tsx" name="NavBar dispatcher — mobile viewport &gt; renders NavTop (not null) when layout is &quot;left&quot;" time="0.007781083">
        </testcase>
    </testsuite>
    <testsuite name="src/components/NavHamburger.test.tsx" timestamp="2026-05-14T02:22:34.101Z" hostname="Lucindas-MacBook-Pro.local" tests="15" failures="0" errors="0" skipped="0" time="0.394977125">
        <testcase classname="src/components/NavHamburger.test.tsx" name="NavHamburger &gt; renders the MiniCRM brand name" time="0.036015125">
            <system-err>
⚠️ React Router Future Flag Warning: React Router will begin wrapping state updates in `React.startTransition` in v7. You can use the `v7_startTransition` future flag to opt-in early. For more information, see https://reactrouter.com/v6/upgrading/future#v7_starttransition.
⚠️ React Router Future Flag Warning: Relative route resolution within Splat routes is changing in v7. You can use the `v7_relativeSplatPath` future flag to opt-in early. For more information, see https://reactrouter.com/v6/upgrading/future#v7_relativesplatpath.

            </system-err>
        </testcase>
        <testcase classname="src/components/NavHamburger.test.tsx" name="NavHamburger &gt; renders the hamburger toggle button" time="0.007354291">
        </testcase>
        <testcase classname="src/components/NavHamburger.test.tsx" name="NavHamburger &gt; popover is closed by default" time="0.013001333">
        </testcase>
        <testcase classname="src/components/NavHamburger.test.tsx" name="NavHamburger &gt; clicking the toggle opens the popover" time="0.096167584">
        </testcase>
        <testcase classname="src/components/NavHamburger.test.tsx" name="NavHamburger &gt; drawer contains nav-hamburger-{destination} testids" time="0.025832166">
        </testcase>
        <testcase classname="src/components/NavHamburger.test.tsx" name="NavHamburger &gt; shows admin links in the drawer for admin users" time="0.021289125">
        </testcase>
        <testcase classname="src/components/NavHamburger.test.tsx" name="NavHamburger &gt; hides admin links in the drawer for rep users" time="0.022963041">
        </testcase>
        <testcase classname="src/components/NavHamburger.test.tsx" name="NavHamburger &gt; clicking the close button closes the popover" time="0.038398917">
        </testcase>
        <testcase classname="src/components/NavHamburger.test.tsx" name="NavHamburger &gt; clicking a nav link closes the popover" time="0.03357475">
        </testcase>
        <testcase classname="src/components/NavHamburger.test.tsx" name="NavHamburger &gt; pressing Escape closes the popover" time="0.04557225">
        </testcase>
        <testcase classname="src/components/NavHamburger.test.tsx" name="NavHamburger &gt; renders the language selector in the top bar" time="0.009005292">
        </testcase>
        <testcase classname="src/components/NavHamburger.test.tsx" name="NavHamburger &gt; renders the logout button in the top bar" time="0.004071958">
        </testcase>
        <testcase classname="src/components/NavHamburger.test.tsx" name="NavHamburger &gt; renders the global search input in the top bar" time="0.006850709">
        </testcase>
        <testcase classname="src/components/NavHamburger.test.tsx" name="NavHamburger &gt; shows the logged-in user name in the top bar" time="0.010187459">
        </testcase>
        <testcase classname="src/components/NavHamburger.test.tsx" name="NavHamburger &gt; navigates to /login after logout is clicked" time="0.022372417">
        </testcase>
    </testsuite>
    <testsuite name="src/components/NavHeader.test.tsx" timestamp="2026-05-14T02:22:34.101Z" hostname="Lucindas-MacBook-Pro.local" tests="10" failures="0" errors="0" skipped="0" time="0.14629025">
        <testcase classname="src/components/NavHeader.test.tsx" name="NavHeader &gt; renders the MiniCRM brand" time="0.046205125">
            <system-err>
⚠️ React Router Future Flag Warning: React Router will begin wrapping state updates in `React.startTransition` in v7. You can use the `v7_startTransition` future flag to opt-in early. For more information, see https://reactrouter.com/v6/upgrading/future#v7_starttransition.
⚠️ React Router Future Flag Warning: Relative route resolution within Splat routes is changing in v7. You can use the `v7_relativeSplatPath` future flag to opt-in early. For more information, see https://reactrouter.com/v6/upgrading/future#v7_relativesplatpath.

            </system-err>
        </testcase>
        <testcase classname="src/components/NavHeader.test.tsx" name="NavHeader &gt; renders the logged-in user name" time="0.021435583">
        </testcase>
        <testcase classname="src/components/NavHeader.test.tsx" name="NavHeader &gt; renders the language selector" time="0.005040417">
        </testcase>
        <testcase classname="src/components/NavHeader.test.tsx" name="NavHeader &gt; renders the logout button" time="0.014312042">
        </testcase>
        <testcase classname="src/components/NavHeader.test.tsx" name="NavHeader &gt; logout button calls POST /api/auth/logout" time="0.036896208">
        </testcase>
        <testcase classname="src/components/NavHeader.test.tsx" name="NavHeader &gt; does not render hamburger button when hamburger prop is omitted" time="0.002927709">
        </testcase>
        <testcase classname="src/components/NavHeader.test.tsx" name="NavHeader &gt; renders hamburger button when hamburger prop is provided" time="0.003279208">
        </testcase>
        <testcase classname="src/components/NavHeader.test.tsx" name="NavHeader &gt; hamburger has aria-expanded=false when closed" time="0.003398084">
        </testcase>
        <testcase classname="src/components/NavHeader.test.tsx" name="NavHeader &gt; hamburger has aria-expanded=true when open" time="0.003226042">
        </testcase>
        <testcase classname="src/components/NavHeader.test.tsx" name="NavHeader &gt; clicking hamburger calls onToggle" time="0.003627083">
        </testcase>
    </testsuite>
    <testsuite name="src/components/NavLayoutContext.test.tsx" timestamp="2026-05-14T02:22:34.102Z" hostname="Lucindas-MacBook-Pro.local" tests="4" failures="0" errors="0" skipped="0" time="0.05439025">
        <testcase classname="src/components/NavLayoutContext.test.tsx" name="NavLayoutContext &gt; defaults to &quot;top&quot; before the fetch resolves" time="0.0276985">
            <system-err>
⚠️ React Router Future Flag Warning: React Router will begin wrapping state updates in `React.startTransition` in v7. You can use the `v7_startTransition` future flag to opt-in early. For more information, see https://reactrouter.com/v6/upgrading/future#v7_starttransition.
⚠️ React Router Future Flag Warning: Relative route resolution within Splat routes is changing in v7. You can use the `v7_relativeSplatPath` future flag to opt-in early. For more information, see https://reactrouter.com/v6/upgrading/future#v7_relativesplatpath.

            </system-err>
        </testcase>
        <testcase classname="src/components/NavLayoutContext.test.tsx" name="NavLayoutContext &gt; exposes the layout fetched from the server" time="0.010992542">
        </testcase>
        <testcase classname="src/components/NavLayoutContext.test.tsx" name="NavLayoutContext &gt; saveLayout calls PATCH and updates the displayed layout" time="0.009724708">
        </testcase>
        <testcase classname="src/components/NavLayoutContext.test.tsx" name="NavLayoutContext &gt; useNavLayout throws when called outside NavLayoutProvider" time="0.003843">
        </testcase>
    </testsuite>
    <testsuite name="src/components/NavLeft.test.tsx" timestamp="2026-05-14T02:22:34.102Z" hostname="Lucindas-MacBook-Pro.local" tests="12" failures="0" errors="0" skipped="0" time="0.32449525">
        <testcase classname="src/components/NavLeft.test.tsx" name="NavLeft &gt; renders the MiniCRM brand name in the header" time="0.043583833">
            <system-err>
⚠️ React Router Future Flag Warning: React Router will begin wrapping state updates in `React.startTransition` in v7. You can use the `v7_startTransition` future flag to opt-in early. For more information, see https://reactrouter.com/v6/upgrading/future#v7_starttransition.
⚠️ React Router Future Flag Warning: Relative route resolution within Splat routes is changing in v7. You can use the `v7_relativeSplatPath` future flag to opt-in early. For more information, see https://reactrouter.com/v6/upgrading/future#v7_relativesplatpath.

            </system-err>
        </testcase>
        <testcase classname="src/components/NavLeft.test.tsx" name="NavLeft &gt; renders nav links with nav-left-{destination} testids" time="0.016328709">
        </testcase>
        <testcase classname="src/components/NavLeft.test.tsx" name="NavLeft &gt; shows admin links for admin users" time="0.021553417">
        </testcase>
        <testcase classname="src/components/NavLeft.test.tsx" name="NavLeft &gt; hides admin links for rep users" time="0.00750825">
        </testcase>
        <testcase classname="src/components/NavLeft.test.tsx" name="NavLeft &gt; renders the collapse toggle button" time="0.025365208">
        </testcase>
        <testcase classname="src/components/NavLeft.test.tsx" name="NavLeft &gt; renders the logout button" time="0.014488667">
        </testcase>
        <testcase classname="src/components/NavLeft.test.tsx" name="NavLeft &gt; renders the language selector" time="0.008780333">
        </testcase>
        <testcase classname="src/components/NavLeft.test.tsx" name="NavLeft &gt; renders the global search input in the header" time="0.0065315">
        </testcase>
        <testcase classname="src/components/NavLeft.test.tsx" name="NavLeft &gt; renders children in the main content area" time="0.008088209">
        </testcase>
        <testcase classname="src/components/NavLeft.test.tsx" name="NavLeft &gt; shows user name" time="0.017456209">
        </testcase>
        <testcase classname="src/components/NavLeft.test.tsx" name="NavLeft &gt; collapse toggle &gt; clicking collapse toggle hides the nav link labels" time="0.090195458">
        </testcase>
        <testcase classname="src/components/NavLeft.test.tsx" name="NavLeft &gt; collapse toggle &gt; clicking collapse toggle twice restores the nav link labels" time="0.062228958">
        </testcase>
    </testsuite>
    <testsuite name="src/components/NavTop.test.tsx" timestamp="2026-05-14T02:22:34.102Z" hostname="Lucindas-MacBook-Pro.local" tests="15" failures="0" errors="0" skipped="0" time="0.442453083">
        <testcase classname="src/components/NavTop.test.tsx" name="NavTop &gt; renders the MiniCRM brand name" time="0.050618541">
            <system-err>
⚠️ React Router Future Flag Warning: React Router will begin wrapping state updates in `React.startTransition` in v7. You can use the `v7_startTransition` future flag to opt-in early. For more information, see https://reactrouter.com/v6/upgrading/future#v7_starttransition.
⚠️ React Router Future Flag Warning: Relative route resolution within Splat routes is changing in v7. You can use the `v7_relativeSplatPath` future flag to opt-in early. For more information, see https://reactrouter.com/v6/upgrading/future#v7_relativesplatpath.

            </system-err>
        </testcase>
        <testcase classname="src/components/NavTop.test.tsx" name="NavTop &gt; renders desktop nav links with nav-top-{destination} testids" time="0.012910292">
        </testcase>
        <testcase classname="src/components/NavTop.test.tsx" name="NavTop &gt; shows admin links for admin users" time="0.023789417">
        </testcase>
        <testcase classname="src/components/NavTop.test.tsx" name="NavTop &gt; hides admin links for rep users" time="0.013179708">
        </testcase>
        <testcase classname="src/components/NavTop.test.tsx" name="NavTop &gt; renders the logout button" time="0.012953875">
        </testcase>
        <testcase classname="src/components/NavTop.test.tsx" name="NavTop &gt; renders the language selector" time="0.008425125">
        </testcase>
        <testcase classname="src/components/NavTop.test.tsx" name="NavTop &gt; renders the global search input" time="0.008326875">
        </testcase>
        <testcase classname="src/components/NavTop.test.tsx" name="NavTop &gt; shows the logged-in user name" time="0.014635042">
        </testcase>
        <testcase classname="src/components/NavTop.test.tsx" name="NavTop &gt; mobile hamburger drawer &gt; renders the hamburger toggle" time="0.006332792">
        </testcase>
        <testcase classname="src/components/NavTop.test.tsx" name="NavTop &gt; mobile hamburger drawer &gt; drawer is closed by default" time="0.010076333">
        </testcase>
        <testcase classname="src/components/NavTop.test.tsx" name="NavTop &gt; mobile hamburger drawer &gt; clicking the toggle opens the mobile drawer" time="0.089144958">
        </testcase>
        <testcase classname="src/components/NavTop.test.tsx" name="NavTop &gt; mobile hamburger drawer &gt; clicking the toggle again closes the drawer" time="0.081118458">
        </testcase>
        <testcase classname="src/components/NavTop.test.tsx" name="NavTop &gt; mobile hamburger drawer &gt; mobile drawer has nav-top-{destination}-mobile testids" time="0.0323695">
        </testcase>
        <testcase classname="src/components/NavTop.test.tsx" name="NavTop &gt; navigates to /login after the mobile drawer logout button is clicked" time="0.048532458">
        </testcase>
        <testcase classname="src/components/NavTop.test.tsx" name="NavTop &gt; navigates to /login after logout is clicked" time="0.02444675">
        </testcase>
    </testsuite>
    <testsuite name="src/components/NotesSection.test.tsx" timestamp="2026-05-14T02:22:34.103Z" hostname="Lucindas-MacBook-Pro.local" tests="30" failures="0" errors="0" skipped="0" time="0.636438708">
        <testcase classname="src/components/NotesSection.test.tsx" name="NotesSection — async states &gt; shows a loading skeleton while the request is in flight" time="0.045116083">
            <system-err>
⚠️ React Router Future Flag Warning: React Router will begin wrapping state updates in `React.startTransition` in v7. You can use the `v7_startTransition` future flag to opt-in early. For more information, see https://reactrouter.com/v6/upgrading/future#v7_starttransition.
⚠️ React Router Future Flag Warning: Relative route resolution within Splat routes is changing in v7. You can use the `v7_relativeSplatPath` future flag to opt-in early. For more information, see https://reactrouter.com/v6/upgrading/future#v7_relativesplatpath.

            </system-err>
        </testcase>
        <testcase classname="src/components/NotesSection.test.tsx" name="NotesSection — async states &gt; shows the error state when the list request fails" time="0.021430209">
        </testcase>
        <testcase classname="src/components/NotesSection.test.tsx" name="NotesSection — async states &gt; shows the empty state when there are no notes" time="0.026067292">
        </testcase>
        <testcase classname="src/components/NotesSection.test.tsx" name="NotesSection — notes list &gt; renders a card for each visible note" time="0.015638666">
            <system-err>
ImageNode should implement &quot;importDOM&quot; if using a custom &quot;exportDOM&quot; method to ensure HTML serialization (important for copy &amp; paste) works as expected

            </system-err>
        </testcase>
        <testcase classname="src/components/NotesSection.test.tsx" name="NotesSection — notes list &gt; renders a note title when present" time="0.015740084">
        </testcase>
        <testcase classname="src/components/NotesSection.test.tsx" name="NotesSection — notes list &gt; renders tag chips on the note card" time="0.017922333">
        </testcase>
        <testcase classname="src/components/NotesSection.test.tsx" name="NotesSection — notes list &gt; renders the masked placeholder for a private note from another user" time="0.016033541">
        </testcase>
        <testcase classname="src/components/NotesSection.test.tsx" name="NotesSection — notes list &gt; shows edit/delete buttons for notes owned by the current user (admin)" time="0.015657791">
        </testcase>
        <testcase classname="src/components/NotesSection.test.tsx" name="NotesSection — notes list &gt; hides edit/delete buttons for notes owned by another user (non-admin)" time="0.009020542">
        </testcase>
        <testcase classname="src/components/NotesSection.test.tsx" name="NotesSection — notes list &gt; admin sees edit/delete buttons on notes they do not own" time="0.014708458">
        </testcase>
        <testcase classname="src/components/NotesSection.test.tsx" name="NotesSection — composer open/close &gt; opens the inline composer when the Add Note button is clicked" time="0.070518834">
            <system-err>
ImageNode should implement &quot;importDOM&quot; if using a custom &quot;exportDOM&quot; method to ensure HTML serialization (important for copy &amp; paste) works as expected

            </system-err>
        </testcase>
        <testcase classname="src/components/NotesSection.test.tsx" name="NotesSection — composer open/close &gt; closes the composer and restores the Add Note button on cancel" time="0.0130885">
            <system-err>
ImageNode should implement &quot;importDOM&quot; if using a custom &quot;exportDOM&quot; method to ensure HTML serialization (important for copy &amp; paste) works as expected

            </system-err>
        </testcase>
        <testcase classname="src/components/NotesSection.test.tsx" name="NotesSection — save note &gt; calls POST and refreshes the list after a successful save" time="0.050341375">
            <system-err>
ImageNode should implement &quot;importDOM&quot; if using a custom &quot;exportDOM&quot; method to ensure HTML serialization (important for copy &amp; paste) works as expected

            </system-err>
        </testcase>
        <testcase classname="src/components/NotesSection.test.tsx" name="NotesSection — save note &gt; shows a save error when the POST fails" time="0.019717958">
            <system-err>
ImageNode should implement &quot;importDOM&quot; if using a custom &quot;exportDOM&quot; method to ensure HTML serialization (important for copy &amp; paste) works as expected

            </system-err>
        </testcase>
        <testcase classname="src/components/NotesSection.test.tsx" name="NotesSection — visibility selector &gt; renders the visibility selector with default value &quot;team&quot;" time="0.014094125">
            <system-err>
ImageNode should implement &quot;importDOM&quot; if using a custom &quot;exportDOM&quot; method to ensure HTML serialization (important for copy &amp; paste) works as expected

            </system-err>
        </testcase>
        <testcase classname="src/components/NotesSection.test.tsx" name="NotesSection — visibility selector &gt; updates the visibility when the user changes the selector" time="0.011635125">
            <system-err>
ImageNode should implement &quot;importDOM&quot; if using a custom &quot;exportDOM&quot; method to ensure HTML serialization (important for copy &amp; paste) works as expected

            </system-err>
        </testcase>
        <testcase classname="src/components/NotesSection.test.tsx" name="NotesSection — tag input &gt; adds a tag when Enter is pressed in the tag input" time="0.016705417">
            <system-err>
ImageNode should implement &quot;importDOM&quot; if using a custom &quot;exportDOM&quot; method to ensure HTML serialization (important for copy &amp; paste) works as expected

            </system-err>
        </testcase>
        <testcase classname="src/components/NotesSection.test.tsx" name="NotesSection — tag input &gt; adds a tag when a comma is typed" time="0.020785042">
            <system-err>
ImageNode should implement &quot;importDOM&quot; if using a custom &quot;exportDOM&quot; method to ensure HTML serialization (important for copy &amp; paste) works as expected

            </system-err>
        </testcase>
        <testcase classname="src/components/NotesSection.test.tsx" name="NotesSection — tag input &gt; removes a tag when its × button is clicked" time="0.011783417">
            <system-err>
ImageNode should implement &quot;importDOM&quot; if using a custom &quot;exportDOM&quot; method to ensure HTML serialization (important for copy &amp; paste) works as expected

            </system-err>
        </testcase>
        <testcase classname="src/components/NotesSection.test.tsx" name="NotesSection — tag input &gt; removes the last tag on Backspace when the input is empty" time="0.024237083">
            <system-err>
ImageNode should implement &quot;importDOM&quot; if using a custom &quot;exportDOM&quot; method to ensure HTML serialization (important for copy &amp; paste) works as expected

            </system-err>
        </testcase>
        <testcase classname="src/components/NotesSection.test.tsx" name="NotesSection — edit note &gt; opens the inline composer with existing note data when Edit is clicked" time="0.016968459">
            <system-err>
ImageNode should implement &quot;importDOM&quot; if using a custom &quot;exportDOM&quot; method to ensure HTML serialization (important for copy &amp; paste) works as expected
[Lexical] TypeError: Cannot read properties of undefined (reading &apos;type&apos;)
    at $parseSerializedNodeImpl (file:///Users/rob/dev/minicrm/node_modules/[4mlexical[24m/Lexical.dev.mjs:8598:31)
    at parseEditorState (file:///Users/rob/dev/minicrm/node_modules/[4mlexical[24m/Lexical.dev.mjs:8642:5)
    at LexicalEditor.parseEditorState (file:///Users/rob/dev/minicrm/node_modules/[4mlexical[24m/Lexical.dev.mjs:11222:12)
    at loadEditorState [90m(/Users/rob/dev/minicrm/client/[39msrc/components/NotesSection.tsx:174:26[90m)[39m
    at [90m/Users/rob/dev/minicrm/client/[39msrc/components/NotesSection.tsx:363:5
    at commitHookEffectListMount (/Users/rob/dev/minicrm/node_modules/[4mreact-dom[24m/cjs/react-dom.development.js:23189:26)
    at commitPassiveMountOnFiber (/Users/rob/dev/minicrm/node_modules/[4mreact-dom[24m/cjs/react-dom.development.js:24970:11)
    at commitPassiveMountEffects_complete (/Users/rob/dev/minicrm/node_modules/[4mreact-dom[24m/cjs/react-dom.development.js:24930:9)
    at commitPassiveMountEffects_begin (/Users/rob/dev/minicrm/node_modules/[4mreact-dom[24m/cjs/react-dom.development.js:24917:7)
    at commitPassiveMountEffects (/Users/rob/dev/minicrm/node_modules/[4mreact-dom[24m/cjs/react-dom.development.js:24905:3)

            </system-err>
        </testcase>
        <testcase classname="src/components/NotesSection.test.tsx" name="NotesSection — edit note &gt; calls PATCH and refreshes the list after a successful edit" time="0.022282459">
            <system-err>
ImageNode should implement &quot;importDOM&quot; if using a custom &quot;exportDOM&quot; method to ensure HTML serialization (important for copy &amp; paste) works as expected
[Lexical] TypeError: Cannot read properties of undefined (reading &apos;type&apos;)
    at $parseSerializedNodeImpl (file:///Users/rob/dev/minicrm/node_modules/[4mlexical[24m/Lexical.dev.mjs:8598:31)
    at parseEditorState (file:///Users/rob/dev/minicrm/node_modules/[4mlexical[24m/Lexical.dev.mjs:8642:5)
    at LexicalEditor.parseEditorState (file:///Users/rob/dev/minicrm/node_modules/[4mlexical[24m/Lexical.dev.mjs:11222:12)
    at loadEditorState [90m(/Users/rob/dev/minicrm/client/[39msrc/components/NotesSection.tsx:174:26[90m)[39m
    at [90m/Users/rob/dev/minicrm/client/[39msrc/components/NotesSection.tsx:363:5
    at commitHookEffectListMount (/Users/rob/dev/minicrm/node_modules/[4mreact-dom[24m/cjs/react-dom.development.js:23189:26)
    at commitPassiveMountOnFiber (/Users/rob/dev/minicrm/node_modules/[4mreact-dom[24m/cjs/react-dom.development.js:24970:11)
    at commitPassiveMountEffects_complete (/Users/rob/dev/minicrm/node_modules/[4mreact-dom[24m/cjs/react-dom.development.js:24930:9)
    at commitPassiveMountEffects_begin (/Users/rob/dev/minicrm/node_modules/[4mreact-dom[24m/cjs/react-dom.development.js:24917:7)
    at commitPassiveMountEffects (/Users/rob/dev/minicrm/node_modules/[4mreact-dom[24m/cjs/react-dom.development.js:24905:3)

            </system-err>
        </testcase>
        <testcase classname="src/components/NotesSection.test.tsx" name="NotesSection — delete note &gt; opens the confirmation modal when Delete is clicked" time="0.014282708">
        </testcase>
        <testcase classname="src/components/NotesSection.test.tsx" name="NotesSection — delete note &gt; closes the modal on cancel" time="0.021122291">
        </testcase>
        <testcase classname="src/components/NotesSection.test.tsx" name="NotesSection — delete note &gt; calls DELETE and removes the note from the list on confirm" time="0.022196625">
        </testcase>
        <testcase classname="src/components/NotesSection.test.tsx" name="NotesSection — delete note &gt; shows a delete error when the DELETE request fails" time="0.016364666">
        </testcase>
        <testcase classname="src/components/NotesSection.test.tsx" name="NotesSection — XSS sanitization &gt; strips script tags from body_text when body is null" time="0.010871125">
        </testcase>
        <testcase classname="src/components/NotesSection.test.tsx" name="NotesSection — image upload errors &gt; shows a generic error message when image upload fails" time="0.015262042">
            <system-err>
ImageNode should implement &quot;importDOM&quot; if using a custom &quot;exportDOM&quot; method to ensure HTML serialization (important for copy &amp; paste) works as expected

            </system-err>
        </testcase>
        <testcase classname="src/components/NotesSection.test.tsx" name="NotesSection — image upload errors &gt; shows a size-specific error message when the server returns 413" time="0.020622542">
            <system-err>
ImageNode should implement &quot;importDOM&quot; if using a custom &quot;exportDOM&quot; method to ensure HTML serialization (important for copy &amp; paste) works as expected

            </system-err>
        </testcase>
        <testcase classname="src/components/NotesSection.test.tsx" name="NotesSection — image upload errors &gt; does not show an error and clears the file input after a successful upload" time="0.021472333">
            <system-err>
ImageNode should implement &quot;importDOM&quot; if using a custom &quot;exportDOM&quot; method to ensure HTML serialization (important for copy &amp; paste) works as expected

            </system-err>
        </testcase>
    </testsuite>
    <testsuite name="src/components/OnboardingBanner.test.tsx" timestamp="2026-05-14T02:22:34.105Z" hostname="Lucindas-MacBook-Pro.local" tests="8" failures="0" errors="0" skipped="0" time="0.285150208">
        <testcase classname="src/components/OnboardingBanner.test.tsx" name="OnboardingBanner &gt; renders for admin when is_first_run is true" time="0.058376875">
            <system-err>
⚠️ React Router Future Flag Warning: React Router will begin wrapping state updates in `React.startTransition` in v7. You can use the `v7_startTransition` future flag to opt-in early. For more information, see https://reactrouter.com/v6/upgrading/future#v7_starttransition.
⚠️ React Router Future Flag Warning: Relative route resolution within Splat routes is changing in v7. You can use the `v7_relativeSplatPath` future flag to opt-in early. For more information, see https://reactrouter.com/v6/upgrading/future#v7_relativesplatpath.

            </system-err>
        </testcase>
        <testcase classname="src/components/OnboardingBanner.test.tsx" name="OnboardingBanner &gt; does not render when is_first_run is false" time="0.006327416">
        </testcase>
        <testcase classname="src/components/OnboardingBanner.test.tsx" name="OnboardingBanner &gt; does not render for rep users" time="0.105556875">
            <system-err>
Warning: An update to OnboardingBanner inside a test was not wrapped in act(...).

When testing, code that causes React state updates should be wrapped into act(...):

act(() =&gt; {
  /* fire events that update state */
});
/* assert on the output */

This ensures that you&apos;re testing the behavior the user would see in the browser. Learn more at https://reactjs.org/link/wrap-tests-with-act
    at OnboardingBanner (/Users/rob/dev/minicrm/client/src/components/OnboardingBanner.tsx:40:56)
    at NavLayoutProvider (/Users/rob/dev/minicrm/client/src/components/NavLayoutContext.tsx:25:30)
    at BrandingProvider (/Users/rob/dev/minicrm/client/src/context/BrandingContext.tsx:90:29)
    at BreakpointProvider (/Users/rob/dev/minicrm/client/src/context/BreakpointContext.tsx:28:31)
    at Router (/Users/rob/dev/minicrm/client/node_modules/react-router/dist/umd/react-router.development.js:1207:17)
    at MemoryRouter (/Users/rob/dev/minicrm/client/node_modules/react-router/dist/umd/react-router.development.js:1101:7)
    at QueryClientProvider (file:///Users/rob/dev/minicrm/client/node_modules/@tanstack/react-query/build/modern/QueryClientProvider.js:20:3)

Warning: An update to NavLayoutProvider inside a test was not wrapped in act(...).

When testing, code that causes React state updates should be wrapped into act(...):

act(() =&gt; {
  /* fire events that update state */
});
/* assert on the output */

This ensures that you&apos;re testing the behavior the user would see in the browser. Learn more at https://reactjs.org/link/wrap-tests-with-act
    at NavLayoutProvider (/Users/rob/dev/minicrm/client/src/components/NavLayoutContext.tsx:25:30)
    at BrandingProvider (/Users/rob/dev/minicrm/client/src/context/BrandingContext.tsx:90:29)
    at BreakpointProvider (/Users/rob/dev/minicrm/client/src/context/BreakpointContext.tsx:28:31)
    at Router (/Users/rob/dev/minicrm/client/node_modules/react-router/dist/umd/react-router.development.js:1207:17)
    at MemoryRouter (/Users/rob/dev/minicrm/client/node_modules/react-router/dist/umd/react-router.development.js:1101:7)
    at QueryClientProvider (file:///Users/rob/dev/minicrm/client/node_modules/@tanstack/react-query/build/modern/QueryClientProvider.js:20:3)

Warning: An update to BrandingProvider inside a test was not wrapped in act(...).

When testing, code that causes React state updates should be wrapped into act(...):

act(() =&gt; {
  /* fire events that update state */
});
/* assert on the output */

This ensures that you&apos;re testing the behavior the user would see in the browser. Learn more at https://reactjs.org/link/wrap-tests-with-act
    at BrandingProvider (/Users/rob/dev/minicrm/client/src/context/BrandingContext.tsx:90:29)
    at BreakpointProvider (/Users/rob/dev/minicrm/client/src/context/BreakpointContext.tsx:28:31)
    at Router (/Users/rob/dev/minicrm/client/node_modules/react-router/dist/umd/react-router.development.js:1207:17)
    at MemoryRouter (/Users/rob/dev/minicrm/client/node_modules/react-router/dist/umd/react-router.development.js:1101:7)
    at QueryClientProvider (file:///Users/rob/dev/minicrm/client/node_modules/@tanstack/react-query/build/modern/QueryClientProvider.js:20:3)

            </system-err>
        </testcase>
        <testcase classname="src/components/OnboardingBanner.test.tsx" name="OnboardingBanner &gt; shows step 1 content initially" time="0.019647583">
        </testcase>
        <testcase classname="src/components/OnboardingBanner.test.tsx" name="OnboardingBanner &gt; advances to step 2 when Looks good is clicked" time="0.028304208">
        </testcase>
        <testcase classname="src/components/OnboardingBanner.test.tsx" name="OnboardingBanner &gt; advances to step 3 when Skip for now is clicked in step 2" time="0.016442458">
        </testcase>
        <testcase classname="src/components/OnboardingBanner.test.tsx" name="OnboardingBanner &gt; calls dismiss API when X is clicked" time="0.019366">
        </testcase>
        <testcase classname="src/components/OnboardingBanner.test.tsx" name="OnboardingBanner &gt; shows invite confirmation after successful invite" time="0.026928209">
        </testcase>
    </testsuite>
    <testsuite name="src/components/OwnerSelect.test.tsx" timestamp="2026-05-14T02:22:34.105Z" hostname="Lucindas-MacBook-Pro.local" tests="7" failures="0" errors="0" skipped="0" time="0.211609083">
        <testcase classname="src/components/OwnerSelect.test.tsx" name="OwnerSelect &gt; renders a select element with the given label" time="0.032097541">
            <system-err>
⚠️ React Router Future Flag Warning: React Router will begin wrapping state updates in `React.startTransition` in v7. You can use the `v7_startTransition` future flag to opt-in early. For more information, see https://reactrouter.com/v6/upgrading/future#v7_starttransition.
⚠️ React Router Future Flag Warning: Relative route resolution within Splat routes is changing in v7. You can use the `v7_relativeSplatPath` future flag to opt-in early. For more information, see https://reactrouter.com/v6/upgrading/future#v7_relativesplatpath.

            </system-err>
        </testcase>
        <testcase classname="src/components/OwnerSelect.test.tsx" name="OwnerSelect &gt; renders all active users as options" time="0.065535375">
        </testcase>
        <testcase classname="src/components/OwnerSelect.test.tsx" name="OwnerSelect &gt; has the correct option selected" time="0.007095167">
        </testcase>
        <testcase classname="src/components/OwnerSelect.test.tsx" name="OwnerSelect &gt; calls onChange when a different user is selected" time="0.010335667">
        </testcase>
        <testcase classname="src/components/OwnerSelect.test.tsx" name="OwnerSelect &gt; shows a disabled placeholder option when the current value is not in the user list" time="0.054960792">
        </testcase>
        <testcase classname="src/components/OwnerSelect.test.tsx" name="OwnerSelect &gt; does not show unknown placeholder when value matches a user" time="0.008314">
        </testcase>
        <testcase classname="src/components/OwnerSelect.test.tsx" name="OwnerSelect &gt; does not show unknown placeholder when value is empty" time="0.0271205">
        </testcase>
    </testsuite>
    <testsuite name="src/components/ProtectedRoute.test.tsx" timestamp="2026-05-14T02:22:34.105Z" hostname="Lucindas-MacBook-Pro.local" tests="5" failures="0" errors="0" skipped="0" time="0.160531458">
        <testcase classname="src/components/ProtectedRoute.test.tsx" name="ProtectedRoute &gt; shows a loading indicator while the auth check is in progress" time="0.034650459">
            <system-err>
⚠️ React Router Future Flag Warning: React Router will begin wrapping state updates in `React.startTransition` in v7. You can use the `v7_startTransition` future flag to opt-in early. For more information, see https://reactrouter.com/v6/upgrading/future#v7_starttransition.
⚠️ React Router Future Flag Warning: Relative route resolution within Splat routes is changing in v7. You can use the `v7_relativeSplatPath` future flag to opt-in early. For more information, see https://reactrouter.com/v6/upgrading/future#v7_relativesplatpath.

            </system-err>
        </testcase>
        <testcase classname="src/components/ProtectedRoute.test.tsx" name="ProtectedRoute &gt; renders child routes when the user is authenticated" time="0.02549">
        </testcase>
        <testcase classname="src/components/ProtectedRoute.test.tsx" name="ProtectedRoute &gt; redirects to /login when the user is not authenticated" time="0.032887584">
        </testcase>
        <testcase classname="src/components/ProtectedRoute.test.tsx" name="ProtectedRoute &gt; passes the current location as state when redirecting to /login (MINCRM-147)" time="0.013605541">
        </testcase>
        <testcase classname="src/components/ProtectedRoute.test.tsx" name="ProtectedRoute &gt; redirects to /change-password when must_change_password is true" time="0.049858292">
        </testcase>
    </testsuite>
    <testsuite name="src/components/SendEmailModal.test.tsx" timestamp="2026-05-14T02:22:34.106Z" hostname="Lucindas-MacBook-Pro.local" tests="11" failures="0" errors="0" skipped="0" time="0.164605167">
        <testcase classname="src/components/SendEmailModal.test.tsx" name="SendEmailModal &gt; does not render when isOpen is false" time="0.028230291">
            <system-err>
⚠️ React Router Future Flag Warning: React Router will begin wrapping state updates in `React.startTransition` in v7. You can use the `v7_startTransition` future flag to opt-in early. For more information, see https://reactrouter.com/v6/upgrading/future#v7_starttransition.
⚠️ React Router Future Flag Warning: Relative route resolution within Splat routes is changing in v7. You can use the `v7_relativeSplatPath` future flag to opt-in early. For more information, see https://reactrouter.com/v6/upgrading/future#v7_relativesplatpath.

            </system-err>
        </testcase>
        <testcase classname="src/components/SendEmailModal.test.tsx" name="SendEmailModal &gt; renders To, Subject, and Body fields when open" time="0.009318166">
        </testcase>
        <testcase classname="src/components/SendEmailModal.test.tsx" name="SendEmailModal &gt; To field is read-only" time="0.004763125">
        </testcase>
        <testcase classname="src/components/SendEmailModal.test.tsx" name="SendEmailModal &gt; Send button is disabled when subject and body are empty" time="0.004938917">
        </testcase>
        <testcase classname="src/components/SendEmailModal.test.tsx" name="SendEmailModal &gt; Send button is enabled when subject and body are filled" time="0.024315417">
        </testcase>
        <testcase classname="src/components/SendEmailModal.test.tsx" name="SendEmailModal &gt; shows &quot;Email logged (SMTP not configured)&quot; success message when delivered is false" time="0.059475625">
        </testcase>
        <testcase classname="src/components/SendEmailModal.test.tsx" name="SendEmailModal &gt; shows &quot;Email sent to [name]&quot; success message when delivered is true" time="0.009716834">
        </testcase>
        <testcase classname="src/components/SendEmailModal.test.tsx" name="SendEmailModal &gt; shows an error message when the API returns an error" time="0.011749292">
        </testcase>
        <testcase classname="src/components/SendEmailModal.test.tsx" name="SendEmailModal &gt; calls onCancel when the cancel button is clicked" time="0.002541292">
        </testcase>
        <testcase classname="src/components/SendEmailModal.test.tsx" name="SendEmailModal &gt; calls onClose when Escape is pressed" time="0.0029585">
        </testcase>
        <testcase classname="src/components/SendEmailModal.test.tsx" name="SendEmailModal &gt; calls onClose when backdrop is clicked" time="0.002603375">
        </testcase>
    </testsuite>
    <testsuite name="src/components/StageColumn.test.tsx" timestamp="2026-05-14T02:22:34.106Z" hostname="Lucindas-MacBook-Pro.local" tests="14" failures="0" errors="0" skipped="0" time="0.159243792">
        <testcase classname="src/components/StageColumn.test.tsx" name="StageColumn &gt; renders the stage name in the column header" time="0.059892917">
            <system-err>
⚠️ React Router Future Flag Warning: React Router will begin wrapping state updates in `React.startTransition` in v7. You can use the `v7_startTransition` future flag to opt-in early. For more information, see https://reactrouter.com/v6/upgrading/future#v7_starttransition.
⚠️ React Router Future Flag Warning: Relative route resolution within Splat routes is changing in v7. You can use the `v7_relativeSplatPath` future flag to opt-in early. For more information, see https://reactrouter.com/v6/upgrading/future#v7_relativesplatpath.

            </system-err>
        </testcase>
        <testcase classname="src/components/StageColumn.test.tsx" name="StageColumn &gt; renders deal cards when deals are present" time="0.005854125">
        </testcase>
        <testcase classname="src/components/StageColumn.test.tsx" name="StageColumn &gt; renders the empty-state message when deals array is empty" time="0.004322333">
        </testcase>
        <testcase classname="src/components/StageColumn.test.tsx" name="StageColumn &gt; does not render deal cards when deals array is empty" time="0.005005458">
        </testcase>
        <testcase classname="src/components/StageColumn.test.tsx" name="StageColumn &gt; uses testIdPrefix on the empty-state element" time="0.0064005">
        </testcase>
        <testcase classname="src/components/StageColumn.test.tsx" name="StageColumn &gt; renders deal count as 0 when deals array is empty" time="0.005030042">
        </testcase>
        <testcase classname="src/components/StageColumn.test.tsx" name="StageColumn &gt; calls onStageChange when a deal is dropped onto an open stage column" time="0.006206375">
        </testcase>
        <testcase classname="src/components/StageColumn.test.tsx" name="StageColumn &gt; calls onCloseRequested when a deal is dropped onto a terminal stage column" time="0.00504425">
        </testcase>
        <testcase classname="src/components/StageColumn.test.tsx" name="StageColumn &gt; does not call onStageChange when a deal is dropped onto its own column" time="0.005881875">
        </testcase>
        <testcase classname="src/components/StageColumn.test.tsx" name="StageColumn &gt; does not call any handler when dataTransfer carries no deal ID" time="0.027669417">
        </testcase>
        <testcase classname="src/components/StageColumn.test.tsx" name="StageColumn &gt; renders the weighted value in the column header" time="0.00546375">
        </testcase>
        <testcase classname="src/components/StageColumn.test.tsx" name="StageColumn &gt; shows $0.00 weighted value when no deals are present" time="0.003732708">
        </testcase>
        <testcase classname="src/components/StageColumn.test.tsx" name="StageColumn — mixed currency (MINCRM-189) &gt; shows the mixed-currency note instead of totals when deals have different currencies" time="0.00528975">
        </testcase>
        <testcase classname="src/components/StageColumn.test.tsx" name="StageColumn — mixed currency (MINCRM-189) &gt; shows the normal total when all deals share the same currency" time="0.004292292">
        </testcase>
    </testsuite>
    <testsuite name="src/components/SubPageNav.test.tsx" timestamp="2026-05-14T02:22:34.107Z" hostname="Lucindas-MacBook-Pro.local" tests="14" failures="0" errors="0" skipped="0" time="0.341641917">
        <testcase classname="src/components/SubPageNav.test.tsx" name="SubPageNav — vertical tab list (desktop + top nav, default) &gt; renders a tablist with role=&quot;tablist&quot;" time="0.1097375">
            <system-err>
⚠️ React Router Future Flag Warning: React Router will begin wrapping state updates in `React.startTransition` in v7. You can use the `v7_startTransition` future flag to opt-in early. For more information, see https://reactrouter.com/v6/upgrading/future#v7_starttransition.
⚠️ React Router Future Flag Warning: Relative route resolution within Splat routes is changing in v7. You can use the `v7_relativeSplatPath` future flag to opt-in early. For more information, see https://reactrouter.com/v6/upgrading/future#v7_relativesplatpath.

            </system-err>
        </testcase>
        <testcase classname="src/components/SubPageNav.test.tsx" name="SubPageNav — vertical tab list (desktop + top nav, default) &gt; renders one tab button per item" time="0.013141458">
        </testcase>
        <testcase classname="src/components/SubPageNav.test.tsx" name="SubPageNav — vertical tab list (desktop + top nav, default) &gt; marks the active tab as aria-selected=&quot;true&quot;" time="0.025314959">
        </testcase>
        <testcase classname="src/components/SubPageNav.test.tsx" name="SubPageNav — vertical tab list (desktop + top nav, default) &gt; calls onChange when an inactive tab is clicked" time="0.036090875">
        </testcase>
        <testcase classname="src/components/SubPageNav.test.tsx" name="SubPageNav — vertical tab list (desktop + top nav, default) &gt; does not call onChange when the active tab is clicked again" time="0.022297792">
        </testcase>
        <testcase classname="src/components/SubPageNav.test.tsx" name="SubPageNav — vertical tab list (desktop + top nav, default) &gt; does not render a native select element" time="0.011107667">
        </testcase>
        <testcase classname="src/components/SubPageNav.test.tsx" name="SubPageNav — horizontal tab bar (desktop + left sidebar nav) &gt; renders a horizontal tablist" time="0.006445417">
        </testcase>
        <testcase classname="src/components/SubPageNav.test.tsx" name="SubPageNav — horizontal tab bar (desktop + left sidebar nav) &gt; marks the active tab as aria-selected=&quot;true&quot;" time="0.009442334">
        </testcase>
        <testcase classname="src/components/SubPageNav.test.tsx" name="SubPageNav — horizontal tab bar (desktop + left sidebar nav) &gt; calls onChange when an inactive tab is clicked" time="0.015846042">
        </testcase>
        <testcase classname="src/components/SubPageNav.test.tsx" name="SubPageNav — horizontal tab bar (desktop + left sidebar nav) &gt; does not call onChange when the active tab is re-clicked" time="0.01744725">
        </testcase>
        <testcase classname="src/components/SubPageNav.test.tsx" name="SubPageNav — mobile select picker &gt; renders a native select element (no tablist)" time="0.0179445">
        </testcase>
        <testcase classname="src/components/SubPageNav.test.tsx" name="SubPageNav — mobile select picker &gt; select has the active key as its current value" time="0.008665">
        </testcase>
        <testcase classname="src/components/SubPageNav.test.tsx" name="SubPageNav — mobile select picker &gt; calls onChange when a different option is selected" time="0.017935">
        </testcase>
        <testcase classname="src/components/SubPageNav.test.tsx" name="SubPageNav — mobile select picker &gt; does not call onChange when the same option is re-selected" time="0.02610575">
        </testcase>
    </testsuite>
    <testsuite name="src/components/TagBadge.test.tsx" timestamp="2026-05-14T02:22:34.107Z" hostname="Lucindas-MacBook-Pro.local" tests="7" failures="0" errors="0" skipped="0" time="0.066180042">
        <testcase classname="src/components/TagBadge.test.tsx" name="TagBadge &gt; renders the tag name" time="0.030758709">
            <system-err>
⚠️ React Router Future Flag Warning: React Router will begin wrapping state updates in `React.startTransition` in v7. You can use the `v7_startTransition` future flag to opt-in early. For more information, see https://reactrouter.com/v6/upgrading/future#v7_starttransition.
⚠️ React Router Future Flag Warning: Relative route resolution within Splat routes is changing in v7. You can use the `v7_relativeSplatPath` future flag to opt-in early. For more information, see https://reactrouter.com/v6/upgrading/future#v7_relativesplatpath.

            </system-err>
        </testcase>
        <testcase classname="src/components/TagBadge.test.tsx" name="TagBadge &gt; uses data-testid based on the tag id" time="0.004291209">
        </testcase>
        <testcase classname="src/components/TagBadge.test.tsx" name="TagBadge &gt; does not render a remove button when onRemove is not provided" time="0.003429916">
        </testcase>
        <testcase classname="src/components/TagBadge.test.tsx" name="TagBadge &gt; renders a remove button when onRemove is provided" time="0.005401709">
        </testcase>
        <testcase classname="src/components/TagBadge.test.tsx" name="TagBadge &gt; calls onRemove with the tag id when the remove button is clicked" time="0.008055458">
        </testcase>
        <testcase classname="src/components/TagBadge.test.tsx" name="TagBadge &gt; disables the remove button when removing=true" time="0.004417084">
        </testcase>
        <testcase classname="src/components/TagBadge.test.tsx" name="TagBadge &gt; remove button is enabled when removing=false" time="0.004297208">
        </testcase>
    </testsuite>
    <testsuite name="src/components/TagInput.test.tsx" timestamp="2026-05-14T02:22:34.108Z" hostname="Lucindas-MacBook-Pro.local" tests="30" failures="0" errors="0" skipped="0" time="0.789173125">
        <testcase classname="src/components/TagInput.test.tsx" name="TagInput &gt; renders the text input" time="0.044492333">
            <system-err>
⚠️ React Router Future Flag Warning: React Router will begin wrapping state updates in `React.startTransition` in v7. You can use the `v7_startTransition` future flag to opt-in early. For more information, see https://reactrouter.com/v6/upgrading/future#v7_starttransition.
⚠️ React Router Future Flag Warning: Relative route resolution within Splat routes is changing in v7. You can use the `v7_relativeSplatPath` future flag to opt-in early. For more information, see https://reactrouter.com/v6/upgrading/future#v7_relativesplatpath.

            </system-err>
        </testcase>
        <testcase classname="src/components/TagInput.test.tsx" name="TagInput &gt; renders attached tag badges" time="0.008243875">
        </testcase>
        <testcase classname="src/components/TagInput.test.tsx" name="TagInput &gt; renders remove buttons for attached tags" time="0.008378333">
        </testcase>
        <testcase classname="src/components/TagInput.test.tsx" name="TagInput &gt; calls onDetach when remove button is clicked" time="0.0855565">
        </testcase>
        <testcase classname="src/components/TagInput.test.tsx" name="TagInput &gt; calls onAttach when Enter is pressed with a value" time="0.038767209">
        </testcase>
        <testcase classname="src/components/TagInput.test.tsx" name="TagInput &gt; calls onAttach when comma is pressed with a value" time="0.034283833">
        </testcase>
        <testcase classname="src/components/TagInput.test.tsx" name="TagInput &gt; clears input after Enter confirmation" time="0.041977042">
        </testcase>
        <testcase classname="src/components/TagInput.test.tsx" name="TagInput &gt; calls onDetach for last tag on Backspace when input is empty" time="0.004117292">
        </testcase>
        <testcase classname="src/components/TagInput.test.tsx" name="TagInput &gt; does not call onAttach when Enter is pressed with empty input" time="0.024298209">
        </testcase>
        <testcase classname="src/components/TagInput.test.tsx" name="TagInput &gt; disables the input when isAttaching is true" time="0.00329725">
        </testcase>
        <testcase classname="src/components/TagInput.test.tsx" name="TagInput &gt; disables the remove button for a tag being detached" time="0.003207">
        </testcase>
        <testcase classname="src/components/TagInput.test.tsx" name="TagInput &gt; shows tag suggestions when typing a matching prefix" time="0.038051708">
        </testcase>
        <testcase classname="src/components/TagInput.test.tsx" name="TagInput &gt; does not show already-attached tags in suggestions" time="0.020146292">
        </testcase>
        <testcase classname="src/components/TagInput.test.tsx" name="TagInput &gt; calls onAttach when a suggestion is clicked" time="0.0240595">
        </testcase>
        <testcase classname="src/components/TagInput.test.tsx" name="TagInput — rep with restriction enabled &gt; does not call onAttach when Enter is pressed with a non-matching value" time="0.040976167">
        </testcase>
        <testcase classname="src/components/TagInput.test.tsx" name="TagInput — rep with restriction enabled &gt; shows tag-creation-blocked hint when typing a non-matching value" time="0.039978042">
        </testcase>
        <testcase classname="src/components/TagInput.test.tsx" name="TagInput — rep with restriction enabled &gt; still calls onAttach when selecting an existing tag suggestion" time="0.019028625">
        </testcase>
        <testcase classname="src/components/TagInput.test.tsx" name="TagInput — admin with restriction enabled &gt; calls onAttach when Enter is pressed (admin is never blocked)" time="0.032206916">
        </testcase>
        <testcase classname="src/components/TagInput.test.tsx" name="TagInput — admin with restriction enabled &gt; does not show tag-creation-blocked hint for admins" time="0.036043542">
        </testcase>
        <testcase classname="src/components/TagInput.test.tsx" name="ConnectedTagInput — contact entity type &gt; renders the tag input for a contact" time="0.008873292">
        </testcase>
        <testcase classname="src/components/TagInput.test.tsx" name="ConnectedTagInput — contact entity type &gt; loads and displays tags from the contacts endpoint" time="0.010898375">
        </testcase>
        <testcase classname="src/components/TagInput.test.tsx" name="ConnectedTagInput — contact entity type &gt; attaches a tag via the contact attach endpoint" time="0.041368583">
        </testcase>
        <testcase classname="src/components/TagInput.test.tsx" name="ConnectedTagInput — contact entity type &gt; detaches a tag via the contact detach endpoint" time="0.024462542">
        </testcase>
        <testcase classname="src/components/TagInput.test.tsx" name="ConnectedTagInput — account entity type &gt; renders the tag input for an account" time="0.008755542">
        </testcase>
        <testcase classname="src/components/TagInput.test.tsx" name="ConnectedTagInput — account entity type &gt; attaches a tag via the account attach endpoint" time="0.047583666">
        </testcase>
        <testcase classname="src/components/TagInput.test.tsx" name="ConnectedTagInput — account entity type &gt; detaches a tag via the account detach endpoint" time="0.019769125">
        </testcase>
        <testcase classname="src/components/TagInput.test.tsx" name="ConnectedTagInput — deal entity type &gt; renders the tag input for a deal" time="0.007817708">
        </testcase>
        <testcase classname="src/components/TagInput.test.tsx" name="ConnectedTagInput — deal entity type &gt; attaches a tag via the deal attach endpoint" time="0.039127959">
        </testcase>
        <testcase classname="src/components/TagInput.test.tsx" name="ConnectedTagInput — deal entity type &gt; detaches a tag via the deal detach endpoint" time="0.021451709">
        </testcase>
        <testcase classname="src/components/TagInput.test.tsx" name="ConnectedTagInput — loads tags by entity type &gt; shows an empty tag list for a deal entity on initial load" time="0.008315709">
        </testcase>
    </testsuite>
    <testsuite name="src/utils/apiError.test.ts" timestamp="2026-05-14T02:22:34.109Z" hostname="Lucindas-MacBook-Pro.local" tests="14" failures="0" errors="0" skipped="0" time="0.003778792">
        <testcase classname="src/utils/apiError.test.ts" name="resolveApiError &gt; returns the translated message for a known error code" time="0.000538958">
        </testcase>
        <testcase classname="src/utils/apiError.test.ts" name="resolveApiError &gt; returns the translated message for NOT_FOUND" time="0.000095916">
        </testcase>
        <testcase classname="src/utils/apiError.test.ts" name="resolveApiError &gt; returns the translated message for VALIDATION_ERROR" time="0.000066667">
        </testcase>
        <testcase classname="src/utils/apiError.test.ts" name="resolveApiError &gt; falls back to errors.generic for an unknown error code" time="0.000074958">
        </testcase>
        <testcase classname="src/utils/apiError.test.ts" name="resolveApiError &gt; falls back to errors.generic when code is undefined" time="0.000063417">
        </testcase>
        <testcase classname="src/utils/apiError.test.ts" name="resolveApiError &gt; falls back to errors.generic when there is no response body" time="0.000053541">
        </testcase>
        <testcase classname="src/utils/apiError.test.ts" name="resolveApiError &gt; falls back to errors.generic when the error has no response at all" time="0.000049958">
        </testcase>
        <testcase classname="src/utils/apiError.test.ts" name="resolveApiError &gt; falls back to errors.generic when the error is null" time="0.00004775">
        </testcase>
        <testcase classname="src/utils/apiError.test.ts" name="resolveApiError &gt; falls back to errors.generic when the error is undefined" time="0.000057291">
        </testcase>
        <testcase classname="src/utils/apiError.test.ts" name="resolveApiError &gt; uses a custom fallbackKey when provided and the code is unknown" time="0.000073792">
        </testcase>
        <testcase classname="src/utils/apiError.test.ts" name="resolveApiError &gt; uses a custom fallbackKey when no code is present" time="0.000044917">
        </testcase>
        <testcase classname="src/utils/apiError.test.ts" name="resolveApiError &gt; does not use the raw server message string from the response body" time="0.000103625">
        </testcase>
        <testcase classname="src/utils/apiError.test.ts" name="resolveApiError &gt; prefers a known i18n translation over the custom fallbackKey" time="0.000037459">
        </testcase>
        <testcase classname="src/utils/apiError.test.ts" name="resolveApiError &gt; calls the translate function with a defaultValue of empty string for the code lookup" time="0.000683">
        </testcase>
    </testsuite>
    <testsuite name="src/utils/formatLocalDate.test.ts" timestamp="2026-05-14T02:22:34.109Z" hostname="Lucindas-MacBook-Pro.local" tests="11" failures="0" errors="0" skipped="0" time="0.014242583">
        <testcase classname="src/utils/formatLocalDate.test.ts" name="formatLocalDate &gt; formats a YYYY-MM-DD string in English" time="0.010797791">
        </testcase>
        <testcase classname="src/utils/formatLocalDate.test.ts" name="formatLocalDate &gt; formats a YYYY-MM-DD string in German" time="0.000425375">
        </testcase>
        <testcase classname="src/utils/formatLocalDate.test.ts" name="formatLocalDate &gt; formats a YYYY-MM-DD string in French" time="0.000324125">
        </testcase>
        <testcase classname="src/utils/formatLocalDate.test.ts" name="formatLocalDate &gt; formats a YYYY-MM-DD string in zh-Hans without falling back to default locale" time="0.000335125">
        </testcase>
        <testcase classname="src/utils/formatLocalDate.test.ts" name="formatLocalDate &gt; does not shift the day due to local timezone offset for date-only strings" time="0.000100542">
        </testcase>
        <testcase classname="src/utils/formatLocalDate.test.ts" name="formatLocalDate &gt; formats a full ISO timestamp string" time="0.000097292">
        </testcase>
        <testcase classname="src/utils/formatLocalDate.test.ts" name="formatLocalDate &gt; formats a Date object" time="0.0000805">
        </testcase>
        <testcase classname="src/utils/formatLocalDate.test.ts" name="formatLocalDate &gt; returns — for null" time="0.000043959">
        </testcase>
        <testcase classname="src/utils/formatLocalDate.test.ts" name="formatLocalDate &gt; returns — for undefined" time="0.000051416">
        </testcase>
        <testcase classname="src/utils/formatLocalDate.test.ts" name="formatLocalDate &gt; returns — for an empty string" time="0.000070209">
        </testcase>
        <testcase classname="src/utils/formatLocalDate.test.ts" name="formatLocalDate &gt; returns — for an invalid date string" time="0.000040917">
        </testcase>
    </testsuite>
    <testsuite name="src/pages/AccountDetailPage.test.tsx" timestamp="2026-05-14T02:22:34.110Z" hostname="Lucindas-MacBook-Pro.local" tests="19" failures="0" errors="0" skipped="0" time="1.436612041">
        <testcase classname="src/pages/AccountDetailPage.test.tsx" name="AccountDetailPage &gt; renders the account name as the page heading" time="0.316618583">
            <system-err>
⚠️ React Router Future Flag Warning: React Router will begin wrapping state updates in `React.startTransition` in v7. You can use the `v7_startTransition` future flag to opt-in early. For more information, see https://reactrouter.com/v6/upgrading/future#v7_starttransition.
⚠️ React Router Future Flag Warning: Relative route resolution within Splat routes is changing in v7. You can use the `v7_relativeSplatPath` future flag to opt-in early. For more information, see https://reactrouter.com/v6/upgrading/future#v7_relativesplatpath.

            </system-err>
        </testcase>
        <testcase classname="src/pages/AccountDetailPage.test.tsx" name="AccountDetailPage &gt; renders industry in the detail card" time="0.072951208">
        </testcase>
        <testcase classname="src/pages/AccountDetailPage.test.tsx" name="AccountDetailPage &gt; renders the back link" time="0.060051709">
        </testcase>
        <testcase classname="src/pages/AccountDetailPage.test.tsx" name="AccountDetailPage &gt; shows not-found state for a missing account" time="0.100859917">
        </testcase>
        <testcase classname="src/pages/AccountDetailPage.test.tsx" name="AccountDetailPage &gt; shows the edit form when Edit is clicked" time="0.081953333">
        </testcase>
        <testcase classname="src/pages/AccountDetailPage.test.tsx" name="AccountDetailPage &gt; hides the edit form when Cancel is clicked" time="0.079852125">
        </testcase>
        <testcase classname="src/pages/AccountDetailPage.test.tsx" name="AccountDetailPage &gt; renders the linked contacts section heading" time="0.034279834">
        </testcase>
        <testcase classname="src/pages/AccountDetailPage.test.tsx" name="AccountDetailPage &gt; renders linked contacts when contacts are linked to the account" time="0.031408458">
        </testcase>
        <testcase classname="src/pages/AccountDetailPage.test.tsx" name="AccountDetailPage &gt; renders the empty state when no contacts are linked" time="0.028423167">
        </testcase>
        <testcase classname="src/pages/AccountDetailPage.test.tsx" name="AccountDetailPage &gt; displays the owner name (not UUID) in the detail view" time="0.030926333">
        </testcase>
        <testcase classname="src/pages/AccountDetailPage.test.tsx" name="AccountDetailPage &gt; shows fallback owner text when owner is not in the active users list" time="0.026970583">
        </testcase>
        <testcase classname="src/pages/AccountDetailPage.test.tsx" name="AccountDetailPage &gt; renders the owner select immediately when the edit form opens, even if the active users query is still loading" time="0.045918917">
        </testcase>
        <testcase classname="src/pages/AccountDetailPage.test.tsx" name="AccountDetailPage &gt; shows the owner select in the edit form populated with active users" time="0.051304334">
        </testcase>
        <testcase classname="src/pages/AccountDetailPage.test.tsx" name="AccountDetailPage &gt; sends updated owner_id when owner is changed and form is saved" time="0.135770875">
        </testcase>
        <testcase classname="src/pages/AccountDetailPage.test.tsx" name="AccountDetailPage &gt; opens the confirm-delete modal when Delete is clicked" time="0.040780833">
        </testcase>
        <testcase classname="src/pages/AccountDetailPage.test.tsx" name="AccountDetailPage &gt; navigates away after modal confirm is clicked" time="0.072819583">
            <system-err>
No routes matched location &quot;/accounts&quot; 

            </system-err>
        </testcase>
        <testcase classname="src/pages/AccountDetailPage.test.tsx" name="AccountDetailPage &gt; does not delete when modal cancel is clicked" time="0.050281917">
        </testcase>
        <testcase classname="src/pages/AccountDetailPage.test.tsx" name="AccountDetailPage &gt; renders back-to-accounts link with aria-label" time="0.027718333">
        </testcase>
        <testcase classname="src/pages/AccountDetailPage.test.tsx" name="AccountDetailPage &gt; submits the edit form and returns to detail view on success" time="0.145231834">
        </testcase>
    </testsuite>
    <testsuite name="src/pages/AccountsPage.test.tsx" timestamp="2026-05-14T02:22:34.110Z" hostname="Lucindas-MacBook-Pro.local" tests="27" failures="0" errors="0" skipped="0" time="1.859881292">
        <testcase classname="src/pages/AccountsPage.test.tsx" name="AccountsPage &gt; renders the page heading" time="0.122379167">
            <system-err>
⚠️ React Router Future Flag Warning: React Router will begin wrapping state updates in `React.startTransition` in v7. You can use the `v7_startTransition` future flag to opt-in early. For more information, see https://reactrouter.com/v6/upgrading/future#v7_starttransition.
⚠️ React Router Future Flag Warning: Relative route resolution within Splat routes is changing in v7. You can use the `v7_relativeSplatPath` future flag to opt-in early. For more information, see https://reactrouter.com/v6/upgrading/future#v7_relativesplatpath.

            </system-err>
        </testcase>
        <testcase classname="src/pages/AccountsPage.test.tsx" name="AccountsPage &gt; renders the New Account button" time="0.062449875">
        </testcase>
        <testcase classname="src/pages/AccountsPage.test.tsx" name="AccountsPage &gt; renders an account row from the API" time="0.122276917">
        </testcase>
        <testcase classname="src/pages/AccountsPage.test.tsx" name="AccountsPage &gt; shows empty state when no accounts are returned" time="0.052711459">
        </testcase>
        <testcase classname="src/pages/AccountsPage.test.tsx" name="AccountsPage &gt; shows error state when the API fails" time="0.060897083">
        </testcase>
        <testcase classname="src/pages/AccountsPage.test.tsx" name="AccountsPage &gt; shows the create form when New Account is clicked" time="0.0653685">
        </testcase>
        <testcase classname="src/pages/AccountsPage.test.tsx" name="AccountsPage &gt; hides the form when Cancel is clicked" time="0.114063917">
        </testcase>
        <testcase classname="src/pages/AccountsPage.test.tsx" name="AccountsPage &gt; renders the owner column with the resolved user name" time="0.018298417">
        </testcase>
        <testcase classname="src/pages/AccountsPage.test.tsx" name="AccountsPage &gt; shows the owner toggle defaulting to All" time="0.014491292">
        </testcase>
        <testcase classname="src/pages/AccountsPage.test.tsx" name="AccountsPage &gt; filters accounts to current user when Mine toggle is clicked" time="0.058808625">
        </testcase>
        <testcase classname="src/pages/AccountsPage.test.tsx" name="AccountsPage &gt; shows fallback text for accounts with an unresolvable owner" time="0.02974925">
        </testcase>
        <testcase classname="src/pages/AccountsPage.test.tsx" name="AccountsPage &gt; renders the account name search input" time="0.01155575">
        </testcase>
        <testcase classname="src/pages/AccountsPage.test.tsx" name="AccountsPage &gt; renders the industry filter input" time="0.0124755">
        </testcase>
        <testcase classname="src/pages/AccountsPage.test.tsx" name="AccountsPage &gt; passes the search param to the API when the search input changes" time="0.348505125">
        </testcase>
        <testcase classname="src/pages/AccountsPage.test.tsx" name="AccountsPage &gt; passes the industry param to the API when the industry input changes" time="0.338200375">
        </testcase>
        <testcase classname="src/pages/AccountsPage.test.tsx" name="AccountsPage &gt; submits the create form and hides it on success" time="0.091104">
        </testcase>
        <testcase classname="src/pages/AccountsPage.test.tsx" name="AccountsPage &gt; bulk selection &gt; shows row checkboxes in the account list" time="0.018270458">
        </testcase>
        <testcase classname="src/pages/AccountsPage.test.tsx" name="AccountsPage &gt; bulk selection &gt; shows the bulk action bar after selecting a row" time="0.038375292">
        </testcase>
        <testcase classname="src/pages/AccountsPage.test.tsx" name="AccountsPage &gt; bulk selection &gt; does not show the bulk action bar before any rows are selected" time="0.014668167">
        </testcase>
        <testcase classname="src/pages/AccountsPage.test.tsx" name="AccountsPage &gt; bulk selection &gt; select-all checkbox shows bulk action bar with all rows selected" time="0.032337875">
        </testcase>
        <testcase classname="src/pages/AccountsPage.test.tsx" name="AccountsPage &gt; bulk selection &gt; clear selection hides the bulk action bar" time="0.041750583">
        </testcase>
        <testcase classname="src/pages/AccountsPage.test.tsx" name="AccountsPage &gt; bulk selection &gt; bulk delete calls the API and clears selection on success" time="0.072338875">
        </testcase>
        <testcase classname="src/pages/AccountsPage.test.tsx" name="AccountsPage &gt; CSV export buttons &gt; renders the Export CSV button" time="0.009098833">
        </testcase>
        <testcase classname="src/pages/AccountsPage.test.tsx" name="AccountsPage &gt; CSV export buttons &gt; renders the Export All button for admin users" time="0.021301667">
        </testcase>
        <testcase classname="src/pages/AccountsPage.test.tsx" name="AccountsPage &gt; CSV export buttons &gt; does not render the Export All button for rep users" time="0.024525167">
        </testcase>
        <testcase classname="src/pages/AccountsPage.test.tsx" name="AccountsPage &gt; CSV export buttons &gt; calls exportAccountsCsv when Export CSV is clicked" time="0.029512584">
        </testcase>
        <testcase classname="src/pages/AccountsPage.test.tsx" name="AccountsPage &gt; CSV export buttons &gt; calls exportAccountsCsv with all:true when Export All is clicked" time="0.030581833">
        </testcase>
    </testsuite>
    <testsuite name="src/pages/ActivitiesPage.test.tsx" timestamp="2026-05-14T02:22:34.111Z" hostname="Lucindas-MacBook-Pro.local" tests="16" failures="0" errors="0" skipped="0" time="0.448660667">
        <testcase classname="src/pages/ActivitiesPage.test.tsx" name="ActivitiesPage &gt; renders the page heading" time="0.064435792">
            <system-err>
⚠️ React Router Future Flag Warning: React Router will begin wrapping state updates in `React.startTransition` in v7. You can use the `v7_startTransition` future flag to opt-in early. For more information, see https://reactrouter.com/v6/upgrading/future#v7_starttransition.
⚠️ React Router Future Flag Warning: Relative route resolution within Splat routes is changing in v7. You can use the `v7_relativeSplatPath` future flag to opt-in early. For more information, see https://reactrouter.com/v6/upgrading/future#v7_relativesplatpath.

            </system-err>
        </testcase>
        <testcase classname="src/pages/ActivitiesPage.test.tsx" name="ActivitiesPage &gt; shows the loading state while fetching" time="0.007217084">
        </testcase>
        <testcase classname="src/pages/ActivitiesPage.test.tsx" name="ActivitiesPage &gt; shows the error state when the fetch fails" time="0.059531917">
        </testcase>
        <testcase classname="src/pages/ActivitiesPage.test.tsx" name="ActivitiesPage &gt; shows the empty state when no activities are returned" time="0.039492916">
        </testcase>
        <testcase classname="src/pages/ActivitiesPage.test.tsx" name="ActivitiesPage &gt; renders a row for each activity returned" time="0.036972708">
        </testcase>
        <testcase classname="src/pages/ActivitiesPage.test.tsx" name="ActivitiesPage &gt; shows the subject for each activity" time="0.023981292">
        </testcase>
        <testcase classname="src/pages/ActivitiesPage.test.tsx" name="ActivitiesPage &gt; renders the type badge for each activity" time="0.056995708">
        </testcase>
        <testcase classname="src/pages/ActivitiesPage.test.tsx" name="ActivitiesPage &gt; renders a link to the deal record when activity has a deal_id" time="0.031989708">
        </testcase>
        <testcase classname="src/pages/ActivitiesPage.test.tsx" name="ActivitiesPage &gt; renders a link to the contact record when activity has a contact_id" time="0.020269833">
        </testcase>
        <testcase classname="src/pages/ActivitiesPage.test.tsx" name="ActivitiesPage &gt; renders a dash when the activity has no linked record" time="0.018775667">
        </testcase>
        <testcase classname="src/pages/ActivitiesPage.test.tsx" name="ActivitiesPage &gt; passes type param to server when ?type param is set" time="0.02333675">
        </testcase>
        <testcase classname="src/pages/ActivitiesPage.test.tsx" name="ActivitiesPage &gt; shows a filter summary when type param is present" time="0.006010958">
        </testcase>
        <testcase classname="src/pages/ActivitiesPage.test.tsx" name="ActivitiesPage &gt; shows a filter summary with date range when start and end params are present" time="0.009044209">
        </testcase>
        <testcase classname="src/pages/ActivitiesPage.test.tsx" name="ActivitiesPage &gt; passes start/end params to server for date range filtering" time="0.022602667">
        </testcase>
        <testcase classname="src/pages/ActivitiesPage.test.tsx" name="ActivitiesPage &gt; scopes owner filter to &quot;me&quot; for reps regardless of URL param" time="0.0088345">
        </testcase>
        <testcase classname="src/pages/ActivitiesPage.test.tsx" name="ActivitiesPage &gt; passes owner UUID to API when admin uses ?owner param" time="0.014888375">
        </testcase>
    </testsuite>
    <testsuite name="src/pages/ActivityVolumeReportPage.test.tsx" timestamp="2026-05-14T02:22:34.112Z" hostname="Lucindas-MacBook-Pro.local" tests="32" failures="0" errors="0" skipped="0" time="0.895120292">
        <testcase classname="src/pages/ActivityVolumeReportPage.test.tsx" name="ActivityVolumeReportPage &gt; header &gt; admin sees Team Activity Report heading by default" time="0.089286291">
            <system-err>
⚠️ React Router Future Flag Warning: React Router will begin wrapping state updates in `React.startTransition` in v7. You can use the `v7_startTransition` future flag to opt-in early. For more information, see https://reactrouter.com/v6/upgrading/future#v7_starttransition.
⚠️ React Router Future Flag Warning: Relative route resolution within Splat routes is changing in v7. You can use the `v7_relativeSplatPath` future flag to opt-in early. For more information, see https://reactrouter.com/v6/upgrading/future#v7_relativesplatpath.

            </system-err>
        </testcase>
        <testcase classname="src/pages/ActivityVolumeReportPage.test.tsx" name="ActivityVolumeReportPage &gt; header &gt; renders the NavBar" time="0.041670167">
        </testcase>
        <testcase classname="src/pages/ActivityVolumeReportPage.test.tsx" name="ActivityVolumeReportPage &gt; view mode toggle (MINCRM-264) &gt; admin sees toggle buttons" time="0.023441">
        </testcase>
        <testcase classname="src/pages/ActivityVolumeReportPage.test.tsx" name="ActivityVolumeReportPage &gt; view mode toggle (MINCRM-264) &gt; heading changes to My Activity Report when admin switches to My View" time="0.109585417">
        </testcase>
        <testcase classname="src/pages/ActivityVolumeReportPage.test.tsx" name="ActivityVolumeReportPage &gt; view mode toggle (MINCRM-264) &gt; rep sees My Activity Report heading — no toggle" time="0.018625917">
        </testcase>
        <testcase classname="src/pages/ActivityVolumeReportPage.test.tsx" name="ActivityVolumeReportPage &gt; loading state &gt; shows a loading message while fetching" time="0.004444125">
        </testcase>
        <testcase classname="src/pages/ActivityVolumeReportPage.test.tsx" name="ActivityVolumeReportPage &gt; error state &gt; shows an error message when the request fails" time="0.022790667">
        </testcase>
        <testcase classname="src/pages/ActivityVolumeReportPage.test.tsx" name="ActivityVolumeReportPage &gt; table rendering &gt; renders the activity volume table when data is loaded" time="0.022433791">
        </testcase>
        <testcase classname="src/pages/ActivityVolumeReportPage.test.tsx" name="ActivityVolumeReportPage &gt; table rendering &gt; renders one row per rep in the fixture" time="0.016929916">
        </testcase>
        <testcase classname="src/pages/ActivityVolumeReportPage.test.tsx" name="ActivityVolumeReportPage &gt; table rendering &gt; renders the correct count in a cell" time="0.025995583">
        </testcase>
        <testcase classname="src/pages/ActivityVolumeReportPage.test.tsx" name="ActivityVolumeReportPage &gt; table rendering &gt; renders the totals row" time="0.026219792">
        </testcase>
        <testcase classname="src/pages/ActivityVolumeReportPage.test.tsx" name="ActivityVolumeReportPage &gt; table rendering &gt; displays the correct total in the totals row" time="0.024902792">
        </testcase>
        <testcase classname="src/pages/ActivityVolumeReportPage.test.tsx" name="ActivityVolumeReportPage &gt; table rendering &gt; displays column total for Note type" time="0.018868708">
        </testcase>
        <testcase classname="src/pages/ActivityVolumeReportPage.test.tsx" name="ActivityVolumeReportPage &gt; table rendering &gt; shows zero cells as &quot;0&quot; (not linked)" time="0.027447875">
        </testcase>
        <testcase classname="src/pages/ActivityVolumeReportPage.test.tsx" name="ActivityVolumeReportPage &gt; table rendering &gt; shows non-zero counts as links" time="0.023362791">
        </testcase>
        <testcase classname="src/pages/ActivityVolumeReportPage.test.tsx" name="ActivityVolumeReportPage &gt; empty state &gt; shows the empty state when there are no activity rows" time="0.017420958">
        </testcase>
        <testcase classname="src/pages/ActivityVolumeReportPage.test.tsx" name="ActivityVolumeReportPage &gt; filters &gt; renders the date preset filter" time="0.013595416">
        </testcase>
        <testcase classname="src/pages/ActivityVolumeReportPage.test.tsx" name="ActivityVolumeReportPage &gt; filters &gt; defaults to &quot;This month&quot; preset on mount and hides custom date inputs" time="0.007637959">
        </testcase>
        <testcase classname="src/pages/ActivityVolumeReportPage.test.tsx" name="ActivityVolumeReportPage &gt; filters &gt; shows custom date inputs when &quot;Custom range&quot; is selected" time="0.026366792">
        </testcase>
        <testcase classname="src/pages/ActivityVolumeReportPage.test.tsx" name="ActivityVolumeReportPage &gt; filters &gt; shows date range error when start is after end in custom mode" time="0.023565458">
        </testcase>
        <testcase classname="src/pages/ActivityVolumeReportPage.test.tsx" name="ActivityVolumeReportPage &gt; filters &gt; shows the owner filter dropdown for admins" time="0.026431333">
        </testcase>
        <testcase classname="src/pages/ActivityVolumeReportPage.test.tsx" name="ActivityVolumeReportPage &gt; filters &gt; does not show the owner filter dropdown for reps" time="0.031075125">
        </testcase>
        <testcase classname="src/pages/ActivityVolumeReportPage.test.tsx" name="ActivityVolumeReportPage &gt; CSV export &gt; renders the export CSV button when data is present" time="0.01909325">
        </testcase>
        <testcase classname="src/pages/ActivityVolumeReportPage.test.tsx" name="ActivityVolumeReportPage &gt; CSV export &gt; does not render the export button when rows are empty" time="0.012950042">
        </testcase>
        <testcase classname="src/pages/ActivityVolumeReportPage.test.tsx" name="ActivityVolumeReportPage &gt; CSV export — download trigger &gt; clicking export CSV triggers a download (createObjectURL called)" time="0.017172459">
        </testcase>
        <testcase classname="src/pages/ActivityVolumeReportPage.test.tsx" name="ActivityVolumeReportPage &gt; owner filter — selection &gt; owner filter select updates its value when a user is selected" time="0.059833417">
        </testcase>
        <testcase classname="src/pages/ActivityVolumeReportPage.test.tsx" name="ActivityVolumeReportPage &gt; non-zero cell links &gt; cell link navigates to activities page with correct query params" time="0.019812625">
        </testcase>
        <testcase classname="src/pages/ActivityVolumeReportPage.test.tsx" name="ActivityVolumeReportPage &gt; team view heading section &gt; shows the rep breakdown heading in team view with data" time="0.029823625">
        </testcase>
        <testcase classname="src/pages/ActivityVolumeReportPage.test.tsx" name="ActivityVolumeReportPage &gt; date preset filters — full coverage (MINCRM-303) &gt; selects the &quot;This week&quot; preset and triggers a fetch" time="0.021679125">
        </testcase>
        <testcase classname="src/pages/ActivityVolumeReportPage.test.tsx" name="ActivityVolumeReportPage &gt; date preset filters — full coverage (MINCRM-303) &gt; selects the &quot;This quarter&quot; preset and triggers a fetch" time="0.01859575">
        </testcase>
        <testcase classname="src/pages/ActivityVolumeReportPage.test.tsx" name="ActivityVolumeReportPage &gt; date preset filters — full coverage (MINCRM-303) &gt; selects the &quot;Today&quot; preset and triggers a fetch" time="0.018746375">
        </testcase>
        <testcase classname="src/pages/ActivityVolumeReportPage.test.tsx" name="ActivityVolumeReportPage &gt; date preset filters — full coverage (MINCRM-303) &gt; custom range: changing start date triggers a fetch with the new start" time="0.030444916">
        </testcase>
    </testsuite>
    <testsuite name="src/pages/AdminSettingsPage.test.tsx" timestamp="2026-05-14T02:22:34.113Z" hostname="Lucindas-MacBook-Pro.local" tests="52" failures="0" errors="0" skipped="0" time="2.320612125">
        <testcase classname="src/pages/AdminSettingsPage.test.tsx" name="AdminSettingsPage &gt; loading state &gt; shows loading text while fetching the current setting" time="0.054949917">
            <system-err>
⚠️ React Router Future Flag Warning: React Router will begin wrapping state updates in `React.startTransition` in v7. You can use the `v7_startTransition` future flag to opt-in early. For more information, see https://reactrouter.com/v6/upgrading/future#v7_starttransition.
⚠️ React Router Future Flag Warning: Relative route resolution within Splat routes is changing in v7. You can use the `v7_relativeSplatPath` future flag to opt-in early. For more information, see https://reactrouter.com/v6/upgrading/future#v7_relativesplatpath.

            </system-err>
        </testcase>
        <testcase classname="src/pages/AdminSettingsPage.test.tsx" name="AdminSettingsPage &gt; load error state &gt; shows an error alert when the settings API fails on load" time="0.092334167">
        </testcase>
        <testcase classname="src/pages/AdminSettingsPage.test.tsx" name="AdminSettingsPage &gt; load error state &gt; does not render the form when the settings API fails on load" time="0.026038542">
        </testcase>
        <testcase classname="src/pages/AdminSettingsPage.test.tsx" name="AdminSettingsPage &gt; page render &gt; renders the page heading" time="0.01753425">
        </testcase>
        <testcase classname="src/pages/AdminSettingsPage.test.tsx" name="AdminSettingsPage &gt; page render &gt; renders the language select with the current default selected" time="0.045939292">
        </testcase>
        <testcase classname="src/pages/AdminSettingsPage.test.tsx" name="AdminSettingsPage &gt; page render &gt; renders the save button" time="0.061815083">
        </testcase>
        <testcase classname="src/pages/AdminSettingsPage.test.tsx" name="AdminSettingsPage &gt; save action &gt; shows success message after a successful save" time="0.207026334">
            <system-err>
Warning: An update to GlobalSearch inside a test was not wrapped in act(...).

When testing, code that causes React state updates should be wrapped into act(...):

act(() =&gt; {
  /* fire events that update state */
});
/* assert on the output */

This ensures that you&apos;re testing the behavior the user would see in the browser. Learn more at https://reactjs.org/link/wrap-tests-with-act
    at GlobalSearch (/Users/rob/dev/minicrm/client/src/components/GlobalSearch.tsx:30:56)
    at div
    at div
    at NavHeader (/Users/rob/dev/minicrm/client/src/components/NavHeader.tsx:45:22)
    at div
    at NavTop (/Users/rob/dev/minicrm/client/src/components/NavTop.tsx:54:62)
    at NavBar (/Users/rob/dev/minicrm/client/src/components/NavBar.tsx:41:59)
    at div
    at AdminSettingsPage (/Users/rob/dev/minicrm/client/src/pages/AdminSettingsPage.tsx:63:56)
    at NavLayoutProvider (/Users/rob/dev/minicrm/client/src/components/NavLayoutContext.tsx:25:30)
    at BrandingProvider (/Users/rob/dev/minicrm/client/src/context/BrandingContext.tsx:90:29)
    at BreakpointProvider (/Users/rob/dev/minicrm/client/src/context/BreakpointContext.tsx:28:31)
    at Router (/Users/rob/dev/minicrm/client/node_modules/react-router/dist/umd/react-router.development.js:1207:17)
    at MemoryRouter (/Users/rob/dev/minicrm/client/node_modules/react-router/dist/umd/react-router.development.js:1101:7)
    at QueryClientProvider (file:///Users/rob/dev/minicrm/client/node_modules/@tanstack/react-query/build/modern/QueryClientProvider.js:20:3)
Warning: An update to NavHeader inside a test was not wrapped in act(...).

When testing, code that causes React state updates should be wrapped into act(...):

act(() =&gt; {
  /* fire events that update state */
});
/* assert on the output */

This ensures that you&apos;re testing the behavior the user would see in the browser. Learn more at https://reactjs.org/link/wrap-tests-with-act
    at NavHeader (/Users/rob/dev/minicrm/client/src/components/NavHeader.tsx:45:22)
    at div
    at NavTop (/Users/rob/dev/minicrm/client/src/components/NavTop.tsx:54:62)
    at NavBar (/Users/rob/dev/minicrm/client/src/components/NavBar.tsx:41:59)
    at div
    at AdminSettingsPage (/Users/rob/dev/minicrm/client/src/pages/AdminSettingsPage.tsx:63:56)
    at NavLayoutProvider (/Users/rob/dev/minicrm/client/src/components/NavLayoutContext.tsx:25:30)
    at BrandingProvider (/Users/rob/dev/minicrm/client/src/context/BrandingContext.tsx:90:29)
    at BreakpointProvider (/Users/rob/dev/minicrm/client/src/context/BreakpointContext.tsx:28:31)
    at Router (/Users/rob/dev/minicrm/client/node_modules/react-router/dist/umd/react-router.development.js:1207:17)
    at MemoryRouter (/Users/rob/dev/minicrm/client/node_modules/react-router/dist/umd/react-router.development.js:1101:7)
    at QueryClientProvider (file:///Users/rob/dev/minicrm/client/node_modules/@tanstack/react-query/build/modern/QueryClientProvider.js:20:3)
Warning: An update to NavTop inside a test was not wrapped in act(...).

When testing, code that causes React state updates should be wrapped into act(...):

act(() =&gt; {
  /* fire events that update state */
});
/* assert on the output */

This ensures that you&apos;re testing the behavior the user would see in the browser. Learn more at https://reactjs.org/link/wrap-tests-with-act
    at NavTop (/Users/rob/dev/minicrm/client/src/components/NavTop.tsx:54:62)
    at NavBar (/Users/rob/dev/minicrm/client/src/components/NavBar.tsx:41:59)
    at div
    at AdminSettingsPage (/Users/rob/dev/minicrm/client/src/pages/AdminSettingsPage.tsx:63:56)
    at NavLayoutProvider (/Users/rob/dev/minicrm/client/src/components/NavLayoutContext.tsx:25:30)
    at BrandingProvider (/Users/rob/dev/minicrm/client/src/context/BrandingContext.tsx:90:29)
    at BreakpointProvider (/Users/rob/dev/minicrm/client/src/context/BreakpointContext.tsx:28:31)
    at Router (/Users/rob/dev/minicrm/client/node_modules/react-router/dist/umd/react-router.development.js:1207:17)
    at MemoryRouter (/Users/rob/dev/minicrm/client/node_modules/react-router/dist/umd/react-router.development.js:1101:7)
    at QueryClientProvider (file:///Users/rob/dev/minicrm/client/node_modules/@tanstack/react-query/build/modern/QueryClientProvider.js:20:3)
Warning: An update to OnboardingBanner inside a test was not wrapped in act(...).

When testing, code that causes React state updates should be wrapped into act(...):

act(() =&gt; {
  /* fire events that update state */
});
/* assert on the output */

This ensures that you&apos;re testing the behavior the user would see in the browser. Learn more at https://reactjs.org/link/wrap-tests-with-act
    at OnboardingBanner (/Users/rob/dev/minicrm/client/src/components/OnboardingBanner.tsx:40:56)
    at NavBar (/Users/rob/dev/minicrm/client/src/components/NavBar.tsx:41:59)
    at div
    at AdminSettingsPage (/Users/rob/dev/minicrm/client/src/pages/AdminSettingsPage.tsx:63:56)
    at NavLayoutProvider (/Users/rob/dev/minicrm/client/src/components/NavLayoutContext.tsx:25:30)
    at BrandingProvider (/Users/rob/dev/minicrm/client/src/context/BrandingContext.tsx:90:29)
    at BreakpointProvider (/Users/rob/dev/minicrm/client/src/context/BreakpointContext.tsx:28:31)
    at Router (/Users/rob/dev/minicrm/client/node_modules/react-router/dist/umd/react-router.development.js:1207:17)
    at MemoryRouter (/Users/rob/dev/minicrm/client/node_modules/react-router/dist/umd/react-router.development.js:1101:7)
    at QueryClientProvider (file:///Users/rob/dev/minicrm/client/node_modules/@tanstack/react-query/build/modern/QueryClientProvider.js:20:3)
Warning: An update to AdminSettingsPage inside a test was not wrapped in act(...).

When testing, code that causes React state updates should be wrapped into act(...):

act(() =&gt; {
  /* fire events that update state */
});
/* assert on the output */

This ensures that you&apos;re testing the behavior the user would see in the browser. Learn more at https://reactjs.org/link/wrap-tests-with-act
    at AdminSettingsPage (/Users/rob/dev/minicrm/client/src/pages/AdminSettingsPage.tsx:63:56)
    at NavLayoutProvider (/Users/rob/dev/minicrm/client/src/components/NavLayoutContext.tsx:25:30)
    at BrandingProvider (/Users/rob/dev/minicrm/client/src/context/BrandingContext.tsx:90:29)
    at BreakpointProvider (/Users/rob/dev/minicrm/client/src/context/BreakpointContext.tsx:28:31)
    at Router (/Users/rob/dev/minicrm/client/node_modules/react-router/dist/umd/react-router.development.js:1207:17)
    at MemoryRouter (/Users/rob/dev/minicrm/client/node_modules/react-router/dist/umd/react-router.development.js:1101:7)
    at QueryClientProvider (file:///Users/rob/dev/minicrm/client/node_modules/@tanstack/react-query/build/modern/QueryClientProvider.js:20:3)
Warning: An update to GeneralSettings inside a test was not wrapped in act(...).

When testing, code that causes React state updates should be wrapped into act(...):

act(() =&gt; {
  /* fire events that update state */
});
/* assert on the output */

This ensures that you&apos;re testing the behavior the user would see in the browser. Learn more at https://reactjs.org/link/wrap-tests-with-act
    at GeneralSettings (/Users/rob/dev/minicrm/client/src/pages/admin/GeneralSettings.tsx:30:56)
    at div
    at div
    at main
    at div
    at AdminSettingsPage (/Users/rob/dev/minicrm/client/src/pages/AdminSettingsPage.tsx:63:56)
    at NavLayoutProvider (/Users/rob/dev/minicrm/client/src/components/NavLayoutContext.tsx:25:30)
    at BrandingProvider (/Users/rob/dev/minicrm/client/src/context/BrandingContext.tsx:90:29)
    at BreakpointProvider (/Users/rob/dev/minicrm/client/src/context/BreakpointContext.tsx:28:31)
    at Router (/Users/rob/dev/minicrm/client/node_modules/react-router/dist/umd/react-router.development.js:1207:17)
    at MemoryRouter (/Users/rob/dev/minicrm/client/node_modules/react-router/dist/umd/react-router.development.js:1101:7)
    at QueryClientProvider (file:///Users/rob/dev/minicrm/client/node_modules/@tanstack/react-query/build/modern/QueryClientProvider.js:20:3)

            </system-err>
        </testcase>
        <testcase classname="src/pages/AdminSettingsPage.test.tsx" name="AdminSettingsPage &gt; save action &gt; does not show an error message after a successful save" time="0.086500833">
            <system-err>
Warning: An update to GlobalSearch inside a test was not wrapped in act(...).

When testing, code that causes React state updates should be wrapped into act(...):

act(() =&gt; {
  /* fire events that update state */
});
/* assert on the output */

This ensures that you&apos;re testing the behavior the user would see in the browser. Learn more at https://reactjs.org/link/wrap-tests-with-act
    at GlobalSearch (/Users/rob/dev/minicrm/client/src/components/GlobalSearch.tsx:30:56)
    at div
    at div
    at NavHeader (/Users/rob/dev/minicrm/client/src/components/NavHeader.tsx:45:22)
    at div
    at NavTop (/Users/rob/dev/minicrm/client/src/components/NavTop.tsx:54:62)
    at NavBar (/Users/rob/dev/minicrm/client/src/components/NavBar.tsx:41:59)
    at div
    at AdminSettingsPage (/Users/rob/dev/minicrm/client/src/pages/AdminSettingsPage.tsx:63:56)
    at NavLayoutProvider (/Users/rob/dev/minicrm/client/src/components/NavLayoutContext.tsx:25:30)
    at BrandingProvider (/Users/rob/dev/minicrm/client/src/context/BrandingContext.tsx:90:29)
    at BreakpointProvider (/Users/rob/dev/minicrm/client/src/context/BreakpointContext.tsx:28:31)
    at Router (/Users/rob/dev/minicrm/client/node_modules/react-router/dist/umd/react-router.development.js:1207:17)
    at MemoryRouter (/Users/rob/dev/minicrm/client/node_modules/react-router/dist/umd/react-router.development.js:1101:7)
    at QueryClientProvider (file:///Users/rob/dev/minicrm/client/node_modules/@tanstack/react-query/build/modern/QueryClientProvider.js:20:3)
Warning: An update to NavHeader inside a test was not wrapped in act(...).

When testing, code that causes React state updates should be wrapped into act(...):

act(() =&gt; {
  /* fire events that update state */
});
/* assert on the output */

This ensures that you&apos;re testing the behavior the user would see in the browser. Learn more at https://reactjs.org/link/wrap-tests-with-act
    at NavHeader (/Users/rob/dev/minicrm/client/src/components/NavHeader.tsx:45:22)
    at div
    at NavTop (/Users/rob/dev/minicrm/client/src/components/NavTop.tsx:54:62)
    at NavBar (/Users/rob/dev/minicrm/client/src/components/NavBar.tsx:41:59)
    at div
    at AdminSettingsPage (/Users/rob/dev/minicrm/client/src/pages/AdminSettingsPage.tsx:63:56)
    at NavLayoutProvider (/Users/rob/dev/minicrm/client/src/components/NavLayoutContext.tsx:25:30)
    at BrandingProvider (/Users/rob/dev/minicrm/client/src/context/BrandingContext.tsx:90:29)
    at BreakpointProvider (/Users/rob/dev/minicrm/client/src/context/BreakpointContext.tsx:28:31)
    at Router (/Users/rob/dev/minicrm/client/node_modules/react-router/dist/umd/react-router.development.js:1207:17)
    at MemoryRouter (/Users/rob/dev/minicrm/client/node_modules/react-router/dist/umd/react-router.development.js:1101:7)
    at QueryClientProvider (file:///Users/rob/dev/minicrm/client/node_modules/@tanstack/react-query/build/modern/QueryClientProvider.js:20:3)
Warning: An update to NavTop inside a test was not wrapped in act(...).

When testing, code that causes React state updates should be wrapped into act(...):

act(() =&gt; {
  /* fire events that update state */
});
/* assert on the output */

This ensures that you&apos;re testing the behavior the user would see in the browser. Learn more at https://reactjs.org/link/wrap-tests-with-act
    at NavTop (/Users/rob/dev/minicrm/client/src/components/NavTop.tsx:54:62)
    at NavBar (/Users/rob/dev/minicrm/client/src/components/NavBar.tsx:41:59)
    at div
    at AdminSettingsPage (/Users/rob/dev/minicrm/client/src/pages/AdminSettingsPage.tsx:63:56)
    at NavLayoutProvider (/Users/rob/dev/minicrm/client/src/components/NavLayoutContext.tsx:25:30)
    at BrandingProvider (/Users/rob/dev/minicrm/client/src/context/BrandingContext.tsx:90:29)
    at BreakpointProvider (/Users/rob/dev/minicrm/client/src/context/BreakpointContext.tsx:28:31)
    at Router (/Users/rob/dev/minicrm/client/node_modules/react-router/dist/umd/react-router.development.js:1207:17)
    at MemoryRouter (/Users/rob/dev/minicrm/client/node_modules/react-router/dist/umd/react-router.development.js:1101:7)
    at QueryClientProvider (file:///Users/rob/dev/minicrm/client/node_modules/@tanstack/react-query/build/modern/QueryClientProvider.js:20:3)
Warning: An update to OnboardingBanner inside a test was not wrapped in act(...).

When testing, code that causes React state updates should be wrapped into act(...):

act(() =&gt; {
  /* fire events that update state */
});
/* assert on the output */

This ensures that you&apos;re testing the behavior the user would see in the browser. Learn more at https://reactjs.org/link/wrap-tests-with-act
    at OnboardingBanner (/Users/rob/dev/minicrm/client/src/components/OnboardingBanner.tsx:40:56)
    at NavBar (/Users/rob/dev/minicrm/client/src/components/NavBar.tsx:41:59)
    at div
    at AdminSettingsPage (/Users/rob/dev/minicrm/client/src/pages/AdminSettingsPage.tsx:63:56)
    at NavLayoutProvider (/Users/rob/dev/minicrm/client/src/components/NavLayoutContext.tsx:25:30)
    at BrandingProvider (/Users/rob/dev/minicrm/client/src/context/BrandingContext.tsx:90:29)
    at BreakpointProvider (/Users/rob/dev/minicrm/client/src/context/BreakpointContext.tsx:28:31)
    at Router (/Users/rob/dev/minicrm/client/node_modules/react-router/dist/umd/react-router.development.js:1207:17)
    at MemoryRouter (/Users/rob/dev/minicrm/client/node_modules/react-router/dist/umd/react-router.development.js:1101:7)
    at QueryClientProvider (file:///Users/rob/dev/minicrm/client/node_modules/@tanstack/react-query/build/modern/QueryClientProvider.js:20:3)
Warning: An update to AdminSettingsPage inside a test was not wrapped in act(...).

When testing, code that causes React state updates should be wrapped into act(...):

act(() =&gt; {
  /* fire events that update state */
});
/* assert on the output */

This ensures that you&apos;re testing the behavior the user would see in the browser. Learn more at https://reactjs.org/link/wrap-tests-with-act
    at AdminSettingsPage (/Users/rob/dev/minicrm/client/src/pages/AdminSettingsPage.tsx:63:56)
    at NavLayoutProvider (/Users/rob/dev/minicrm/client/src/components/NavLayoutContext.tsx:25:30)
    at BrandingProvider (/Users/rob/dev/minicrm/client/src/context/BrandingContext.tsx:90:29)
    at BreakpointProvider (/Users/rob/dev/minicrm/client/src/context/BreakpointContext.tsx:28:31)
    at Router (/Users/rob/dev/minicrm/client/node_modules/react-router/dist/umd/react-router.development.js:1207:17)
    at MemoryRouter (/Users/rob/dev/minicrm/client/node_modules/react-router/dist/umd/react-router.development.js:1101:7)
    at QueryClientProvider (file:///Users/rob/dev/minicrm/client/node_modules/@tanstack/react-query/build/modern/QueryClientProvider.js:20:3)
Warning: An update to GeneralSettings inside a test was not wrapped in act(...).

When testing, code that causes React state updates should be wrapped into act(...):

act(() =&gt; {
  /* fire events that update state */
});
/* assert on the output */

This ensures that you&apos;re testing the behavior the user would see in the browser. Learn more at https://reactjs.org/link/wrap-tests-with-act
    at GeneralSettings (/Users/rob/dev/minicrm/client/src/pages/admin/GeneralSettings.tsx:30:56)
    at div
    at div
    at main
    at div
    at AdminSettingsPage (/Users/rob/dev/minicrm/client/src/pages/AdminSettingsPage.tsx:63:56)
    at NavLayoutProvider (/Users/rob/dev/minicrm/client/src/components/NavLayoutContext.tsx:25:30)
    at BrandingProvider (/Users/rob/dev/minicrm/client/src/context/BrandingContext.tsx:90:29)
    at BreakpointProvider (/Users/rob/dev/minicrm/client/src/context/BreakpointContext.tsx:28:31)
    at Router (/Users/rob/dev/minicrm/client/node_modules/react-router/dist/umd/react-router.development.js:1207:17)
    at MemoryRouter (/Users/rob/dev/minicrm/client/node_modules/react-router/dist/umd/react-router.development.js:1101:7)
    at QueryClientProvider (file:///Users/rob/dev/minicrm/client/node_modules/@tanstack/react-query/build/modern/QueryClientProvider.js:20:3)

            </system-err>
        </testcase>
        <testcase classname="src/pages/AdminSettingsPage.test.tsx" name="AdminSettingsPage &gt; save action &gt; shows an error message when the save request fails" time="0.045253917">
            <system-err>
Warning: An update to GlobalSearch inside a test was not wrapped in act(...).

When testing, code that causes React state updates should be wrapped into act(...):

act(() =&gt; {
  /* fire events that update state */
});
/* assert on the output */

This ensures that you&apos;re testing the behavior the user would see in the browser. Learn more at https://reactjs.org/link/wrap-tests-with-act
    at GlobalSearch (/Users/rob/dev/minicrm/client/src/components/GlobalSearch.tsx:30:56)
    at div
    at div
    at NavHeader (/Users/rob/dev/minicrm/client/src/components/NavHeader.tsx:45:22)
    at div
    at NavTop (/Users/rob/dev/minicrm/client/src/components/NavTop.tsx:54:62)
    at NavBar (/Users/rob/dev/minicrm/client/src/components/NavBar.tsx:41:59)
    at div
    at AdminSettingsPage (/Users/rob/dev/minicrm/client/src/pages/AdminSettingsPage.tsx:63:56)
    at NavLayoutProvider (/Users/rob/dev/minicrm/client/src/components/NavLayoutContext.tsx:25:30)
    at BrandingProvider (/Users/rob/dev/minicrm/client/src/context/BrandingContext.tsx:90:29)
    at BreakpointProvider (/Users/rob/dev/minicrm/client/src/context/BreakpointContext.tsx:28:31)
    at Router (/Users/rob/dev/minicrm/client/node_modules/react-router/dist/umd/react-router.development.js:1207:17)
    at MemoryRouter (/Users/rob/dev/minicrm/client/node_modules/react-router/dist/umd/react-router.development.js:1101:7)
    at QueryClientProvider (file:///Users/rob/dev/minicrm/client/node_modules/@tanstack/react-query/build/modern/QueryClientProvider.js:20:3)
Warning: An update to NavHeader inside a test was not wrapped in act(...).

When testing, code that causes React state updates should be wrapped into act(...):

act(() =&gt; {
  /* fire events that update state */
});
/* assert on the output */

This ensures that you&apos;re testing the behavior the user would see in the browser. Learn more at https://reactjs.org/link/wrap-tests-with-act
    at NavHeader (/Users/rob/dev/minicrm/client/src/components/NavHeader.tsx:45:22)
    at div
    at NavTop (/Users/rob/dev/minicrm/client/src/components/NavTop.tsx:54:62)
    at NavBar (/Users/rob/dev/minicrm/client/src/components/NavBar.tsx:41:59)
    at div
    at AdminSettingsPage (/Users/rob/dev/minicrm/client/src/pages/AdminSettingsPage.tsx:63:56)
    at NavLayoutProvider (/Users/rob/dev/minicrm/client/src/components/NavLayoutContext.tsx:25:30)
    at BrandingProvider (/Users/rob/dev/minicrm/client/src/context/BrandingContext.tsx:90:29)
    at BreakpointProvider (/Users/rob/dev/minicrm/client/src/context/BreakpointContext.tsx:28:31)
    at Router (/Users/rob/dev/minicrm/client/node_modules/react-router/dist/umd/react-router.development.js:1207:17)
    at MemoryRouter (/Users/rob/dev/minicrm/client/node_modules/react-router/dist/umd/react-router.development.js:1101:7)
    at QueryClientProvider (file:///Users/rob/dev/minicrm/client/node_modules/@tanstack/react-query/build/modern/QueryClientProvider.js:20:3)
Warning: An update to NavTop inside a test was not wrapped in act(...).

When testing, code that causes React state updates should be wrapped into act(...):

act(() =&gt; {
  /* fire events that update state */
});
/* assert on the output */

This ensures that you&apos;re testing the behavior the user would see in the browser. Learn more at https://reactjs.org/link/wrap-tests-with-act
    at NavTop (/Users/rob/dev/minicrm/client/src/components/NavTop.tsx:54:62)
    at NavBar (/Users/rob/dev/minicrm/client/src/components/NavBar.tsx:41:59)
    at div
    at AdminSettingsPage (/Users/rob/dev/minicrm/client/src/pages/AdminSettingsPage.tsx:63:56)
    at NavLayoutProvider (/Users/rob/dev/minicrm/client/src/components/NavLayoutContext.tsx:25:30)
    at BrandingProvider (/Users/rob/dev/minicrm/client/src/context/BrandingContext.tsx:90:29)
    at BreakpointProvider (/Users/rob/dev/minicrm/client/src/context/BreakpointContext.tsx:28:31)
    at Router (/Users/rob/dev/minicrm/client/node_modules/react-router/dist/umd/react-router.development.js:1207:17)
    at MemoryRouter (/Users/rob/dev/minicrm/client/node_modules/react-router/dist/umd/react-router.development.js:1101:7)
    at QueryClientProvider (file:///Users/rob/dev/minicrm/client/node_modules/@tanstack/react-query/build/modern/QueryClientProvider.js:20:3)
Warning: An update to OnboardingBanner inside a test was not wrapped in act(...).

When testing, code that causes React state updates should be wrapped into act(...):

act(() =&gt; {
  /* fire events that update state */
});
/* assert on the output */

This ensures that you&apos;re testing the behavior the user would see in the browser. Learn more at https://reactjs.org/link/wrap-tests-with-act
    at OnboardingBanner (/Users/rob/dev/minicrm/client/src/components/OnboardingBanner.tsx:40:56)
    at NavBar (/Users/rob/dev/minicrm/client/src/components/NavBar.tsx:41:59)
    at div
    at AdminSettingsPage (/Users/rob/dev/minicrm/client/src/pages/AdminSettingsPage.tsx:63:56)
    at NavLayoutProvider (/Users/rob/dev/minicrm/client/src/components/NavLayoutContext.tsx:25:30)
    at BrandingProvider (/Users/rob/dev/minicrm/client/src/context/BrandingContext.tsx:90:29)
    at BreakpointProvider (/Users/rob/dev/minicrm/client/src/context/BreakpointContext.tsx:28:31)
    at Router (/Users/rob/dev/minicrm/client/node_modules/react-router/dist/umd/react-router.development.js:1207:17)
    at MemoryRouter (/Users/rob/dev/minicrm/client/node_modules/react-router/dist/umd/react-router.development.js:1101:7)
    at QueryClientProvider (file:///Users/rob/dev/minicrm/client/node_modules/@tanstack/react-query/build/modern/QueryClientProvider.js:20:3)
Warning: An update to AdminSettingsPage inside a test was not wrapped in act(...).

When testing, code that causes React state updates should be wrapped into act(...):

act(() =&gt; {
  /* fire events that update state */
});
/* assert on the output */

This ensures that you&apos;re testing the behavior the user would see in the browser. Learn more at https://reactjs.org/link/wrap-tests-with-act
    at AdminSettingsPage (/Users/rob/dev/minicrm/client/src/pages/AdminSettingsPage.tsx:63:56)
    at NavLayoutProvider (/Users/rob/dev/minicrm/client/src/components/NavLayoutContext.tsx:25:30)
    at BrandingProvider (/Users/rob/dev/minicrm/client/src/context/BrandingContext.tsx:90:29)
    at BreakpointProvider (/Users/rob/dev/minicrm/client/src/context/BreakpointContext.tsx:28:31)
    at Router (/Users/rob/dev/minicrm/client/node_modules/react-router/dist/umd/react-router.development.js:1207:17)
    at MemoryRouter (/Users/rob/dev/minicrm/client/node_modules/react-router/dist/umd/react-router.development.js:1101:7)
    at QueryClientProvider (file:///Users/rob/dev/minicrm/client/node_modules/@tanstack/react-query/build/modern/QueryClientProvider.js:20:3)
Warning: An update to GeneralSettings inside a test was not wrapped in act(...).

When testing, code that causes React state updates should be wrapped into act(...):

act(() =&gt; {
  /* fire events that update state */
});
/* assert on the output */

This ensures that you&apos;re testing the behavior the user would see in the browser. Learn more at https://reactjs.org/link/wrap-tests-with-act
    at GeneralSettings (/Users/rob/dev/minicrm/client/src/pages/admin/GeneralSettings.tsx:30:56)
    at div
    at div
    at main
    at div
    at AdminSettingsPage (/Users/rob/dev/minicrm/client/src/pages/AdminSettingsPage.tsx:63:56)
    at NavLayoutProvider (/Users/rob/dev/minicrm/client/src/components/NavLayoutContext.tsx:25:30)
    at BrandingProvider (/Users/rob/dev/minicrm/client/src/context/BrandingContext.tsx:90:29)
    at BreakpointProvider (/Users/rob/dev/minicrm/client/src/context/BreakpointContext.tsx:28:31)
    at Router (/Users/rob/dev/minicrm/client/node_modules/react-router/dist/umd/react-router.development.js:1207:17)
    at MemoryRouter (/Users/rob/dev/minicrm/client/node_modules/react-router/dist/umd/react-router.development.js:1101:7)
    at QueryClientProvider (file:///Users/rob/dev/minicrm/client/node_modules/@tanstack/react-query/build/modern/QueryClientProvider.js:20:3)

            </system-err>
        </testcase>
        <testcase classname="src/pages/AdminSettingsPage.test.tsx" name="AdminSettingsPage &gt; save action &gt; shows an error message when the server rejects the language value (400)" time="0.044773541">
            <system-err>
Warning: An update to GlobalSearch inside a test was not wrapped in act(...).

When testing, code that causes React state updates should be wrapped into act(...):

act(() =&gt; {
  /* fire events that update state */
});
/* assert on the output */

This ensures that you&apos;re testing the behavior the user would see in the browser. Learn more at https://reactjs.org/link/wrap-tests-with-act
    at GlobalSearch (/Users/rob/dev/minicrm/client/src/components/GlobalSearch.tsx:30:56)
    at div
    at div
    at NavHeader (/Users/rob/dev/minicrm/client/src/components/NavHeader.tsx:45:22)
    at div
    at NavTop (/Users/rob/dev/minicrm/client/src/components/NavTop.tsx:54:62)
    at NavBar (/Users/rob/dev/minicrm/client/src/components/NavBar.tsx:41:59)
    at div
    at AdminSettingsPage (/Users/rob/dev/minicrm/client/src/pages/AdminSettingsPage.tsx:63:56)
    at NavLayoutProvider (/Users/rob/dev/minicrm/client/src/components/NavLayoutContext.tsx:25:30)
    at BrandingProvider (/Users/rob/dev/minicrm/client/src/context/BrandingContext.tsx:90:29)
    at BreakpointProvider (/Users/rob/dev/minicrm/client/src/context/BreakpointContext.tsx:28:31)
    at Router (/Users/rob/dev/minicrm/client/node_modules/react-router/dist/umd/react-router.development.js:1207:17)
    at MemoryRouter (/Users/rob/dev/minicrm/client/node_modules/react-router/dist/umd/react-router.development.js:1101:7)
    at QueryClientProvider (file:///Users/rob/dev/minicrm/client/node_modules/@tanstack/react-query/build/modern/QueryClientProvider.js:20:3)
Warning: An update to NavHeader inside a test was not wrapped in act(...).

When testing, code that causes React state updates should be wrapped into act(...):

act(() =&gt; {
  /* fire events that update state */
});
/* assert on the output */

This ensures that you&apos;re testing the behavior the user would see in the browser. Learn more at https://reactjs.org/link/wrap-tests-with-act
    at NavHeader (/Users/rob/dev/minicrm/client/src/components/NavHeader.tsx:45:22)
    at div
    at NavTop (/Users/rob/dev/minicrm/client/src/components/NavTop.tsx:54:62)
    at NavBar (/Users/rob/dev/minicrm/client/src/components/NavBar.tsx:41:59)
    at div
    at AdminSettingsPage (/Users/rob/dev/minicrm/client/src/pages/AdminSettingsPage.tsx:63:56)
    at NavLayoutProvider (/Users/rob/dev/minicrm/client/src/components/NavLayoutContext.tsx:25:30)
    at BrandingProvider (/Users/rob/dev/minicrm/client/src/context/BrandingContext.tsx:90:29)
    at BreakpointProvider (/Users/rob/dev/minicrm/client/src/context/BreakpointContext.tsx:28:31)
    at Router (/Users/rob/dev/minicrm/client/node_modules/react-router/dist/umd/react-router.development.js:1207:17)
    at MemoryRouter (/Users/rob/dev/minicrm/client/node_modules/react-router/dist/umd/react-router.development.js:1101:7)
    at QueryClientProvider (file:///Users/rob/dev/minicrm/client/node_modules/@tanstack/react-query/build/modern/QueryClientProvider.js:20:3)
Warning: An update to NavTop inside a test was not wrapped in act(...).

When testing, code that causes React state updates should be wrapped into act(...):

act(() =&gt; {
  /* fire events that update state */
});
/* assert on the output */

This ensures that you&apos;re testing the behavior the user would see in the browser. Learn more at https://reactjs.org/link/wrap-tests-with-act
    at NavTop (/Users/rob/dev/minicrm/client/src/components/NavTop.tsx:54:62)
    at NavBar (/Users/rob/dev/minicrm/client/src/components/NavBar.tsx:41:59)
    at div
    at AdminSettingsPage (/Users/rob/dev/minicrm/client/src/pages/AdminSettingsPage.tsx:63:56)
    at NavLayoutProvider (/Users/rob/dev/minicrm/client/src/components/NavLayoutContext.tsx:25:30)
    at BrandingProvider (/Users/rob/dev/minicrm/client/src/context/BrandingContext.tsx:90:29)
    at BreakpointProvider (/Users/rob/dev/minicrm/client/src/context/BreakpointContext.tsx:28:31)
    at Router (/Users/rob/dev/minicrm/client/node_modules/react-router/dist/umd/react-router.development.js:1207:17)
    at MemoryRouter (/Users/rob/dev/minicrm/client/node_modules/react-router/dist/umd/react-router.development.js:1101:7)
    at QueryClientProvider (file:///Users/rob/dev/minicrm/client/node_modules/@tanstack/react-query/build/modern/QueryClientProvider.js:20:3)
Warning: An update to OnboardingBanner inside a test was not wrapped in act(...).

When testing, code that causes React state updates should be wrapped into act(...):

act(() =&gt; {
  /* fire events that update state */
});
/* assert on the output */

This ensures that you&apos;re testing the behavior the user would see in the browser. Learn more at https://reactjs.org/link/wrap-tests-with-act
    at OnboardingBanner (/Users/rob/dev/minicrm/client/src/components/OnboardingBanner.tsx:40:56)
    at NavBar (/Users/rob/dev/minicrm/client/src/components/NavBar.tsx:41:59)
    at div
    at AdminSettingsPage (/Users/rob/dev/minicrm/client/src/pages/AdminSettingsPage.tsx:63:56)
    at NavLayoutProvider (/Users/rob/dev/minicrm/client/src/components/NavLayoutContext.tsx:25:30)
    at BrandingProvider (/Users/rob/dev/minicrm/client/src/context/BrandingContext.tsx:90:29)
    at BreakpointProvider (/Users/rob/dev/minicrm/client/src/context/BreakpointContext.tsx:28:31)
    at Router (/Users/rob/dev/minicrm/client/node_modules/react-router/dist/umd/react-router.development.js:1207:17)
    at MemoryRouter (/Users/rob/dev/minicrm/client/node_modules/react-router/dist/umd/react-router.development.js:1101:7)
    at QueryClientProvider (file:///Users/rob/dev/minicrm/client/node_modules/@tanstack/react-query/build/modern/QueryClientProvider.js:20:3)
Warning: An update to AdminSettingsPage inside a test was not wrapped in act(...).

When testing, code that causes React state updates should be wrapped into act(...):

act(() =&gt; {
  /* fire events that update state */
});
/* assert on the output */

This ensures that you&apos;re testing the behavior the user would see in the browser. Learn more at https://reactjs.org/link/wrap-tests-with-act
    at AdminSettingsPage (/Users/rob/dev/minicrm/client/src/pages/AdminSettingsPage.tsx:63:56)
    at NavLayoutProvider (/Users/rob/dev/minicrm/client/src/components/NavLayoutContext.tsx:25:30)
    at BrandingProvider (/Users/rob/dev/minicrm/client/src/context/BrandingContext.tsx:90:29)
    at BreakpointProvider (/Users/rob/dev/minicrm/client/src/context/BreakpointContext.tsx:28:31)
    at Router (/Users/rob/dev/minicrm/client/node_modules/react-router/dist/umd/react-router.development.js:1207:17)
    at MemoryRouter (/Users/rob/dev/minicrm/client/node_modules/react-router/dist/umd/react-router.development.js:1101:7)
    at QueryClientProvider (file:///Users/rob/dev/minicrm/client/node_modules/@tanstack/react-query/build/modern/QueryClientProvider.js:20:3)
Warning: An update to GeneralSettings inside a test was not wrapped in act(...).

When testing, code that causes React state updates should be wrapped into act(...):

act(() =&gt; {
  /* fire events that update state */
});
/* assert on the output */

This ensures that you&apos;re testing the behavior the user would see in the browser. Learn more at https://reactjs.org/link/wrap-tests-with-act
    at GeneralSettings (/Users/rob/dev/minicrm/client/src/pages/admin/GeneralSettings.tsx:30:56)
    at div
    at div
    at main
    at div
    at AdminSettingsPage (/Users/rob/dev/minicrm/client/src/pages/AdminSettingsPage.tsx:63:56)
    at NavLayoutProvider (/Users/rob/dev/minicrm/client/src/components/NavLayoutContext.tsx:25:30)
    at BrandingProvider (/Users/rob/dev/minicrm/client/src/context/BrandingContext.tsx:90:29)
    at BreakpointProvider (/Users/rob/dev/minicrm/client/src/context/BreakpointContext.tsx:28:31)
    at Router (/Users/rob/dev/minicrm/client/node_modules/react-router/dist/umd/react-router.development.js:1207:17)
    at MemoryRouter (/Users/rob/dev/minicrm/client/node_modules/react-router/dist/umd/react-router.development.js:1101:7)
    at QueryClientProvider (file:///Users/rob/dev/minicrm/client/node_modules/@tanstack/react-query/build/modern/QueryClientProvider.js:20:3)

            </system-err>
        </testcase>
        <testcase classname="src/pages/AdminSettingsPage.test.tsx" name="AdminSettingsPage &gt; save action &gt; success message re-translates when the active language changes" time="0.063141958">
            <system-err>
Warning: An update to GlobalSearch inside a test was not wrapped in act(...).

When testing, code that causes React state updates should be wrapped into act(...):

act(() =&gt; {
  /* fire events that update state */
});
/* assert on the output */

This ensures that you&apos;re testing the behavior the user would see in the browser. Learn more at https://reactjs.org/link/wrap-tests-with-act
    at GlobalSearch (/Users/rob/dev/minicrm/client/src/components/GlobalSearch.tsx:30:56)
    at div
    at div
    at NavHeader (/Users/rob/dev/minicrm/client/src/components/NavHeader.tsx:45:22)
    at div
    at NavTop (/Users/rob/dev/minicrm/client/src/components/NavTop.tsx:54:62)
    at NavBar (/Users/rob/dev/minicrm/client/src/components/NavBar.tsx:41:59)
    at div
    at AdminSettingsPage (/Users/rob/dev/minicrm/client/src/pages/AdminSettingsPage.tsx:63:56)
    at NavLayoutProvider (/Users/rob/dev/minicrm/client/src/components/NavLayoutContext.tsx:25:30)
    at BrandingProvider (/Users/rob/dev/minicrm/client/src/context/BrandingContext.tsx:90:29)
    at BreakpointProvider (/Users/rob/dev/minicrm/client/src/context/BreakpointContext.tsx:28:31)
    at Router (/Users/rob/dev/minicrm/client/node_modules/react-router/dist/umd/react-router.development.js:1207:17)
    at MemoryRouter (/Users/rob/dev/minicrm/client/node_modules/react-router/dist/umd/react-router.development.js:1101:7)
    at QueryClientProvider (file:///Users/rob/dev/minicrm/client/node_modules/@tanstack/react-query/build/modern/QueryClientProvider.js:20:3)
Warning: An update to NavHeader inside a test was not wrapped in act(...).

When testing, code that causes React state updates should be wrapped into act(...):

act(() =&gt; {
  /* fire events that update state */
});
/* assert on the output */

This ensures that you&apos;re testing the behavior the user would see in the browser. Learn more at https://reactjs.org/link/wrap-tests-with-act
    at NavHeader (/Users/rob/dev/minicrm/client/src/components/NavHeader.tsx:45:22)
    at div
    at NavTop (/Users/rob/dev/minicrm/client/src/components/NavTop.tsx:54:62)
    at NavBar (/Users/rob/dev/minicrm/client/src/components/NavBar.tsx:41:59)
    at div
    at AdminSettingsPage (/Users/rob/dev/minicrm/client/src/pages/AdminSettingsPage.tsx:63:56)
    at NavLayoutProvider (/Users/rob/dev/minicrm/client/src/components/NavLayoutContext.tsx:25:30)
    at BrandingProvider (/Users/rob/dev/minicrm/client/src/context/BrandingContext.tsx:90:29)
    at BreakpointProvider (/Users/rob/dev/minicrm/client/src/context/BreakpointContext.tsx:28:31)
    at Router (/Users/rob/dev/minicrm/client/node_modules/react-router/dist/umd/react-router.development.js:1207:17)
    at MemoryRouter (/Users/rob/dev/minicrm/client/node_modules/react-router/dist/umd/react-router.development.js:1101:7)
    at QueryClientProvider (file:///Users/rob/dev/minicrm/client/node_modules/@tanstack/react-query/build/modern/QueryClientProvider.js:20:3)
Warning: An update to NavTop inside a test was not wrapped in act(...).

When testing, code that causes React state updates should be wrapped into act(...):

act(() =&gt; {
  /* fire events that update state */
});
/* assert on the output */

This ensures that you&apos;re testing the behavior the user would see in the browser. Learn more at https://reactjs.org/link/wrap-tests-with-act
    at NavTop (/Users/rob/dev/minicrm/client/src/components/NavTop.tsx:54:62)
    at NavBar (/Users/rob/dev/minicrm/client/src/components/NavBar.tsx:41:59)
    at div
    at AdminSettingsPage (/Users/rob/dev/minicrm/client/src/pages/AdminSettingsPage.tsx:63:56)
    at NavLayoutProvider (/Users/rob/dev/minicrm/client/src/components/NavLayoutContext.tsx:25:30)
    at BrandingProvider (/Users/rob/dev/minicrm/client/src/context/BrandingContext.tsx:90:29)
    at BreakpointProvider (/Users/rob/dev/minicrm/client/src/context/BreakpointContext.tsx:28:31)
    at Router (/Users/rob/dev/minicrm/client/node_modules/react-router/dist/umd/react-router.development.js:1207:17)
    at MemoryRouter (/Users/rob/dev/minicrm/client/node_modules/react-router/dist/umd/react-router.development.js:1101:7)
    at QueryClientProvider (file:///Users/rob/dev/minicrm/client/node_modules/@tanstack/react-query/build/modern/QueryClientProvider.js:20:3)
Warning: An update to OnboardingBanner inside a test was not wrapped in act(...).

When testing, code that causes React state updates should be wrapped into act(...):

act(() =&gt; {
  /* fire events that update state */
});
/* assert on the output */

This ensures that you&apos;re testing the behavior the user would see in the browser. Learn more at https://reactjs.org/link/wrap-tests-with-act
    at OnboardingBanner (/Users/rob/dev/minicrm/client/src/components/OnboardingBanner.tsx:40:56)
    at NavBar (/Users/rob/dev/minicrm/client/src/components/NavBar.tsx:41:59)
    at div
    at AdminSettingsPage (/Users/rob/dev/minicrm/client/src/pages/AdminSettingsPage.tsx:63:56)
    at NavLayoutProvider (/Users/rob/dev/minicrm/client/src/components/NavLayoutContext.tsx:25:30)
    at BrandingProvider (/Users/rob/dev/minicrm/client/src/context/BrandingContext.tsx:90:29)
    at BreakpointProvider (/Users/rob/dev/minicrm/client/src/context/BreakpointContext.tsx:28:31)
    at Router (/Users/rob/dev/minicrm/client/node_modules/react-router/dist/umd/react-router.development.js:1207:17)
    at MemoryRouter (/Users/rob/dev/minicrm/client/node_modules/react-router/dist/umd/react-router.development.js:1101:7)
    at QueryClientProvider (file:///Users/rob/dev/minicrm/client/node_modules/@tanstack/react-query/build/modern/QueryClientProvider.js:20:3)
Warning: An update to AdminSettingsPage inside a test was not wrapped in act(...).

When testing, code that causes React state updates should be wrapped into act(...):

act(() =&gt; {
  /* fire events that update state */
});
/* assert on the output */

This ensures that you&apos;re testing the behavior the user would see in the browser. Learn more at https://reactjs.org/link/wrap-tests-with-act
    at AdminSettingsPage (/Users/rob/dev/minicrm/client/src/pages/AdminSettingsPage.tsx:63:56)
    at NavLayoutProvider (/Users/rob/dev/minicrm/client/src/components/NavLayoutContext.tsx:25:30)
    at BrandingProvider (/Users/rob/dev/minicrm/client/src/context/BrandingContext.tsx:90:29)
    at BreakpointProvider (/Users/rob/dev/minicrm/client/src/context/BreakpointContext.tsx:28:31)
    at Router (/Users/rob/dev/minicrm/client/node_modules/react-router/dist/umd/react-router.development.js:1207:17)
    at MemoryRouter (/Users/rob/dev/minicrm/client/node_modules/react-router/dist/umd/react-router.development.js:1101:7)
    at QueryClientProvider (file:///Users/rob/dev/minicrm/client/node_modules/@tanstack/react-query/build/modern/QueryClientProvider.js:20:3)
Warning: An update to GeneralSettings inside a test was not wrapped in act(...).

When testing, code that causes React state updates should be wrapped into act(...):

act(() =&gt; {
  /* fire events that update state */
});
/* assert on the output */

This ensures that you&apos;re testing the behavior the user would see in the browser. Learn more at https://reactjs.org/link/wrap-tests-with-act
    at GeneralSettings (/Users/rob/dev/minicrm/client/src/pages/admin/GeneralSettings.tsx:30:56)
    at div
    at div
    at main
    at div
    at AdminSettingsPage (/Users/rob/dev/minicrm/client/src/pages/AdminSettingsPage.tsx:63:56)
    at NavLayoutProvider (/Users/rob/dev/minicrm/client/src/components/NavLayoutContext.tsx:25:30)
    at BrandingProvider (/Users/rob/dev/minicrm/client/src/context/BrandingContext.tsx:90:29)
    at BreakpointProvider (/Users/rob/dev/minicrm/client/src/context/BreakpointContext.tsx:28:31)
    at Router (/Users/rob/dev/minicrm/client/node_modules/react-router/dist/umd/react-router.development.js:1207:17)
    at MemoryRouter (/Users/rob/dev/minicrm/client/node_modules/react-router/dist/umd/react-router.development.js:1101:7)
    at QueryClientProvider (file:///Users/rob/dev/minicrm/client/node_modules/@tanstack/react-query/build/modern/QueryClientProvider.js:20:3)

            </system-err>
        </testcase>
        <testcase classname="src/pages/AdminSettingsPage.test.tsx" name="AdminSettingsPage &gt; save action &gt; disables the save button while the mutation is pending" time="0.035766542">
            <system-err>
Warning: An update to GlobalSearch inside a test was not wrapped in act(...).

When testing, code that causes React state updates should be wrapped into act(...):

act(() =&gt; {
  /* fire events that update state */
});
/* assert on the output */

This ensures that you&apos;re testing the behavior the user would see in the browser. Learn more at https://reactjs.org/link/wrap-tests-with-act
    at GlobalSearch (/Users/rob/dev/minicrm/client/src/components/GlobalSearch.tsx:30:56)
    at div
    at div
    at NavHeader (/Users/rob/dev/minicrm/client/src/components/NavHeader.tsx:45:22)
    at div
    at NavTop (/Users/rob/dev/minicrm/client/src/components/NavTop.tsx:54:62)
    at NavBar (/Users/rob/dev/minicrm/client/src/components/NavBar.tsx:41:59)
    at div
    at AdminSettingsPage (/Users/rob/dev/minicrm/client/src/pages/AdminSettingsPage.tsx:63:56)
    at NavLayoutProvider (/Users/rob/dev/minicrm/client/src/components/NavLayoutContext.tsx:25:30)
    at BrandingProvider (/Users/rob/dev/minicrm/client/src/context/BrandingContext.tsx:90:29)
    at BreakpointProvider (/Users/rob/dev/minicrm/client/src/context/BreakpointContext.tsx:28:31)
    at Router (/Users/rob/dev/minicrm/client/node_modules/react-router/dist/umd/react-router.development.js:1207:17)
    at MemoryRouter (/Users/rob/dev/minicrm/client/node_modules/react-router/dist/umd/react-router.development.js:1101:7)
    at QueryClientProvider (file:///Users/rob/dev/minicrm/client/node_modules/@tanstack/react-query/build/modern/QueryClientProvider.js:20:3)
Warning: An update to NavHeader inside a test was not wrapped in act(...).

When testing, code that causes React state updates should be wrapped into act(...):

act(() =&gt; {
  /* fire events that update state */
});
/* assert on the output */

This ensures that you&apos;re testing the behavior the user would see in the browser. Learn more at https://reactjs.org/link/wrap-tests-with-act
    at NavHeader (/Users/rob/dev/minicrm/client/src/components/NavHeader.tsx:45:22)
    at div
    at NavTop (/Users/rob/dev/minicrm/client/src/components/NavTop.tsx:54:62)
    at NavBar (/Users/rob/dev/minicrm/client/src/components/NavBar.tsx:41:59)
    at div
    at AdminSettingsPage (/Users/rob/dev/minicrm/client/src/pages/AdminSettingsPage.tsx:63:56)
    at NavLayoutProvider (/Users/rob/dev/minicrm/client/src/components/NavLayoutContext.tsx:25:30)
    at BrandingProvider (/Users/rob/dev/minicrm/client/src/context/BrandingContext.tsx:90:29)
    at BreakpointProvider (/Users/rob/dev/minicrm/client/src/context/BreakpointContext.tsx:28:31)
    at Router (/Users/rob/dev/minicrm/client/node_modules/react-router/dist/umd/react-router.development.js:1207:17)
    at MemoryRouter (/Users/rob/dev/minicrm/client/node_modules/react-router/dist/umd/react-router.development.js:1101:7)
    at QueryClientProvider (file:///Users/rob/dev/minicrm/client/node_modules/@tanstack/react-query/build/modern/QueryClientProvider.js:20:3)
Warning: An update to NavTop inside a test was not wrapped in act(...).

When testing, code that causes React state updates should be wrapped into act(...):

act(() =&gt; {
  /* fire events that update state */
});
/* assert on the output */

This ensures that you&apos;re testing the behavior the user would see in the browser. Learn more at https://reactjs.org/link/wrap-tests-with-act
    at NavTop (/Users/rob/dev/minicrm/client/src/components/NavTop.tsx:54:62)
    at NavBar (/Users/rob/dev/minicrm/client/src/components/NavBar.tsx:41:59)
    at div
    at AdminSettingsPage (/Users/rob/dev/minicrm/client/src/pages/AdminSettingsPage.tsx:63:56)
    at NavLayoutProvider (/Users/rob/dev/minicrm/client/src/components/NavLayoutContext.tsx:25:30)
    at BrandingProvider (/Users/rob/dev/minicrm/client/src/context/BrandingContext.tsx:90:29)
    at BreakpointProvider (/Users/rob/dev/minicrm/client/src/context/BreakpointContext.tsx:28:31)
    at Router (/Users/rob/dev/minicrm/client/node_modules/react-router/dist/umd/react-router.development.js:1207:17)
    at MemoryRouter (/Users/rob/dev/minicrm/client/node_modules/react-router/dist/umd/react-router.development.js:1101:7)
    at QueryClientProvider (file:///Users/rob/dev/minicrm/client/node_modules/@tanstack/react-query/build/modern/QueryClientProvider.js:20:3)
Warning: An update to OnboardingBanner inside a test was not wrapped in act(...).

When testing, code that causes React state updates should be wrapped into act(...):

act(() =&gt; {
  /* fire events that update state */
});
/* assert on the output */

This ensures that you&apos;re testing the behavior the user would see in the browser. Learn more at https://reactjs.org/link/wrap-tests-with-act
    at OnboardingBanner (/Users/rob/dev/minicrm/client/src/components/OnboardingBanner.tsx:40:56)
    at NavBar (/Users/rob/dev/minicrm/client/src/components/NavBar.tsx:41:59)
    at div
    at AdminSettingsPage (/Users/rob/dev/minicrm/client/src/pages/AdminSettingsPage.tsx:63:56)
    at NavLayoutProvider (/Users/rob/dev/minicrm/client/src/components/NavLayoutContext.tsx:25:30)
    at BrandingProvider (/Users/rob/dev/minicrm/client/src/context/BrandingContext.tsx:90:29)
    at BreakpointProvider (/Users/rob/dev/minicrm/client/src/context/BreakpointContext.tsx:28:31)
    at Router (/Users/rob/dev/minicrm/client/node_modules/react-router/dist/umd/react-router.development.js:1207:17)
    at MemoryRouter (/Users/rob/dev/minicrm/client/node_modules/react-router/dist/umd/react-router.development.js:1101:7)
    at QueryClientProvider (file:///Users/rob/dev/minicrm/client/node_modules/@tanstack/react-query/build/modern/QueryClientProvider.js:20:3)
Warning: An update to AdminSettingsPage inside a test was not wrapped in act(...).

When testing, code that causes React state updates should be wrapped into act(...):

act(() =&gt; {
  /* fire events that update state */
});
/* assert on the output */

This ensures that you&apos;re testing the behavior the user would see in the browser. Learn more at https://reactjs.org/link/wrap-tests-with-act
    at AdminSettingsPage (/Users/rob/dev/minicrm/client/src/pages/AdminSettingsPage.tsx:63:56)
    at NavLayoutProvider (/Users/rob/dev/minicrm/client/src/components/NavLayoutContext.tsx:25:30)
    at BrandingProvider (/Users/rob/dev/minicrm/client/src/context/BrandingContext.tsx:90:29)
    at BreakpointProvider (/Users/rob/dev/minicrm/client/src/context/BreakpointContext.tsx:28:31)
    at Router (/Users/rob/dev/minicrm/client/node_modules/react-router/dist/umd/react-router.development.js:1207:17)
    at MemoryRouter (/Users/rob/dev/minicrm/client/node_modules/react-router/dist/umd/react-router.development.js:1101:7)
    at QueryClientProvider (file:///Users/rob/dev/minicrm/client/node_modules/@tanstack/react-query/build/modern/QueryClientProvider.js:20:3)
Warning: An update to GeneralSettings inside a test was not wrapped in act(...).

When testing, code that causes React state updates should be wrapped into act(...):

act(() =&gt; {
  /* fire events that update state */
});
/* assert on the output */

This ensures that you&apos;re testing the behavior the user would see in the browser. Learn more at https://reactjs.org/link/wrap-tests-with-act
    at GeneralSettings (/Users/rob/dev/minicrm/client/src/pages/admin/GeneralSettings.tsx:30:56)
    at div
    at div
    at main
    at div
    at AdminSettingsPage (/Users/rob/dev/minicrm/client/src/pages/AdminSettingsPage.tsx:63:56)
    at NavLayoutProvider (/Users/rob/dev/minicrm/client/src/components/NavLayoutContext.tsx:25:30)
    at BrandingProvider (/Users/rob/dev/minicrm/client/src/context/BrandingContext.tsx:90:29)
    at BreakpointProvider (/Users/rob/dev/minicrm/client/src/context/BreakpointContext.tsx:28:31)
    at Router (/Users/rob/dev/minicrm/client/node_modules/react-router/dist/umd/react-router.development.js:1207:17)
    at MemoryRouter (/Users/rob/dev/minicrm/client/node_modules/react-router/dist/umd/react-router.development.js:1101:7)
    at QueryClientProvider (file:///Users/rob/dev/minicrm/client/node_modules/@tanstack/react-query/build/modern/QueryClientProvider.js:20:3)

            </system-err>
        </testcase>
        <testcase classname="src/pages/AdminSettingsPage.test.tsx" name="AdminSettingsPage &gt; demo data section &gt; renders the demo section" time="0.011716333">
        </testcase>
        <testcase classname="src/pages/AdminSettingsPage.test.tsx" name="AdminSettingsPage &gt; demo data section &gt; shows &quot;No demo data&quot; status badge when demo is inactive" time="0.019382875">
        </testcase>
        <testcase classname="src/pages/AdminSettingsPage.test.tsx" name="AdminSettingsPage &gt; demo data section &gt; shows &quot;Demo data active&quot; status badge when demo is active" time="0.014898917">
        </testcase>
        <testcase classname="src/pages/AdminSettingsPage.test.tsx" name="AdminSettingsPage &gt; demo data section &gt; shows an error when demo status fails to load" time="0.021167208">
        </testcase>
        <testcase classname="src/pages/AdminSettingsPage.test.tsx" name="AdminSettingsPage &gt; demo data section &gt; seed button is disabled when demo data is active" time="0.014242167">
        </testcase>
        <testcase classname="src/pages/AdminSettingsPage.test.tsx" name="AdminSettingsPage &gt; demo data section &gt; remove button is disabled when no demo data is present" time="0.008897458">
        </testcase>
        <testcase classname="src/pages/AdminSettingsPage.test.tsx" name="AdminSettingsPage &gt; demo data section &gt; remove button is enabled when demo data is active" time="0.016175292">
        </testcase>
        <testcase classname="src/pages/AdminSettingsPage.test.tsx" name="AdminSettingsPage &gt; demo data section &gt; seed button opens confirmation dialog" time="0.028645542">
        </testcase>
        <testcase classname="src/pages/AdminSettingsPage.test.tsx" name="AdminSettingsPage &gt; demo data section &gt; reset button opens confirmation dialog" time="0.023785959">
        </testcase>
        <testcase classname="src/pages/AdminSettingsPage.test.tsx" name="AdminSettingsPage &gt; demo data section &gt; remove button opens confirmation dialog when demo is active" time="0.027440791">
        </testcase>
        <testcase classname="src/pages/AdminSettingsPage.test.tsx" name="AdminSettingsPage &gt; demo data section &gt; cancel closes the confirmation dialog without acting" time="0.044069792">
        </testcase>
        <testcase classname="src/pages/AdminSettingsPage.test.tsx" name="AdminSettingsPage &gt; demo data section &gt; confirming seed shows success feedback" time="0.063655209">
        </testcase>
        <testcase classname="src/pages/AdminSettingsPage.test.tsx" name="AdminSettingsPage &gt; demo data section &gt; confirming reset shows success feedback" time="0.056149792">
        </testcase>
        <testcase classname="src/pages/AdminSettingsPage.test.tsx" name="AdminSettingsPage &gt; demo data section &gt; confirming remove shows success feedback" time="0.04583075">
        </testcase>
        <testcase classname="src/pages/AdminSettingsPage.test.tsx" name="AdminSettingsPage &gt; demo data section &gt; shows error feedback when seed fails" time="0.056137333">
        </testcase>
        <testcase classname="src/pages/AdminSettingsPage.test.tsx" name="AdminSettingsPage &gt; demo data section &gt; shows error feedback when reset fails" time="0.042995917">
        </testcase>
        <testcase classname="src/pages/AdminSettingsPage.test.tsx" name="AdminSettingsPage &gt; pipeline stage section &gt; renders the pipeline stages table with seed stage names" time="0.02111475">
        </testcase>
        <testcase classname="src/pages/AdminSettingsPage.test.tsx" name="AdminSettingsPage &gt; pipeline stage section &gt; shows name conflict error when adding a duplicate stage name" time="0.0725435">
        </testcase>
        <testcase classname="src/pages/AdminSettingsPage.test.tsx" name="AdminSettingsPage &gt; pipeline stage section &gt; disables the name input for fixed stages" time="0.045951375">
        </testcase>
        <testcase classname="src/pages/AdminSettingsPage.test.tsx" name="AdminSettingsPage &gt; pipeline stage section &gt; shows blocked message with deal count when delete is blocked" time="0.055384417">
        </testcase>
        <testcase classname="src/pages/AdminSettingsPage.test.tsx" name="AdminSettingsPage &gt; pipeline stage section &gt; shows success feedback after successfully adding a stage" time="0.099937208">
        </testcase>
        <testcase classname="src/pages/AdminSettingsPage.test.tsx" name="AdminSettingsPage &gt; pipeline stage section &gt; shows generic error when add stage request fails with a server error" time="0.085703958">
        </testcase>
        <testcase classname="src/pages/AdminSettingsPage.test.tsx" name="AdminSettingsPage &gt; default currency section &gt; renders the currency section" time="0.007670458">
        </testcase>
        <testcase classname="src/pages/AdminSettingsPage.test.tsx" name="AdminSettingsPage &gt; default currency section &gt; renders the currency select with USD pre-selected" time="0.016443708">
        </testcase>
        <testcase classname="src/pages/AdminSettingsPage.test.tsx" name="AdminSettingsPage &gt; default currency section &gt; shows success message after a successful currency save" time="0.067792042">
        </testcase>
        <testcase classname="src/pages/AdminSettingsPage.test.tsx" name="AdminSettingsPage &gt; default currency section &gt; shows error message when the currency save request fails" time="0.042337334">
        </testcase>
        <testcase classname="src/pages/AdminSettingsPage.test.tsx" name="AdminSettingsPage &gt; exchange rates section &gt; renders the exchange rates section for admin users" time="0.021600166">
        </testcase>
        <testcase classname="src/pages/AdminSettingsPage.test.tsx" name="AdminSettingsPage &gt; exchange rates section &gt; renders the home currency select with USD pre-selected" time="0.020821667">
        </testcase>
        <testcase classname="src/pages/AdminSettingsPage.test.tsx" name="AdminSettingsPage &gt; exchange rates section &gt; renders the exchange rate table" time="0.019848042">
        </testcase>
        <testcase classname="src/pages/AdminSettingsPage.test.tsx" name="AdminSettingsPage &gt; exchange rates section &gt; shows the home currency row as read-only with rate 1.000000" time="0.016931542">
        </testcase>
        <testcase classname="src/pages/AdminSettingsPage.test.tsx" name="AdminSettingsPage &gt; exchange rates section &gt; shows the Add Currency button when no form is open" time="0.021199125">
        </testcase>
        <testcase classname="src/pages/AdminSettingsPage.test.tsx" name="AdminSettingsPage &gt; exchange rates section &gt; clicking Add Currency button shows the add currency form" time="0.041892542">
        </testcase>
        <testcase classname="src/pages/AdminSettingsPage.test.tsx" name="AdminSettingsPage &gt; exchange rates section &gt; clicking Add in the add form appends a new row to the table" time="0.097062958">
        </testcase>
        <testcase classname="src/pages/AdminSettingsPage.test.tsx" name="AdminSettingsPage &gt; exchange rates section &gt; clicking Cancel in the add form hides it without adding a row" time="0.034148375">
        </testcase>
        <testcase classname="src/pages/AdminSettingsPage.test.tsx" name="AdminSettingsPage &gt; exchange rates section &gt; clicking Remove removes the row from the table" time="0.0439235">
        </testcase>
        <testcase classname="src/pages/AdminSettingsPage.test.tsx" name="AdminSettingsPage &gt; exchange rates section &gt; changing home currency shows the recalculated banner" time="0.036266041">
        </testcase>
        <testcase classname="src/pages/AdminSettingsPage.test.tsx" name="AdminSettingsPage &gt; exchange rates section &gt; changing home currency removes the editable rate input for the new home" time="0.03593275">
        </testcase>
        <testcase classname="src/pages/AdminSettingsPage.test.tsx" name="AdminSettingsPage &gt; exchange rates section &gt; clicking Save calls PUT /api/settings/currencies and shows success" time="0.046097084">
        </testcase>
        <testcase classname="src/pages/AdminSettingsPage.test.tsx" name="AdminSettingsPage &gt; exchange rates section &gt; shows error banner when the save request fails" time="0.032589541">
        </testcase>
        <testcase classname="src/pages/AdminSettingsPage.test.tsx" name="AdminSettingsPage &gt; demo data section — remove failure &gt; shows error feedback when remove fails" time="0.057863333">
        </testcase>
    </testsuite>
    <testsuite name="src/pages/AdminSettingsPageSmtp.test.tsx" timestamp="2026-05-14T02:22:34.117Z" hostname="Lucindas-MacBook-Pro.local" tests="14" failures="0" errors="0" skipped="0" time="0.768289625">
        <testcase classname="src/pages/AdminSettingsPageSmtp.test.tsx" name="AdminSettingsPage — SMTP section &gt; loading state &gt; shows loading text while fetching SMTP config" time="0.094136791">
            <system-err>
⚠️ React Router Future Flag Warning: React Router will begin wrapping state updates in `React.startTransition` in v7. You can use the `v7_startTransition` future flag to opt-in early. For more information, see https://reactrouter.com/v6/upgrading/future#v7_starttransition.
⚠️ React Router Future Flag Warning: Relative route resolution within Splat routes is changing in v7. You can use the `v7_relativeSplatPath` future flag to opt-in early. For more information, see https://reactrouter.com/v6/upgrading/future#v7_relativesplatpath.

            </system-err>
        </testcase>
        <testcase classname="src/pages/AdminSettingsPageSmtp.test.tsx" name="AdminSettingsPage — SMTP section &gt; load error &gt; shows error when SMTP config fails to load" time="0.036527916">
        </testcase>
        <testcase classname="src/pages/AdminSettingsPageSmtp.test.tsx" name="AdminSettingsPage — SMTP section &gt; form rendering &gt; renders the SMTP section with all form fields" time="0.037658583">
        </testcase>
        <testcase classname="src/pages/AdminSettingsPageSmtp.test.tsx" name="AdminSettingsPage — SMTP section &gt; form rendering &gt; shows the password input directly when no password is set" time="0.030362167">
        </testcase>
        <testcase classname="src/pages/AdminSettingsPageSmtp.test.tsx" name="AdminSettingsPage — SMTP section &gt; form rendering &gt; shows the masked placeholder and change-password button when password is set" time="0.032049708">
        </testcase>
        <testcase classname="src/pages/AdminSettingsPageSmtp.test.tsx" name="AdminSettingsPage — SMTP section &gt; form rendering &gt; reveals the password input when &quot;Change password&quot; is clicked" time="0.088722125">
        </testcase>
        <testcase classname="src/pages/AdminSettingsPageSmtp.test.tsx" name="AdminSettingsPage — SMTP section &gt; form rendering &gt; hides the password input when &quot;Cancel&quot; is clicked after opening change mode" time="0.053477167">
        </testcase>
        <testcase classname="src/pages/AdminSettingsPageSmtp.test.tsx" name="AdminSettingsPage — SMTP section &gt; save action &gt; shows success message after save" time="0.050479792">
        </testcase>
        <testcase classname="src/pages/AdminSettingsPageSmtp.test.tsx" name="AdminSettingsPage — SMTP section &gt; save action &gt; shows error message when save fails" time="0.052477583">
        </testcase>
        <testcase classname="src/pages/AdminSettingsPageSmtp.test.tsx" name="AdminSettingsPage — SMTP section &gt; test email &gt; renders the test email section" time="0.015395084">
        </testcase>
        <testcase classname="src/pages/AdminSettingsPageSmtp.test.tsx" name="AdminSettingsPage — SMTP section &gt; test email &gt; shows success result after a successful test send" time="0.110064042">
        </testcase>
        <testcase classname="src/pages/AdminSettingsPageSmtp.test.tsx" name="AdminSettingsPage — SMTP section &gt; test email &gt; shows error result when test send fails" time="0.112466208">
        </testcase>
        <testcase classname="src/pages/AdminSettingsPageSmtp.test.tsx" name="AdminSettingsPage — SMTP section &gt; test email &gt; disables test button when no address is entered" time="0.0170355">
        </testcase>
        <testcase classname="src/pages/AdminSettingsPageSmtp.test.tsx" name="AdminSettingsPage — SMTP section &gt; enabled toggle &gt; toggles smtp_enabled state when clicked" time="0.032511166">
        </testcase>
    </testsuite>
    <testsuite name="src/pages/AdminTagsPage.test.tsx" timestamp="2026-05-14T02:22:34.117Z" hostname="Lucindas-MacBook-Pro.local" tests="19" failures="0" errors="0" skipped="0" time="0.78946975">
        <testcase classname="src/pages/AdminTagsPage.test.tsx" name="AdminTagsPage &gt; renders the page heading" time="0.059600833">
            <system-err>
⚠️ React Router Future Flag Warning: React Router will begin wrapping state updates in `React.startTransition` in v7. You can use the `v7_startTransition` future flag to opt-in early. For more information, see https://reactrouter.com/v6/upgrading/future#v7_starttransition.
⚠️ React Router Future Flag Warning: Relative route resolution within Splat routes is changing in v7. You can use the `v7_relativeSplatPath` future flag to opt-in early. For more information, see https://reactrouter.com/v6/upgrading/future#v7_relativesplatpath.

            </system-err>
        </testcase>
        <testcase classname="src/pages/AdminTagsPage.test.tsx" name="AdminTagsPage &gt; shows loading state while fetching" time="0.008529167">
        </testcase>
        <testcase classname="src/pages/AdminTagsPage.test.tsx" name="AdminTagsPage &gt; shows empty state when no tags exist" time="0.053645">
        </testcase>
        <testcase classname="src/pages/AdminTagsPage.test.tsx" name="AdminTagsPage &gt; shows error state when the API fails" time="0.030140167">
        </testcase>
        <testcase classname="src/pages/AdminTagsPage.test.tsx" name="AdminTagsPage &gt; renders tag rows when tags are returned" time="0.044369083">
        </testcase>
        <testcase classname="src/pages/AdminTagsPage.test.tsx" name="AdminTagsPage &gt; renders rename and delete buttons for each tag" time="0.021965875">
        </testcase>
        <testcase classname="src/pages/AdminTagsPage.test.tsx" name="AdminTagsPage &gt; shows rename form when rename button is clicked" time="0.086964">
        </testcase>
        <testcase classname="src/pages/AdminTagsPage.test.tsx" name="AdminTagsPage &gt; submits the rename form and closes on success" time="0.14520025">
        </testcase>
        <testcase classname="src/pages/AdminTagsPage.test.tsx" name="AdminTagsPage &gt; shows validation error when rename input is empty" time="0.059405084">
        </testcase>
        <testcase classname="src/pages/AdminTagsPage.test.tsx" name="AdminTagsPage &gt; cancels rename and restores tag display" time="0.05422325">
        </testcase>
        <testcase classname="src/pages/AdminTagsPage.test.tsx" name="AdminTagsPage &gt; calls delete API and removes tag from list on success" time="0.057425458">
        </testcase>
        <testcase classname="src/pages/AdminTagsPage.test.tsx" name="AdminTagsPage &gt; shows delete error alert when delete API fails" time="0.030472167">
        </testcase>
        <testcase classname="src/pages/AdminTagsPage.test.tsx" name="AdminTagsPage restrict-creation toggle &gt; renders the toggle section" time="0.008353125">
        </testcase>
        <testcase classname="src/pages/AdminTagsPage.test.tsx" name="AdminTagsPage restrict-creation toggle &gt; toggle is unchecked when restriction is disabled" time="0.009135792">
        </testcase>
        <testcase classname="src/pages/AdminTagsPage.test.tsx" name="AdminTagsPage restrict-creation toggle &gt; toggle is checked when restriction is enabled" time="0.013502792">
        </testcase>
        <testcase classname="src/pages/AdminTagsPage.test.tsx" name="AdminTagsPage restrict-creation toggle &gt; shows description when restriction is enabled" time="0.015344875">
        </testcase>
        <testcase classname="src/pages/AdminTagsPage.test.tsx" name="AdminTagsPage restrict-creation toggle &gt; does not show description when restriction is disabled" time="0.009808667">
        </testcase>
        <testcase classname="src/pages/AdminTagsPage.test.tsx" name="AdminTagsPage restrict-creation toggle &gt; calls the API on toggle change and shows success message" time="0.026321708">
        </testcase>
        <testcase classname="src/pages/AdminTagsPage.test.tsx" name="AdminTagsPage restrict-creation toggle &gt; shows error message when API save fails" time="0.050498208">
        </testcase>
    </testsuite>
    <testsuite name="src/pages/AuditLogPage.test.tsx" timestamp="2026-05-14T02:22:34.118Z" hostname="Lucindas-MacBook-Pro.local" tests="15" failures="0" errors="0" skipped="0" time="0.421483083">
        <testcase classname="src/pages/AuditLogPage.test.tsx" name="AuditLogPage &gt; renders the page heading" time="0.060040083">
            <system-err>
⚠️ React Router Future Flag Warning: React Router will begin wrapping state updates in `React.startTransition` in v7. You can use the `v7_startTransition` future flag to opt-in early. For more information, see https://reactrouter.com/v6/upgrading/future#v7_starttransition.
⚠️ React Router Future Flag Warning: Relative route resolution within Splat routes is changing in v7. You can use the `v7_relativeSplatPath` future flag to opt-in early. For more information, see https://reactrouter.com/v6/upgrading/future#v7_relativesplatpath.

            </system-err>
        </testcase>
        <testcase classname="src/pages/AuditLogPage.test.tsx" name="AuditLogPage &gt; shows the loading state initially" time="0.0082635">
        </testcase>
        <testcase classname="src/pages/AuditLogPage.test.tsx" name="AuditLogPage &gt; shows empty state when there are no entries" time="0.038623959">
        </testcase>
        <testcase classname="src/pages/AuditLogPage.test.tsx" name="AuditLogPage &gt; renders entries from the API" time="0.025170208">
        </testcase>
        <testcase classname="src/pages/AuditLogPage.test.tsx" name="AuditLogPage &gt; renders actor, event type, and record type columns" time="0.024109833">
        </testcase>
        <testcase classname="src/pages/AuditLogPage.test.tsx" name="AuditLogPage &gt; shows error state when the API call fails" time="0.018700458">
        </testcase>
        <testcase classname="src/pages/AuditLogPage.test.tsx" name="AuditLogPage &gt; renders the filter toggle button" time="0.004451292">
        </testcase>
        <testcase classname="src/pages/AuditLogPage.test.tsx" name="AuditLogPage &gt; renders filter inputs after opening the filter panel" time="0.010782167">
        </testcase>
        <testcase classname="src/pages/AuditLogPage.test.tsx" name="AuditLogPage &gt; applies filters when the Apply button is clicked" time="0.075927708">
        </testcase>
        <testcase classname="src/pages/AuditLogPage.test.tsx" name="AuditLogPage &gt; clears filters when the Clear button is clicked" time="0.028482541">
        </testcase>
        <testcase classname="src/pages/AuditLogPage.test.tsx" name="AuditLogPage &gt; shows pagination controls with next enabled when there are multiple pages (MINCRM-345)" time="0.025482">
        </testcase>
        <testcase classname="src/pages/AuditLogPage.test.tsx" name="AuditLogPage &gt; shows pagination controls even when all entries fit on one page (MINCRM-345)" time="0.014829375">
        </testcase>
        <testcase classname="src/pages/AuditLogPage.test.tsx" name="AuditLogPage &gt; expands a row with field detail when the row button is clicked" time="0.023760375">
        </testcase>
        <testcase classname="src/pages/AuditLogPage.test.tsx" name="AuditLogPage &gt; collapses an expanded row when clicked again" time="0.032558209">
        </testcase>
        <testcase classname="src/pages/AuditLogPage.test.tsx" name="AuditLogPage &gt; renders the timestamp column" time="0.02456775">
        </testcase>
    </testsuite>
    <testsuite name="src/pages/AutomationRulesPage.test.tsx" timestamp="2026-05-14T02:22:34.118Z" hostname="Lucindas-MacBook-Pro.local" tests="46" failures="0" errors="0" skipped="0" time="2.034106667">
        <testcase classname="src/pages/AutomationRulesPage.test.tsx" name="AutomationRulesPage &gt; page structure &gt; renders the page heading" time="0.057126291">
            <system-err>
⚠️ React Router Future Flag Warning: React Router will begin wrapping state updates in `React.startTransition` in v7. You can use the `v7_startTransition` future flag to opt-in early. For more information, see https://reactrouter.com/v6/upgrading/future#v7_starttransition.
⚠️ React Router Future Flag Warning: Relative route resolution within Splat routes is changing in v7. You can use the `v7_relativeSplatPath` future flag to opt-in early. For more information, see https://reactrouter.com/v6/upgrading/future#v7_relativesplatpath.

            </system-err>
        </testcase>
        <testcase classname="src/pages/AutomationRulesPage.test.tsx" name="AutomationRulesPage &gt; page structure &gt; renders the NavBar" time="0.026482042">
        </testcase>
        <testcase classname="src/pages/AutomationRulesPage.test.tsx" name="AutomationRulesPage &gt; page structure &gt; renders the &quot;New rule&quot; button" time="0.016868542">
        </testcase>
        <testcase classname="src/pages/AutomationRulesPage.test.tsx" name="AutomationRulesPage &gt; loading state &gt; shows a loading message while fetching" time="0.0063525">
        </testcase>
        <testcase classname="src/pages/AutomationRulesPage.test.tsx" name="AutomationRulesPage &gt; error state &gt; shows an error message when the request fails" time="0.04098875">
        </testcase>
        <testcase classname="src/pages/AutomationRulesPage.test.tsx" name="AutomationRulesPage &gt; empty state &gt; shows an empty state when there are no rules" time="0.052972334">
        </testcase>
        <testcase classname="src/pages/AutomationRulesPage.test.tsx" name="AutomationRulesPage &gt; empty state &gt; shows pagination controls even when there are no rules (MINCRM-345)" time="0.042170875">
        </testcase>
        <testcase classname="src/pages/AutomationRulesPage.test.tsx" name="AutomationRulesPage &gt; rules list &gt; renders the rules list when rules exist" time="0.032236834">
        </testcase>
        <testcase classname="src/pages/AutomationRulesPage.test.tsx" name="AutomationRulesPage &gt; rules list &gt; renders a row for the rule with its name" time="0.02316975">
        </testcase>
        <testcase classname="src/pages/AutomationRulesPage.test.tsx" name="AutomationRulesPage &gt; rules list &gt; renders the trigger description for the rule" time="0.045445625">
        </testcase>
        <testcase classname="src/pages/AutomationRulesPage.test.tsx" name="AutomationRulesPage &gt; rules list &gt; renders the action description for the rule" time="0.025236209">
        </testcase>
        <testcase classname="src/pages/AutomationRulesPage.test.tsx" name="AutomationRulesPage &gt; rules list &gt; renders a toggle switch for the rule" time="0.035665333">
        </testcase>
        <testcase classname="src/pages/AutomationRulesPage.test.tsx" name="AutomationRulesPage &gt; rules list &gt; toggle switch is checked when rule is enabled" time="0.05541525">
        </testcase>
        <testcase classname="src/pages/AutomationRulesPage.test.tsx" name="AutomationRulesPage &gt; rules list &gt; toggle switch is unchecked when rule is disabled" time="0.019592667">
        </testcase>
        <testcase classname="src/pages/AutomationRulesPage.test.tsx" name="AutomationRulesPage &gt; enable/disable toggle &gt; calls the update endpoint when the toggle is clicked" time="0.126076917">
        </testcase>
        <testcase classname="src/pages/AutomationRulesPage.test.tsx" name="AutomationRulesPage &gt; delete rule &gt; shows a delete button for each rule" time="0.049654625">
        </testcase>
        <testcase classname="src/pages/AutomationRulesPage.test.tsx" name="AutomationRulesPage &gt; delete rule &gt; shows confirm/cancel buttons after clicking delete" time="0.038323875">
        </testcase>
        <testcase classname="src/pages/AutomationRulesPage.test.tsx" name="AutomationRulesPage &gt; delete rule &gt; dismisses confirm state when cancel is clicked" time="0.065430917">
        </testcase>
        <testcase classname="src/pages/AutomationRulesPage.test.tsx" name="AutomationRulesPage &gt; delete rule &gt; calls the delete endpoint when confirm delete is clicked" time="0.046314042">
        </testcase>
        <testcase classname="src/pages/AutomationRulesPage.test.tsx" name="AutomationRulesPage &gt; create rule form &gt; shows the create form when &quot;New rule&quot; is clicked" time="0.035404584">
        </testcase>
        <testcase classname="src/pages/AutomationRulesPage.test.tsx" name="AutomationRulesPage &gt; create rule form &gt; hides the &quot;New rule&quot; button when the form is open" time="0.026355167">
        </testcase>
        <testcase classname="src/pages/AutomationRulesPage.test.tsx" name="AutomationRulesPage &gt; create rule form &gt; closes the form when cancel is clicked" time="0.044238625">
        </testcase>
        <testcase classname="src/pages/AutomationRulesPage.test.tsx" name="AutomationRulesPage &gt; create rule form &gt; shows a validation error when name is empty" time="0.0375035">
        </testcase>
        <testcase classname="src/pages/AutomationRulesPage.test.tsx" name="AutomationRulesPage &gt; create rule form &gt; shows task subject field when action type is create_task" time="0.022768958">
        </testcase>
        <testcase classname="src/pages/AutomationRulesPage.test.tsx" name="AutomationRulesPage &gt; create rule form &gt; shows notification message field when action type is send_notification" time="0.039765792">
        </testcase>
        <testcase classname="src/pages/AutomationRulesPage.test.tsx" name="AutomationRulesPage &gt; create rule form &gt; shows the server-log-only hint when action type is send_notification" time="0.03549675">
        </testcase>
        <testcase classname="src/pages/AutomationRulesPage.test.tsx" name="AutomationRulesPage &gt; create rule form &gt; does not show the server-log-only hint when action type is create_task" time="0.034511125">
        </testcase>
        <testcase classname="src/pages/AutomationRulesPage.test.tsx" name="AutomationRulesPage &gt; create rule form &gt; shows stage selector when trigger type is deal_stage_changed" time="0.044073125">
        </testcase>
        <testcase classname="src/pages/AutomationRulesPage.test.tsx" name="AutomationRulesPage &gt; create rule form &gt; hides stage selector for non-stage-change triggers" time="0.024633584">
        </testcase>
        <testcase classname="src/pages/AutomationRulesPage.test.tsx" name="AutomationRulesPage &gt; create rule form &gt; shows specific user dropdown when assignee_type is specific" time="0.04201575">
        </testcase>
        <testcase classname="src/pages/AutomationRulesPage.test.tsx" name="AutomationRulesPage &gt; create rule form &gt; submits the form with valid data and calls the create endpoint" time="0.164358209">
        </testcase>
        <testcase classname="src/pages/AutomationRulesPage.test.tsx" name="AutomationRulesPage &gt; create rule form &gt; closes the form after successful submission" time="0.124122125">
        </testcase>
        <testcase classname="src/pages/AutomationRulesPage.test.tsx" name="AutomationRulesPage &gt; execution logs drawer &gt; opens the logs drawer when &quot;View logs&quot; is clicked" time="0.05311275">
        </testcase>
        <testcase classname="src/pages/AutomationRulesPage.test.tsx" name="AutomationRulesPage &gt; execution logs drawer &gt; shows the rule name in the logs drawer header" time="0.031270875">
        </testcase>
        <testcase classname="src/pages/AutomationRulesPage.test.tsx" name="AutomationRulesPage &gt; execution logs drawer &gt; renders log entries after loading" time="0.036683375">
        </testcase>
        <testcase classname="src/pages/AutomationRulesPage.test.tsx" name="AutomationRulesPage &gt; execution logs drawer &gt; shows the outcome badge for each log" time="0.035810334">
        </testcase>
        <testcase classname="src/pages/AutomationRulesPage.test.tsx" name="AutomationRulesPage &gt; execution logs drawer &gt; shows empty state when there are no logs" time="0.030717791">
        </testcase>
        <testcase classname="src/pages/AutomationRulesPage.test.tsx" name="AutomationRulesPage &gt; execution logs drawer &gt; closes the logs drawer when the close button is clicked" time="0.039484167">
        </testcase>
        <testcase classname="src/pages/AutomationRulesPage.test.tsx" name="AutomationRulesPage &gt; execution logs drawer &gt; closes the logs drawer when the overlay is clicked" time="0.055590834">
        </testcase>
        <testcase classname="src/pages/AutomationRulesPage.test.tsx" name="AutomationRulesPage &gt; execution logs drawer — locale timestamp (MINCRM-114) &gt; renders the log timestamp formatted with the active locale" time="0.027518958">
        </testcase>
        <testcase classname="src/pages/AutomationRulesPage.test.tsx" name="AutomationRulesPage &gt; execution logs drawer — Escape key (MINCRM-109) &gt; closes the drawer when Escape is pressed" time="0.043516584">
        </testcase>
        <testcase classname="src/pages/AutomationRulesPage.test.tsx" name="AutomationRulesPage &gt; nav link visibility &gt; shows the Automation nav link for admin users" time="0.0168895">
        </testcase>
        <testcase classname="src/pages/AutomationRulesPage.test.tsx" name="AutomationRulesPage &gt; execution logs drawer — focus trap (MINCRM-280) &gt; moves focus to the close button when the drawer opens" time="0.034582542">
        </testcase>
        <testcase classname="src/pages/AutomationRulesPage.test.tsx" name="AutomationRulesPage &gt; execution logs drawer — focus trap (MINCRM-280) &gt; returns focus to the trigger button when the drawer closes" time="0.049279583">
        </testcase>
        <testcase classname="src/pages/AutomationRulesPage.test.tsx" name="AutomationRulesPage &gt; execution logs drawer — focus trap (MINCRM-280) &gt; wraps Tab from the last focusable element back to the first" time="0.052293458">
        </testcase>
        <testcase classname="src/pages/AutomationRulesPage.test.tsx" name="AutomationRulesPage &gt; execution logs drawer — focus trap (MINCRM-280) &gt; wraps Shift+Tab from the first focusable element back to the last" time="0.043380542">
        </testcase>
    </testsuite>
    <testsuite name="src/pages/ChangePasswordPage.test.tsx" timestamp="2026-05-14T02:22:34.120Z" hostname="Lucindas-MacBook-Pro.local" tests="10" failures="0" errors="0" skipped="0" time="0.949615125">
        <testcase classname="src/pages/ChangePasswordPage.test.tsx" name="ChangePasswordPage &gt; renders the context banner" time="0.037505708">
            <system-err>
⚠️ React Router Future Flag Warning: React Router will begin wrapping state updates in `React.startTransition` in v7. You can use the `v7_startTransition` future flag to opt-in early. For more information, see https://reactrouter.com/v6/upgrading/future#v7_starttransition.
⚠️ React Router Future Flag Warning: Relative route resolution within Splat routes is changing in v7. You can use the `v7_relativeSplatPath` future flag to opt-in early. For more information, see https://reactrouter.com/v6/upgrading/future#v7_relativesplatpath.

            </system-err>
        </testcase>
        <testcase classname="src/pages/ChangePasswordPage.test.tsx" name="ChangePasswordPage &gt; renders all form fields" time="0.005603792">
        </testcase>
        <testcase classname="src/pages/ChangePasswordPage.test.tsx" name="ChangePasswordPage &gt; does not show an error alert on initial render" time="0.005404417">
        </testcase>
        <testcase classname="src/pages/ChangePasswordPage.test.tsx" name="ChangePasswordPage &gt; shows an error when passwords do not match" time="0.2064035">
        </testcase>
        <testcase classname="src/pages/ChangePasswordPage.test.tsx" name="ChangePasswordPage &gt; shows an error when the new password is too short" time="0.087704792">
        </testcase>
        <testcase classname="src/pages/ChangePasswordPage.test.tsx" name="ChangePasswordPage &gt; shows an error when the new password lacks complexity" time="0.109606458">
        </testcase>
        <testcase classname="src/pages/ChangePasswordPage.test.tsx" name="ChangePasswordPage &gt; redirects to home on successful submission" time="0.111259375">
        </testcase>
        <testcase classname="src/pages/ChangePasswordPage.test.tsx" name="ChangePasswordPage &gt; disables the submit button while the request is in flight" time="0.10587375">
        </testcase>
        <testcase classname="src/pages/ChangePasswordPage.test.tsx" name="ChangePasswordPage &gt; shows a server error when the API returns an error" time="0.149771708">
        </testcase>
        <testcase classname="src/pages/ChangePasswordPage.test.tsx" name="ChangePasswordPage &gt; shows the generic error message when the server returns no structured error body" time="0.127017958">
        </testcase>
    </testsuite>
    <testsuite name="src/pages/ContactDetailPage.test.tsx" timestamp="2026-05-14T02:22:34.121Z" hostname="Lucindas-MacBook-Pro.local" tests="38" failures="0" errors="0" skipped="0" time="2.76550825">
        <testcase classname="src/pages/ContactDetailPage.test.tsx" name="ContactDetailPage &gt; renders the contact name" time="0.30739925">
            <system-err>
⚠️ React Router Future Flag Warning: React Router will begin wrapping state updates in `React.startTransition` in v7. You can use the `v7_startTransition` future flag to opt-in early. For more information, see https://reactrouter.com/v6/upgrading/future#v7_starttransition.
⚠️ React Router Future Flag Warning: Relative route resolution within Splat routes is changing in v7. You can use the `v7_relativeSplatPath` future flag to opt-in early. For more information, see https://reactrouter.com/v6/upgrading/future#v7_relativesplatpath.

            </system-err>
        </testcase>
        <testcase classname="src/pages/ContactDetailPage.test.tsx" name="ContactDetailPage &gt; renders contact detail fields" time="0.117252542">
        </testcase>
        <testcase classname="src/pages/ContactDetailPage.test.tsx" name="ContactDetailPage &gt; renders edit and delete buttons" time="0.044938625">
        </testcase>
        <testcase classname="src/pages/ContactDetailPage.test.tsx" name="ContactDetailPage &gt; shows the edit form when Edit is clicked" time="0.133653959">
        </testcase>
        <testcase classname="src/pages/ContactDetailPage.test.tsx" name="ContactDetailPage &gt; pre-populates the edit form with existing values" time="0.06301925">
        </testcase>
        <testcase classname="src/pages/ContactDetailPage.test.tsx" name="ContactDetailPage &gt; saves the edit form and returns to detail view" time="0.097561708">
        </testcase>
        <testcase classname="src/pages/ContactDetailPage.test.tsx" name="ContactDetailPage &gt; cancels the edit form and returns to detail view" time="0.078975792">
        </testcase>
        <testcase classname="src/pages/ContactDetailPage.test.tsx" name="ContactDetailPage &gt; shows not-found message when contact does not exist" time="0.017654916">
        </testcase>
        <testcase classname="src/pages/ContactDetailPage.test.tsx" name="ContactDetailPage &gt; opens the confirm-delete modal when Delete is clicked" time="0.052731708">
        </testcase>
        <testcase classname="src/pages/ContactDetailPage.test.tsx" name="ContactDetailPage &gt; calls delete API and navigates away when modal confirm is clicked" time="0.08471225">
            <system-err>
No routes matched location &quot;/contacts&quot; 

            </system-err>
        </testcase>
        <testcase classname="src/pages/ContactDetailPage.test.tsx" name="ContactDetailPage &gt; renders the linked account name as a clickable link" time="0.038930167">
        </testcase>
        <testcase classname="src/pages/ContactDetailPage.test.tsx" name="ContactDetailPage &gt; renders &quot;—&quot; in the account row when no account is linked" time="0.03139125">
        </testcase>
        <testcase classname="src/pages/ContactDetailPage.test.tsx" name="ContactDetailPage &gt; displays the owner name (not UUID) in the detail view" time="0.029539833">
        </testcase>
        <testcase classname="src/pages/ContactDetailPage.test.tsx" name="ContactDetailPage &gt; shows fallback owner text when owner is not in the active users list" time="0.051864">
        </testcase>
        <testcase classname="src/pages/ContactDetailPage.test.tsx" name="ContactDetailPage &gt; renders the owner select immediately when the edit form opens, even if the active users query is still loading" time="0.050004834">
        </testcase>
        <testcase classname="src/pages/ContactDetailPage.test.tsx" name="ContactDetailPage &gt; shows the owner select in the edit form populated with active users" time="0.045097167">
        </testcase>
        <testcase classname="src/pages/ContactDetailPage.test.tsx" name="ContactDetailPage &gt; shows a disabled unknown option in the edit form when the owner is deactivated" time="0.055675209">
        </testcase>
        <testcase classname="src/pages/ContactDetailPage.test.tsx" name="ContactDetailPage &gt; sends updated owner_id when owner is changed and form is saved" time="0.126854625">
        </testcase>
        <testcase classname="src/pages/ContactDetailPage.test.tsx" name="ContactDetailPage &gt; renders the linked deals section heading" time="0.028809042">
        </testcase>
        <testcase classname="src/pages/ContactDetailPage.test.tsx" name="ContactDetailPage &gt; shows linked deal with name and stage" time="0.032839417">
        </testcase>
        <testcase classname="src/pages/ContactDetailPage.test.tsx" name="ContactDetailPage &gt; shows empty state when no deals are linked" time="0.031175791">
        </testcase>
        <testcase classname="src/pages/ContactDetailPage.test.tsx" name="ContactDetailPage &gt; linked deal name links to the deal detail page" time="0.029513833">
        </testcase>
        <testcase classname="src/pages/ContactDetailPage.test.tsx" name="ContactDetailPage &gt; does not delete when modal cancel is clicked" time="0.075546541">
        </testcase>
        <testcase classname="src/pages/ContactDetailPage.test.tsx" name="ContactDetailPage &gt; renders back-to-contacts link with aria-label" time="0.04464">
        </testcase>
        <testcase classname="src/pages/ContactDetailPage.test.tsx" name="ContactDetailPage &gt; shows a delete error message when the delete request fails" time="0.094143667">
        </testcase>
        <testcase classname="src/pages/ContactDetailPage.test.tsx" name="ContactDetailPage &gt; shows an update error when saving contact changes fails" time="0.077530916">
        </testcase>
        <testcase classname="src/pages/ContactDetailPage.test.tsx" name="ContactDetailPage &gt; shows the merge button and opens the merge panel when clicked" time="0.037846333">
        </testcase>
        <testcase classname="src/pages/ContactDetailPage.test.tsx" name="ContactDetailPage &gt; address management (edit mode) &gt; shows the addresses section in edit mode" time="0.051457667">
        </testcase>
        <testcase classname="src/pages/ContactDetailPage.test.tsx" name="ContactDetailPage &gt; address management (edit mode) &gt; shows the add address button in edit mode" time="0.043015917">
        </testcase>
        <testcase classname="src/pages/ContactDetailPage.test.tsx" name="ContactDetailPage &gt; address management (edit mode) &gt; shows the add address inline form when Add Address is clicked" time="0.0586865">
        </testcase>
        <testcase classname="src/pages/ContactDetailPage.test.tsx" name="ContactDetailPage &gt; address management (edit mode) &gt; hides the add form when Cancel is clicked" time="0.07465425">
        </testcase>
        <testcase classname="src/pages/ContactDetailPage.test.tsx" name="ContactDetailPage &gt; address management (edit mode) &gt; submits a new address and hides the form on success" time="0.178958042">
        </testcase>
        <testcase classname="src/pages/ContactDetailPage.test.tsx" name="ContactDetailPage &gt; address management (edit mode) &gt; shows existing addresses when the address list is non-empty" time="0.055776416">
        </testcase>
        <testcase classname="src/pages/ContactDetailPage.test.tsx" name="ContactDetailPage &gt; address management (edit mode) &gt; removes an address when Remove is clicked" time="0.0742445">
        </testcase>
        <testcase classname="src/pages/ContactDetailPage.test.tsx" name="ContactDetailPage &gt; address management (edit mode) &gt; sets an address as default when Set as Default is clicked" time="0.074148084">
        </testcase>
        <testcase classname="src/pages/ContactDetailPage.test.tsx" name="ContactDetailPage &gt; address management (edit mode) &gt; shows an error message when saving an address fails" time="0.158622333">
        </testcase>
        <testcase classname="src/pages/ContactDetailPage.test.tsx" name="ContactDetailPage &gt; address management (edit mode) &gt; resets address state when edit is cancelled" time="0.087124208">
        </testcase>
        <testcase classname="src/pages/ContactDetailPage.test.tsx" name="ContactDetailPage &gt; social profile display &gt; shows other_url as a clickable link when set" time="0.026710792">
        </testcase>
    </testsuite>
    <testsuite name="src/pages/ContactsPage.test.tsx" timestamp="2026-05-14T02:22:34.122Z" hostname="Lucindas-MacBook-Pro.local" tests="30" failures="0" errors="0" skipped="0" time="2.489555167">
        <testcase classname="src/pages/ContactsPage.test.tsx" name="ContactsPage &gt; renders the page heading" time="0.129949708">
            <system-err>
⚠️ React Router Future Flag Warning: React Router will begin wrapping state updates in `React.startTransition` in v7. You can use the `v7_startTransition` future flag to opt-in early. For more information, see https://reactrouter.com/v6/upgrading/future#v7_starttransition.
⚠️ React Router Future Flag Warning: Relative route resolution within Splat routes is changing in v7. You can use the `v7_relativeSplatPath` future flag to opt-in early. For more information, see https://reactrouter.com/v6/upgrading/future#v7_relativesplatpath.

            </system-err>
        </testcase>
        <testcase classname="src/pages/ContactsPage.test.tsx" name="ContactsPage &gt; renders the New Contact button" time="0.071253875">
        </testcase>
        <testcase classname="src/pages/ContactsPage.test.tsx" name="ContactsPage &gt; renders a contact row from the API" time="0.134855">
        </testcase>
        <testcase classname="src/pages/ContactsPage.test.tsx" name="ContactsPage &gt; shows empty state when no contacts are returned" time="0.044434">
        </testcase>
        <testcase classname="src/pages/ContactsPage.test.tsx" name="ContactsPage &gt; shows error state when the API fails" time="0.050913125">
        </testcase>
        <testcase classname="src/pages/ContactsPage.test.tsx" name="ContactsPage &gt; shows the create form when New Contact is clicked" time="0.062866542">
        </testcase>
        <testcase classname="src/pages/ContactsPage.test.tsx" name="ContactsPage &gt; hides the form when Cancel is clicked" time="0.093683458">
        </testcase>
        <testcase classname="src/pages/ContactsPage.test.tsx" name="ContactsPage &gt; renders the owner column with the resolved user name" time="0.019657958">
        </testcase>
        <testcase classname="src/pages/ContactsPage.test.tsx" name="ContactsPage &gt; shows the owner toggle defaulting to All" time="0.012613583">
        </testcase>
        <testcase classname="src/pages/ContactsPage.test.tsx" name="ContactsPage &gt; filters contacts to current user when Mine toggle is clicked" time="0.066707459">
        </testcase>
        <testcase classname="src/pages/ContactsPage.test.tsx" name="ContactsPage &gt; shows fallback text for contacts with an unresolvable owner" time="0.016269">
        </testcase>
        <testcase classname="src/pages/ContactsPage.test.tsx" name="ContactsPage &gt; renders the name/email search input" time="0.022772375">
        </testcase>
        <testcase classname="src/pages/ContactsPage.test.tsx" name="ContactsPage &gt; renders the account name search input" time="0.011627375">
        </testcase>
        <testcase classname="src/pages/ContactsPage.test.tsx" name="ContactsPage &gt; passes the search param to the API when the search input changes" time="0.338384791">
        </testcase>
        <testcase classname="src/pages/ContactsPage.test.tsx" name="ContactsPage &gt; passes the accountSearch param to the API when the account search input changes" time="0.331140625">
        </testcase>
        <testcase classname="src/pages/ContactsPage.test.tsx" name="ContactsPage &gt; shows the duplicate warning banner when the API returns 409" time="0.174002125">
        </testcase>
        <testcase classname="src/pages/ContactsPage.test.tsx" name="ContactsPage &gt; shows the &quot;Go to existing contact&quot; link in the duplicate warning" time="0.164237125">
        </testcase>
        <testcase classname="src/pages/ContactsPage.test.tsx" name="ContactsPage &gt; creates the contact when &quot;Create anyway&quot; is clicked after a duplicate warning" time="0.207539333">
        </testcase>
        <testcase classname="src/pages/ContactsPage.test.tsx" name="ContactsPage &gt; submits the create form and hides it on success" time="0.162194542">
        </testcase>
        <testcase classname="src/pages/ContactsPage.test.tsx" name="ContactsPage &gt; CSV export buttons &gt; renders the Export CSV button" time="0.012771125">
        </testcase>
        <testcase classname="src/pages/ContactsPage.test.tsx" name="ContactsPage &gt; CSV export buttons &gt; renders the Export All button for admin users" time="0.017679459">
        </testcase>
        <testcase classname="src/pages/ContactsPage.test.tsx" name="ContactsPage &gt; CSV export buttons &gt; does not render the Export All button for rep users" time="0.011213625">
        </testcase>
        <testcase classname="src/pages/ContactsPage.test.tsx" name="ContactsPage &gt; CSV export buttons &gt; calls exportContactsCsv with current filters when Export CSV is clicked" time="0.032666209">
        </testcase>
        <testcase classname="src/pages/ContactsPage.test.tsx" name="ContactsPage &gt; CSV export buttons &gt; calls exportContactsCsv with all:true when Export All is clicked" time="0.027163334">
        </testcase>
        <testcase classname="src/pages/ContactsPage.test.tsx" name="ContactsPage &gt; bulk selection &gt; shows row checkboxes in the contact list" time="0.027351166">
        </testcase>
        <testcase classname="src/pages/ContactsPage.test.tsx" name="ContactsPage &gt; bulk selection &gt; shows the bulk action bar after selecting a row" time="0.039339917">
        </testcase>
        <testcase classname="src/pages/ContactsPage.test.tsx" name="ContactsPage &gt; bulk selection &gt; does not show the bulk action bar before any rows are selected" time="0.020157459">
        </testcase>
        <testcase classname="src/pages/ContactsPage.test.tsx" name="ContactsPage &gt; bulk selection &gt; select-all checkbox shows bulk action bar with all rows selected" time="0.046044125">
        </testcase>
        <testcase classname="src/pages/ContactsPage.test.tsx" name="ContactsPage &gt; bulk selection &gt; clear selection hides the bulk action bar" time="0.065058667">
        </testcase>
        <testcase classname="src/pages/ContactsPage.test.tsx" name="ContactsPage &gt; bulk selection &gt; bulk delete calls the API and clears selection on success" time="0.07151625">
        </testcase>
    </testsuite>
    <testsuite name="src/pages/DashboardPage.test.tsx" timestamp="2026-05-14T02:22:34.123Z" hostname="Lucindas-MacBook-Pro.local" tests="42" failures="0" errors="0" skipped="0" time="0.899704625">
        <testcase classname="src/pages/DashboardPage.test.tsx" name="DashboardPage &gt; header &gt; renders the welcome heading with the user name" time="0.151822708">
            <system-err>
⚠️ React Router Future Flag Warning: React Router will begin wrapping state updates in `React.startTransition` in v7. You can use the `v7_startTransition` future flag to opt-in early. For more information, see https://reactrouter.com/v6/upgrading/future#v7_starttransition.
⚠️ React Router Future Flag Warning: Relative route resolution within Splat routes is changing in v7. You can use the `v7_relativeSplatPath` future flag to opt-in early. For more information, see https://reactrouter.com/v6/upgrading/future#v7_relativesplatpath.

            </system-err>
        </testcase>
        <testcase classname="src/pages/DashboardPage.test.tsx" name="DashboardPage &gt; header &gt; renders the NavBar" time="0.014012667">
        </testcase>
        <testcase classname="src/pages/DashboardPage.test.tsx" name="DashboardPage &gt; loading state &gt; shows a loading message while fetching" time="0.007317583">
        </testcase>
        <testcase classname="src/pages/DashboardPage.test.tsx" name="DashboardPage &gt; error state &gt; shows an error message when the request fails" time="0.0185085">
        </testcase>
        <testcase classname="src/pages/DashboardPage.test.tsx" name="DashboardPage &gt; stat cards &gt; renders all four stat cards" time="0.025214125">
        </testcase>
        <testcase classname="src/pages/DashboardPage.test.tsx" name="DashboardPage &gt; stat cards &gt; displays correct overdue task count" time="0.024965541">
        </testcase>
        <testcase classname="src/pages/DashboardPage.test.tsx" name="DashboardPage &gt; stat cards &gt; displays correct tasks due today count" time="0.01804225">
        </testcase>
        <testcase classname="src/pages/DashboardPage.test.tsx" name="DashboardPage &gt; stat cards &gt; displays correct open deal count" time="0.016031875">
        </testcase>
        <testcase classname="src/pages/DashboardPage.test.tsx" name="DashboardPage &gt; stat cards &gt; displays formatted pipeline value" time="0.0245175">
        </testcase>
        <testcase classname="src/pages/DashboardPage.test.tsx" name="DashboardPage &gt; stat cards &gt; overdue task card links to My Tasks filtered to overdue for reps" time="0.029576083">
        </testcase>
        <testcase classname="src/pages/DashboardPage.test.tsx" name="DashboardPage &gt; stat cards &gt; overdue task card is not a link for admins (team count vs personal destination mismatch)" time="0.0251735">
        </testcase>
        <testcase classname="src/pages/DashboardPage.test.tsx" name="DashboardPage &gt; stage breakdown &gt; renders the stage breakdown table" time="0.016945417">
        </testcase>
        <testcase classname="src/pages/DashboardPage.test.tsx" name="DashboardPage &gt; stage breakdown &gt; renders a row for each stage in the breakdown" time="0.015585667">
        </testcase>
        <testcase classname="src/pages/DashboardPage.test.tsx" name="DashboardPage &gt; stage breakdown &gt; displays deal counts and formatted values per stage" time="0.018428">
        </testcase>
        <testcase classname="src/pages/DashboardPage.test.tsx" name="DashboardPage &gt; stage breakdown &gt; shows the empty state when there are no open deals" time="0.014824041">
        </testcase>
        <testcase classname="src/pages/DashboardPage.test.tsx" name="DashboardPage &gt; weighted pipeline value (MINCRM-179) &gt; renders the weighted pipeline stat card" time="0.013057875">
        </testcase>
        <testcase classname="src/pages/DashboardPage.test.tsx" name="DashboardPage &gt; weighted pipeline value (MINCRM-179) &gt; displays the formatted weighted pipeline value from the API" time="0.014459458">
        </testcase>
        <testcase classname="src/pages/DashboardPage.test.tsx" name="DashboardPage &gt; weighted pipeline value (MINCRM-179) &gt; renders a weighted value column in the stage breakdown table" time="0.018671375">
        </testcase>
        <testcase classname="src/pages/DashboardPage.test.tsx" name="DashboardPage &gt; recent activity feed (MINCRM-185) &gt; renders the recent activity feed section" time="0.020156167">
        </testcase>
        <testcase classname="src/pages/DashboardPage.test.tsx" name="DashboardPage &gt; recent activity feed (MINCRM-185) &gt; renders an activity entry for each recent activity" time="0.012297167">
        </testcase>
        <testcase classname="src/pages/DashboardPage.test.tsx" name="DashboardPage &gt; recent activity feed (MINCRM-185) &gt; shows the activity subject" time="0.0137725">
        </testcase>
        <testcase classname="src/pages/DashboardPage.test.tsx" name="DashboardPage &gt; recent activity feed (MINCRM-185) &gt; shows the activity type badge" time="0.01766575">
        </testcase>
        <testcase classname="src/pages/DashboardPage.test.tsx" name="DashboardPage &gt; recent activity feed (MINCRM-185) &gt; renders the linked record as a link when a path is available" time="0.017004292">
        </testcase>
        <testcase classname="src/pages/DashboardPage.test.tsx" name="DashboardPage &gt; recent activity feed (MINCRM-185) &gt; shows a relative timestamp on each entry" time="0.017743">
        </testcase>
        <testcase classname="src/pages/DashboardPage.test.tsx" name="DashboardPage &gt; recent activity feed (MINCRM-185) &gt; shows the &quot;View all&quot; link pointing to activities" time="0.0297625">
        </testcase>
        <testcase classname="src/pages/DashboardPage.test.tsx" name="DashboardPage &gt; recent activity feed (MINCRM-185) &gt; shows the empty state when there are no recent activities" time="0.013780291">
        </testcase>
        <testcase classname="src/pages/DashboardPage.test.tsx" name="DashboardPage &gt; recent activity feed (MINCRM-185) &gt; renders linked record name as plain text when linkedRecordPath is null" time="0.016795208">
        </testcase>
        <testcase classname="src/pages/DashboardPage.test.tsx" name="DashboardPage &gt; recent activity feed (MINCRM-185) &gt; renders nothing for the record cell when both linkedRecordPath and linkedRecordName are null" time="0.016973292">
        </testcase>
        <testcase classname="src/pages/DashboardPage.test.tsx" name="DashboardPage &gt; admin vs rep scope labels &gt; shows &quot;Team&quot; scope label for admins" time="0.020802542">
        </testcase>
        <testcase classname="src/pages/DashboardPage.test.tsx" name="DashboardPage &gt; admin vs rep scope labels &gt; shows &quot;Your&quot; scope label for reps" time="0.019068292">
        </testcase>
        <testcase classname="src/pages/DashboardPage.test.tsx" name="DashboardPage &gt; recent activity type badges &gt; renders a Call badge for Call activities" time="0.015090292">
        </testcase>
        <testcase classname="src/pages/DashboardPage.test.tsx" name="DashboardPage &gt; recent activity type badges &gt; renders an Email badge for Email activities" time="0.029502167">
        </testcase>
        <testcase classname="src/pages/DashboardPage.test.tsx" name="DashboardPage &gt; recent activity type badges &gt; renders a Meeting badge for Meeting activities" time="0.016175083">
        </testcase>
        <testcase classname="src/pages/DashboardPage.test.tsx" name="DashboardPage &gt; recent activity type badges &gt; renders a Task badge for Task activities" time="0.014386791">
        </testcase>
        <testcase classname="src/pages/DashboardPage.test.tsx" name="DashboardPage &gt; recent activity type badges &gt; renders a Note badge for Note (default) activities" time="0.018753708">
        </testcase>
        <testcase classname="src/pages/DashboardPage.test.tsx" name="DashboardPage &gt; relative time label variants &gt; shows a minutes-ago label for activities updated ~3 minutes ago" time="0.01216675">
        </testcase>
        <testcase classname="src/pages/DashboardPage.test.tsx" name="DashboardPage &gt; relative time label variants &gt; shows a singular minute label for exactly 1 minute ago" time="0.025240792">
        </testcase>
        <testcase classname="src/pages/DashboardPage.test.tsx" name="DashboardPage &gt; relative time label variants &gt; shows an hours-ago label for activities updated ~3 hours ago" time="0.016436583">
        </testcase>
        <testcase classname="src/pages/DashboardPage.test.tsx" name="DashboardPage &gt; relative time label variants &gt; shows a singular hour label for exactly 1 hour ago" time="0.0138955">
        </testcase>
        <testcase classname="src/pages/DashboardPage.test.tsx" name="DashboardPage &gt; relative time label variants &gt; shows a days-ago label for activities updated ~2 days ago" time="0.013121083">
        </testcase>
        <testcase classname="src/pages/DashboardPage.test.tsx" name="DashboardPage &gt; relative time label variants &gt; shows a singular day label for exactly 1 day ago" time="0.014368458">
        </testcase>
        <testcase classname="src/pages/DashboardPage.test.tsx" name="DashboardPage &gt; relative time label variants &gt; shows &quot;just now&quot; for very recent activities (&lt; 60 seconds)" time="0.02473375">
        </testcase>
    </testsuite>
    <testsuite name="src/pages/DealDetailPage.test.tsx" timestamp="2026-05-14T02:22:34.125Z" hostname="Lucindas-MacBook-Pro.local" tests="28" failures="0" errors="0" skipped="0" time="1.936426">
        <testcase classname="src/pages/DealDetailPage.test.tsx" name="DealDetailPage &gt; renders the deal name as the page heading" time="0.306433542">
            <system-err>
⚠️ React Router Future Flag Warning: React Router will begin wrapping state updates in `React.startTransition` in v7. You can use the `v7_startTransition` future flag to opt-in early. For more information, see https://reactrouter.com/v6/upgrading/future#v7_starttransition.
⚠️ React Router Future Flag Warning: Relative route resolution within Splat routes is changing in v7. You can use the `v7_relativeSplatPath` future flag to opt-in early. For more information, see https://reactrouter.com/v6/upgrading/future#v7_relativesplatpath.

            </system-err>
        </testcase>
        <testcase classname="src/pages/DealDetailPage.test.tsx" name="DealDetailPage &gt; renders deal fields in the detail card" time="0.09225875">
        </testcase>
        <testcase classname="src/pages/DealDetailPage.test.tsx" name="DealDetailPage &gt; renders the back to deals link" time="0.056805625">
        </testcase>
        <testcase classname="src/pages/DealDetailPage.test.tsx" name="DealDetailPage &gt; renders the edit and delete buttons" time="0.054198625">
        </testcase>
        <testcase classname="src/pages/DealDetailPage.test.tsx" name="DealDetailPage &gt; shows not found message for an unknown deal" time="0.117164125">
        </testcase>
        <testcase classname="src/pages/DealDetailPage.test.tsx" name="DealDetailPage &gt; shows the edit form when Edit is clicked" time="0.0685255">
        </testcase>
        <testcase classname="src/pages/DealDetailPage.test.tsx" name="DealDetailPage &gt; hides the edit form when Cancel is clicked" time="0.082684042">
        </testcase>
        <testcase classname="src/pages/DealDetailPage.test.tsx" name="DealDetailPage &gt; shows linked contacts section" time="0.036093917">
        </testcase>
        <testcase classname="src/pages/DealDetailPage.test.tsx" name="DealDetailPage &gt; shows empty state when no contacts are linked" time="0.032600458">
        </testcase>
        <testcase classname="src/pages/DealDetailPage.test.tsx" name="DealDetailPage &gt; renders linked contacts when present" time="0.033470792">
        </testcase>
        <testcase classname="src/pages/DealDetailPage.test.tsx" name="DealDetailPage &gt; shows a loading state while fetching" time="0.008264792">
        </testcase>
        <testcase classname="src/pages/DealDetailPage.test.tsx" name="DealDetailPage &gt; shows an unlink button next to each linked contact" time="0.032680542">
        </testcase>
        <testcase classname="src/pages/DealDetailPage.test.tsx" name="DealDetailPage &gt; calls unlink API and refreshes when unlink button is clicked" time="0.045449667">
        </testcase>
        <testcase classname="src/pages/DealDetailPage.test.tsx" name="DealDetailPage &gt; shows link contact select when there are linkable contacts" time="0.036247042">
        </testcase>
        <testcase classname="src/pages/DealDetailPage.test.tsx" name="DealDetailPage &gt; calls link API when a contact is selected and Link button is clicked" time="0.088347542">
        </testcase>
        <testcase classname="src/pages/DealDetailPage.test.tsx" name="DealDetailPage &gt; opens the close deal modal when Closed Won is selected in the edit form" time="0.071402417">
        </testcase>
        <testcase classname="src/pages/DealDetailPage.test.tsx" name="DealDetailPage &gt; shows loss reason field when Closed Lost is selected in the edit form" time="0.074770417">
        </testcase>
        <testcase classname="src/pages/DealDetailPage.test.tsx" name="DealDetailPage &gt; calls PATCH with correct stage payload when close modal is confirmed" time="0.10767275">
        </testcase>
        <testcase classname="src/pages/DealDetailPage.test.tsx" name="DealDetailPage &gt; closes the modal without saving when cancel is clicked" time="0.0911245">
        </testcase>
        <testcase classname="src/pages/DealDetailPage.test.tsx" name="DealDetailPage &gt; invalidates win/loss cache on stage update (MINCRM-104)" time="0.086987042">
        </testcase>
        <testcase classname="src/pages/DealDetailPage.test.tsx" name="DealDetailPage &gt; invalidates win/loss cache on close deal (MINCRM-104)" time="0.114793292">
        </testcase>
        <testcase classname="src/pages/DealDetailPage.test.tsx" name="DealDetailPage &gt; opens the confirm-delete modal when Delete is clicked" time="0.039268417">
        </testcase>
        <testcase classname="src/pages/DealDetailPage.test.tsx" name="DealDetailPage &gt; does not delete when modal cancel is clicked" time="0.072505375">
        </testcase>
        <testcase classname="src/pages/DealDetailPage.test.tsx" name="DealDetailPage &gt; invalidates win/loss cache on deal delete (MINCRM-104)" time="0.069743334">
            <system-err>
No routes matched location &quot;/deals&quot; 

            </system-err>
        </testcase>
        <testcase classname="src/pages/DealDetailPage.test.tsx" name="DealDetailPage &gt; renders back-to-deals link with aria-label" time="0.0306635">
        </testcase>
        <testcase classname="src/pages/DealDetailPage.test.tsx" name="DealDetailPage &gt; shows error message when contacts fetch fails (MINCRM-117)" time="0.02904475">
        </testcase>
        <testcase classname="src/pages/DealDetailPage.test.tsx" name="DealDetailPage &gt; hides link contact form when contacts fetch fails (MINCRM-117)" time="0.028500792">
        </testcase>
        <testcase classname="src/pages/DealDetailPage.test.tsx" name="DealDetailPage &gt; hides link select when all contacts are already linked" time="0.026063458">
        </testcase>
    </testsuite>
    <testsuite name="src/pages/DealsPage.test.tsx" timestamp="2026-05-14T02:22:34.126Z" hostname="Lucindas-MacBook-Pro.local" tests="48" failures="0" errors="0" skipped="0" time="2.406492292">
        <testcase classname="src/pages/DealsPage.test.tsx" name="DealsPage &gt; renders the page heading" time="0.245040167">
            <system-err>
⚠️ React Router Future Flag Warning: React Router will begin wrapping state updates in `React.startTransition` in v7. You can use the `v7_startTransition` future flag to opt-in early. For more information, see https://reactrouter.com/v6/upgrading/future#v7_starttransition.
⚠️ React Router Future Flag Warning: Relative route resolution within Splat routes is changing in v7. You can use the `v7_relativeSplatPath` future flag to opt-in early. For more information, see https://reactrouter.com/v6/upgrading/future#v7_relativesplatpath.

            </system-err>
        </testcase>
        <testcase classname="src/pages/DealsPage.test.tsx" name="DealsPage &gt; renders the New Deal button" time="0.119087291">
        </testcase>
        <testcase classname="src/pages/DealsPage.test.tsx" name="DealsPage &gt; renders the view toggle button" time="0.040577125">
        </testcase>
        <testcase classname="src/pages/DealsPage.test.tsx" name="DealsPage &gt; shows the create form when New Deal is clicked" time="0.101089792">
        </testcase>
        <testcase classname="src/pages/DealsPage.test.tsx" name="DealsPage &gt; hides the form when Cancel is clicked" time="0.100839625">
        </testcase>
        <testcase classname="src/pages/DealsPage.test.tsx" name="DealsPage &gt; submits the create form and hides it on success" time="0.169567375">
        </testcase>
        <testcase classname="src/pages/DealsPage.test.tsx" name="DealsPage &gt; defaults to board view — renders the pipeline board" time="0.025679333">
        </testcase>
        <testcase classname="src/pages/DealsPage.test.tsx" name="DealsPage &gt; renders a column for each pipeline stage in board view" time="0.025991584">
        </testcase>
        <testcase classname="src/pages/DealsPage.test.tsx" name="DealsPage &gt; renders a deal card in the correct stage column in board view" time="0.0185405">
        </testcase>
        <testcase classname="src/pages/DealsPage.test.tsx" name="DealsPage &gt; renders the hide/show closed deals toggle in board view" time="0.012813">
        </testcase>
        <testcase classname="src/pages/DealsPage.test.tsx" name="DealsPage &gt; renders the owner toggle in board view (MINCRM-176)" time="0.012625125">
        </testcase>
        <testcase classname="src/pages/DealsPage.test.tsx" name="DealsPage &gt; shows loading state in board view while deals are being fetched" time="0.006946625">
        </testcase>
        <testcase classname="src/pages/DealsPage.test.tsx" name="DealsPage &gt; shows error state in board view when the API fails" time="0.0259045">
        </testcase>
        <testcase classname="src/pages/DealsPage.test.tsx" name="DealsPage &gt; opens the close deal modal when a terminal stage is selected on a card" time="0.044535167">
        </testcase>
        <testcase classname="src/pages/DealsPage.test.tsx" name="DealsPage &gt; shows an inline error banner when a stage change fails in board view" time="0.038983333">
        </testcase>
        <testcase classname="src/pages/DealsPage.test.tsx" name="DealsPage &gt; switches to list view when the toggle is clicked" time="0.037357375">
        </testcase>
        <testcase classname="src/pages/DealsPage.test.tsx" name="DealsPage &gt; renders a deal row from the API in list view" time="0.039565125">
        </testcase>
        <testcase classname="src/pages/DealsPage.test.tsx" name="DealsPage &gt; shows empty state in list view when no deals are returned" time="0.048874666">
        </testcase>
        <testcase classname="src/pages/DealsPage.test.tsx" name="DealsPage &gt; renders the hide/show closed deals toggle in list view (MINCRM-176)" time="0.0385025">
        </testcase>
        <testcase classname="src/pages/DealsPage.test.tsx" name="DealsPage &gt; hides closed deals from list view when hide-closed toggle is clicked (MINCRM-176)" time="0.054107917">
        </testcase>
        <testcase classname="src/pages/DealsPage.test.tsx" name="DealsPage &gt; resets to page 1 when hide-closed toggle is clicked in list view (MINCRM-176)" time="0.085733125">
        </testcase>
        <testcase classname="src/pages/DealsPage.test.tsx" name="DealsPage &gt; shows error state in list view when the API fails" time="0.029485542">
        </testcase>
        <testcase classname="src/pages/DealsPage.test.tsx" name="DealsPage &gt; renders the owner column with the resolved user name in list view" time="0.032129417">
        </testcase>
        <testcase classname="src/pages/DealsPage.test.tsx" name="DealsPage &gt; shows the owner toggle defaulting to All in list view" time="0.030136875">
        </testcase>
        <testcase classname="src/pages/DealsPage.test.tsx" name="DealsPage &gt; filters deals to current user when Mine toggle is clicked in list view" time="0.071883125">
        </testcase>
        <testcase classname="src/pages/DealsPage.test.tsx" name="DealsPage &gt; shows fallback text for deals with an unresolvable owner in list view" time="0.031576417">
        </testcase>
        <testcase classname="src/pages/DealsPage.test.tsx" name="DealsPage &gt; preserves owner filter when switching between board and list views (MINCRM-176)" time="0.090561291">
        </testcase>
        <testcase classname="src/pages/DealsPage.test.tsx" name="DealsPage &gt; renders the pipeline summary bar in list view" time="0.032522375">
        </testcase>
        <testcase classname="src/pages/DealsPage.test.tsx" name="DealsPage &gt; renders a summary chip for each open pipeline stage" time="0.02928725">
        </testcase>
        <testcase classname="src/pages/DealsPage.test.tsx" name="DealsPage &gt; shows correct deal count for a stage in the summary bar" time="0.038655">
        </testcase>
        <testcase classname="src/pages/DealsPage.test.tsx" name="DealsPage &gt; does not render the pipeline summary bar in board view" time="0.024479083">
        </testcase>
        <testcase classname="src/pages/DealsPage.test.tsx" name="DealsPage &gt; does not render the pipeline summary bar when the API errors in list view" time="0.02954325">
        </testcase>
        <testcase classname="src/pages/DealsPage.test.tsx" name="DealsPage &gt; restores list view when sessionStorage has deals.viewMode=list" time="0.011636459">
        </testcase>
        <testcase classname="src/pages/DealsPage.test.tsx" name="DealsPage &gt; defaults to board view when sessionStorage has no stored value" time="0.023307791">
        </testcase>
        <testcase classname="src/pages/DealsPage.test.tsx" name="DealsPage &gt; persists list view to sessionStorage when toggled" time="0.03783375">
        </testcase>
        <testcase classname="src/pages/DealsPage.test.tsx" name="DealsPage &gt; persists board view to sessionStorage when toggled back from list" time="0.03664875">
        </testcase>
        <testcase classname="src/pages/DealsPage.test.tsx" name="DealsPage &gt; toggles back to board view from list view" time="0.074818083">
        </testcase>
        <testcase classname="src/pages/DealsPage.test.tsx" name="DealsPage &gt; CSV export buttons &gt; renders the Export CSV button" time="0.009485834">
        </testcase>
        <testcase classname="src/pages/DealsPage.test.tsx" name="DealsPage &gt; CSV export buttons &gt; renders the Export All button for admin users" time="0.017799208">
        </testcase>
        <testcase classname="src/pages/DealsPage.test.tsx" name="DealsPage &gt; CSV export buttons &gt; does not render the Export All button for rep users" time="0.013935833">
        </testcase>
        <testcase classname="src/pages/DealsPage.test.tsx" name="DealsPage &gt; CSV export buttons &gt; calls exportDealsCsv when Export CSV is clicked" time="0.031546833">
        </testcase>
        <testcase classname="src/pages/DealsPage.test.tsx" name="DealsPage &gt; CSV export buttons &gt; calls exportDealsCsv with all:true when Export All is clicked" time="0.037671125">
        </testcase>
        <testcase classname="src/pages/DealsPage.test.tsx" name="DealsPage &gt; bulk selection &gt; shows row checkboxes in the deal list view" time="0.034566042">
        </testcase>
        <testcase classname="src/pages/DealsPage.test.tsx" name="DealsPage &gt; bulk selection &gt; shows the bulk action bar after selecting a row" time="0.051291125">
        </testcase>
        <testcase classname="src/pages/DealsPage.test.tsx" name="DealsPage &gt; bulk selection &gt; does not show the bulk action bar before any rows are selected" time="0.04355175">
        </testcase>
        <testcase classname="src/pages/DealsPage.test.tsx" name="DealsPage &gt; bulk selection &gt; select-all checkbox shows bulk action bar with all rows selected" time="0.052391666">
        </testcase>
        <testcase classname="src/pages/DealsPage.test.tsx" name="DealsPage &gt; bulk selection &gt; clear selection hides the bulk action bar" time="0.084438834">
        </testcase>
        <testcase classname="src/pages/DealsPage.test.tsx" name="DealsPage &gt; bulk selection &gt; bulk delete calls the API and clears selection on success" time="0.109748375">
        </testcase>
    </testsuite>
    <testsuite name="src/pages/ForgotPasswordPage.test.tsx" timestamp="2026-05-14T02:22:34.128Z" hostname="Lucindas-MacBook-Pro.local" tests="7" failures="0" errors="0" skipped="0" time="0.591954375">
        <testcase classname="src/pages/ForgotPasswordPage.test.tsx" name="ForgotPasswordPage &gt; renders the email input and submit button" time="0.036364292">
            <system-err>
⚠️ React Router Future Flag Warning: React Router will begin wrapping state updates in `React.startTransition` in v7. You can use the `v7_startTransition` future flag to opt-in early. For more information, see https://reactrouter.com/v6/upgrading/future#v7_starttransition.
⚠️ React Router Future Flag Warning: Relative route resolution within Splat routes is changing in v7. You can use the `v7_relativeSplatPath` future flag to opt-in early. For more information, see https://reactrouter.com/v6/upgrading/future#v7_relativesplatpath.

            </system-err>
        </testcase>
        <testcase classname="src/pages/ForgotPasswordPage.test.tsx" name="ForgotPasswordPage &gt; renders the back-to-login link" time="0.006138291">
        </testcase>
        <testcase classname="src/pages/ForgotPasswordPage.test.tsx" name="ForgotPasswordPage &gt; shows the success message after successful submission" time="0.193253">
        </testcase>
        <testcase classname="src/pages/ForgotPasswordPage.test.tsx" name="ForgotPasswordPage &gt; hides the form and shows the success message (no user enumeration — same UI for any email)" time="0.105059083">
        </testcase>
        <testcase classname="src/pages/ForgotPasswordPage.test.tsx" name="ForgotPasswordPage &gt; disables the submit button while the request is in flight" time="0.083483416">
        </testcase>
        <testcase classname="src/pages/ForgotPasswordPage.test.tsx" name="ForgotPasswordPage &gt; shows a server error when the API returns 400" time="0.087254041">
        </testcase>
        <testcase classname="src/pages/ForgotPasswordPage.test.tsx" name="ForgotPasswordPage &gt; shows the generic error message when the server returns no structured error body" time="0.076094042">
        </testcase>
    </testsuite>
    <testsuite name="src/pages/LeadDetailPage.test.tsx" timestamp="2026-05-14T02:22:34.128Z" hostname="Lucindas-MacBook-Pro.local" tests="22" failures="0" errors="0" skipped="0" time="1.0700095">
        <testcase classname="src/pages/LeadDetailPage.test.tsx" name="LeadDetailPage &gt; renders the lead name" time="0.111253">
            <system-err>
⚠️ React Router Future Flag Warning: React Router will begin wrapping state updates in `React.startTransition` in v7. You can use the `v7_startTransition` future flag to opt-in early. For more information, see https://reactrouter.com/v6/upgrading/future#v7_starttransition.
⚠️ React Router Future Flag Warning: Relative route resolution within Splat routes is changing in v7. You can use the `v7_relativeSplatPath` future flag to opt-in early. For more information, see https://reactrouter.com/v6/upgrading/future#v7_relativesplatpath.

            </system-err>
        </testcase>
        <testcase classname="src/pages/LeadDetailPage.test.tsx" name="LeadDetailPage &gt; renders the lead email" time="0.038660375">
        </testcase>
        <testcase classname="src/pages/LeadDetailPage.test.tsx" name="LeadDetailPage &gt; shows the status badge" time="0.035342708">
        </testcase>
        <testcase classname="src/pages/LeadDetailPage.test.tsx" name="LeadDetailPage &gt; shows a &quot;Converted&quot; badge when the lead is converted" time="0.022372958">
        </testcase>
        <testcase classname="src/pages/LeadDetailPage.test.tsx" name="LeadDetailPage &gt; shows &quot;not found&quot; when the lead does not exist" time="0.019035583">
        </testcase>
        <testcase classname="src/pages/LeadDetailPage.test.tsx" name="LeadDetailPage &gt; shows the edit form when Edit is clicked" time="0.093677209">
        </testcase>
        <testcase classname="src/pages/LeadDetailPage.test.tsx" name="LeadDetailPage &gt; hides the edit form when Cancel is clicked" time="0.054263792">
        </testcase>
        <testcase classname="src/pages/LeadDetailPage.test.tsx" name="LeadDetailPage &gt; shows the Convert Lead button when lead is not Disqualified and not converted" time="0.0239395">
        </testcase>
        <testcase classname="src/pages/LeadDetailPage.test.tsx" name="LeadDetailPage &gt; does NOT show Convert Lead button when lead is Disqualified" time="0.0183885">
        </testcase>
        <testcase classname="src/pages/LeadDetailPage.test.tsx" name="LeadDetailPage &gt; does NOT show Convert Lead button when lead is already converted" time="0.018061792">
        </testcase>
        <testcase classname="src/pages/LeadDetailPage.test.tsx" name="LeadDetailPage &gt; shows the conversion modal when Convert Lead is clicked" time="0.039726084">
        </testcase>
        <testcase classname="src/pages/LeadDetailPage.test.tsx" name="LeadDetailPage &gt; shows status history when entries are returned" time="0.030688333">
        </testcase>
        <testcase classname="src/pages/LeadDetailPage.test.tsx" name="LeadDetailPage &gt; shows the converted-from-lead banner on a converted lead" time="0.025304375">
        </testcase>
        <testcase classname="src/pages/LeadDetailPage.test.tsx" name="LeadDetailPage &gt; edit save flow &gt; saves the edit form and hides it on success" time="0.06691875">
        </testcase>
        <testcase classname="src/pages/LeadDetailPage.test.tsx" name="LeadDetailPage &gt; edit save flow &gt; sends the patched fields to the PATCH endpoint" time="0.128801667">
        </testcase>
        <testcase classname="src/pages/LeadDetailPage.test.tsx" name="LeadDetailPage &gt; edit save flow &gt; shows an update error message when the PATCH fails" time="0.053472417">
        </testcase>
        <testcase classname="src/pages/LeadDetailPage.test.tsx" name="LeadDetailPage &gt; delete flow &gt; opens the confirm-delete modal when Delete is clicked" time="0.033874834">
        </testcase>
        <testcase classname="src/pages/LeadDetailPage.test.tsx" name="LeadDetailPage &gt; delete flow &gt; calls DELETE and navigates away when confirm is clicked" time="0.062212666">
            <system-err>
No routes matched location &quot;/leads&quot; 

            </system-err>
        </testcase>
        <testcase classname="src/pages/LeadDetailPage.test.tsx" name="LeadDetailPage &gt; delete flow &gt; does not delete and keeps the button when modal cancel is clicked" time="0.064391625">
        </testcase>
        <testcase classname="src/pages/LeadDetailPage.test.tsx" name="LeadDetailPage &gt; delete flow &gt; shows a delete error message when the DELETE request fails" time="0.058365083">
        </testcase>
        <testcase classname="src/pages/LeadDetailPage.test.tsx" name="LeadDetailPage &gt; convert lead flow &gt; calls the convert endpoint and shows converted badges on success" time="0.049255166">
            <system-err>
No routes matched location &quot;/contacts/00000000-0000-0000-0000-000000000101&quot; 

            </system-err>
        </testcase>
        <testcase classname="src/pages/LeadDetailPage.test.tsx" name="LeadDetailPage &gt; disqualified lead &gt; shows the disqualification reason when the lead is disqualified" time="0.01942275">
        </testcase>
    </testsuite>
    <testsuite name="src/pages/LeadsPage.test.tsx" timestamp="2026-05-14T02:22:34.129Z" hostname="Lucindas-MacBook-Pro.local" tests="21" failures="0" errors="0" skipped="0" time="1.046443125">
        <testcase classname="src/pages/LeadsPage.test.tsx" name="LeadsPage &gt; renders the page heading" time="0.111518917">
            <system-err>
⚠️ React Router Future Flag Warning: React Router will begin wrapping state updates in `React.startTransition` in v7. You can use the `v7_startTransition` future flag to opt-in early. For more information, see https://reactrouter.com/v6/upgrading/future#v7_starttransition.
⚠️ React Router Future Flag Warning: Relative route resolution within Splat routes is changing in v7. You can use the `v7_relativeSplatPath` future flag to opt-in early. For more information, see https://reactrouter.com/v6/upgrading/future#v7_relativesplatpath.

            </system-err>
        </testcase>
        <testcase classname="src/pages/LeadsPage.test.tsx" name="LeadsPage &gt; renders the New Lead button" time="0.027008042">
        </testcase>
        <testcase classname="src/pages/LeadsPage.test.tsx" name="LeadsPage &gt; renders a lead row from the API" time="0.040613625">
        </testcase>
        <testcase classname="src/pages/LeadsPage.test.tsx" name="LeadsPage &gt; shows empty state when no leads are returned" time="0.037127166">
        </testcase>
        <testcase classname="src/pages/LeadsPage.test.tsx" name="LeadsPage &gt; shows error state when the API fails" time="0.030048708">
        </testcase>
        <testcase classname="src/pages/LeadsPage.test.tsx" name="LeadsPage &gt; shows the create form when New Lead is clicked" time="0.042596667">
        </testcase>
        <testcase classname="src/pages/LeadsPage.test.tsx" name="LeadsPage &gt; hides the form when Cancel is clicked" time="0.046710583">
        </testcase>
        <testcase classname="src/pages/LeadsPage.test.tsx" name="LeadsPage &gt; shows the New status badge for the lead" time="0.016972875">
        </testcase>
        <testcase classname="src/pages/LeadsPage.test.tsx" name="LeadsPage &gt; shows a &quot;Converted&quot; badge for a converted lead" time="0.02434525">
        </testcase>
        <testcase classname="src/pages/LeadsPage.test.tsx" name="LeadsPage &gt; shows a status select on badge click for inline status update" time="0.035304708">
        </testcase>
        <testcase classname="src/pages/LeadsPage.test.tsx" name="LeadsPage &gt; shows duplicate warning when 409 is returned" time="0.182344125">
        </testcase>
        <testcase classname="src/pages/LeadsPage.test.tsx" name="LeadsPage &gt; creates the lead anyway when &quot;Create anyway&quot; is clicked after a duplicate warning" time="0.159071917">
        </testcase>
        <testcase classname="src/pages/LeadsPage.test.tsx" name="filter interactions &gt; sends ?owner=me when &quot;Mine&quot; filter is clicked" time="0.026555167">
        </testcase>
        <testcase classname="src/pages/LeadsPage.test.tsx" name="filter interactions &gt; removes ?owner param when &quot;All&quot; filter is clicked after selecting &quot;Mine&quot;" time="0.038902709">
        </testcase>
        <testcase classname="src/pages/LeadsPage.test.tsx" name="filter interactions &gt; sends ?status=New when New is selected in the status filter" time="0.030304917">
        </testcase>
        <testcase classname="src/pages/LeadsPage.test.tsx" name="filter interactions &gt; sends ?lead_source=Web when Web is selected in the source filter" time="0.035994">
        </testcase>
        <testcase classname="src/pages/LeadsPage.test.tsx" name="filter interactions &gt; sends includeDisqualified=true when the disqualified checkbox is toggled on" time="0.024037417">
        </testcase>
        <testcase classname="src/pages/LeadsPage.test.tsx" name="filter interactions &gt; sends includeConverted=true when the converted checkbox is toggled on" time="0.023242041">
        </testcase>
        <testcase classname="src/pages/LeadsPage.test.tsx" name="delete lead action &gt; calls DELETE after window.confirm and removes the row" time="0.032300333">
        </testcase>
        <testcase classname="src/pages/LeadsPage.test.tsx" name="delete lead action &gt; does NOT call DELETE when window.confirm returns false" time="0.03138675">
        </testcase>
        <testcase classname="src/pages/LeadsPage.test.tsx" name="inline status update &gt; calls PATCH with the new status when a new value is selected" time="0.047459334">
        </testcase>
    </testsuite>
    <testsuite name="src/pages/LoginPage.test.tsx" timestamp="2026-05-14T02:22:34.130Z" hostname="Lucindas-MacBook-Pro.local" tests="12" failures="0" errors="0" skipped="0" time="0.917591541">
        <testcase classname="src/pages/LoginPage.test.tsx" name="LoginPage &gt; renders the MiniCRM brand heading" time="0.086879666">
            <system-err>
⚠️ React Router Future Flag Warning: React Router will begin wrapping state updates in `React.startTransition` in v7. You can use the `v7_startTransition` future flag to opt-in early. For more information, see https://reactrouter.com/v6/upgrading/future#v7_starttransition.
⚠️ React Router Future Flag Warning: Relative route resolution within Splat routes is changing in v7. You can use the `v7_relativeSplatPath` future flag to opt-in early. For more information, see https://reactrouter.com/v6/upgrading/future#v7_relativesplatpath.

            </system-err>
        </testcase>
        <testcase classname="src/pages/LoginPage.test.tsx" name="LoginPage &gt; renders the email and password fields" time="0.005902709">
        </testcase>
        <testcase classname="src/pages/LoginPage.test.tsx" name="LoginPage &gt; renders the sign in button" time="0.005074042">
        </testcase>
        <testcase classname="src/pages/LoginPage.test.tsx" name="LoginPage &gt; does not show an error alert on initial render" time="0.008132">
        </testcase>
        <testcase classname="src/pages/LoginPage.test.tsx" name="LoginPage &gt; shows an error alert on invalid credentials" time="0.137277125">
        </testcase>
        <testcase classname="src/pages/LoginPage.test.tsx" name="LoginPage &gt; redirects to the dashboard on successful login" time="0.108941834">
        </testcase>
        <testcase classname="src/pages/LoginPage.test.tsx" name="LoginPage &gt; redirects to the saved location (from state) after successful login (MINCRM-147)" time="0.118712417">
        </testcase>
        <testcase classname="src/pages/LoginPage.test.tsx" name="LoginPage &gt; redirects to dashboard when from state is /change-password (MINCRM-147)" time="0.135519167">
        </testcase>
        <testcase classname="src/pages/LoginPage.test.tsx" name="LoginPage &gt; redirects to dashboard when no from state is present" time="0.138833375">
        </testcase>
        <testcase classname="src/pages/LoginPage.test.tsx" name="LoginPage &gt; renders the &quot;Forgot your password?&quot; link (MINCRM-156)" time="0.002466375">
        </testcase>
        <testcase classname="src/pages/LoginPage.test.tsx" name="LoginPage &gt; navigates to /forgot-password when the link is clicked (MINCRM-156)" time="0.023334459">
        </testcase>
        <testcase classname="src/pages/LoginPage.test.tsx" name="LoginPage &gt; disables the submit button while the login request is in flight" time="0.141100958">
        </testcase>
    </testsuite>
    <testsuite name="src/pages/MyTasksPage.test.tsx" timestamp="2026-05-14T02:22:34.131Z" hostname="Lucindas-MacBook-Pro.local" tests="30" failures="0" errors="0" skipped="0" time="0.721539291">
        <testcase classname="src/pages/MyTasksPage.test.tsx" name="MyTasksPage &gt; shows the loading state while fetching" time="0.047686416">
            <system-err>
⚠️ React Router Future Flag Warning: React Router will begin wrapping state updates in `React.startTransition` in v7. You can use the `v7_startTransition` future flag to opt-in early. For more information, see https://reactrouter.com/v6/upgrading/future#v7_starttransition.
⚠️ React Router Future Flag Warning: Relative route resolution within Splat routes is changing in v7. You can use the `v7_relativeSplatPath` future flag to opt-in early. For more information, see https://reactrouter.com/v6/upgrading/future#v7_relativesplatpath.

            </system-err>
        </testcase>
        <testcase classname="src/pages/MyTasksPage.test.tsx" name="MyTasksPage &gt; renders the page heading" time="0.032549958">
        </testcase>
        <testcase classname="src/pages/MyTasksPage.test.tsx" name="MyTasksPage &gt; shows the empty state when there are no open tasks" time="0.051260875">
        </testcase>
        <testcase classname="src/pages/MyTasksPage.test.tsx" name="MyTasksPage &gt; renders task rows for open tasks" time="0.041187917">
        </testcase>
        <testcase classname="src/pages/MyTasksPage.test.tsx" name="MyTasksPage &gt; shows the linked record name as a link" time="0.027250709">
        </testcase>
        <testcase classname="src/pages/MyTasksPage.test.tsx" name="MyTasksPage &gt; highlights overdue tasks with a red due date and overdue badge" time="0.024033084">
        </testcase>
        <testcase classname="src/pages/MyTasksPage.test.tsx" name="MyTasksPage &gt; does not highlight a future due date as overdue" time="0.017161167">
        </testcase>
        <testcase classname="src/pages/MyTasksPage.test.tsx" name="MyTasksPage &gt; shows a &quot;Mark complete&quot; button for open tasks" time="0.023357208">
        </testcase>
        <testcase classname="src/pages/MyTasksPage.test.tsx" name="MyTasksPage &gt; hides completed tasks by default" time="0.01855225">
        </testcase>
        <testcase classname="src/pages/MyTasksPage.test.tsx" name="MyTasksPage &gt; shows completed tasks when the &quot;Show completed&quot; toggle is clicked" time="0.017308625">
        </testcase>
        <testcase classname="src/pages/MyTasksPage.test.tsx" name="MyTasksPage &gt; applies line-through styling to completed task subjects" time="0.024564958">
        </testcase>
        <testcase classname="src/pages/MyTasksPage.test.tsx" name="MyTasksPage &gt; does not show &quot;Mark complete&quot; for already completed tasks" time="0.020503792">
        </testcase>
        <testcase classname="src/pages/MyTasksPage.test.tsx" name="MyTasksPage &gt; calls the PATCH endpoint and invalidates query when marking a task complete" time="0.074734916">
        </testcase>
        <testcase classname="src/pages/MyTasksPage.test.tsx" name="MyTasksPage &gt; shows the &quot;Show completed&quot; / &quot;Hide completed&quot; toggle label correctly" time="0.01408">
        </testcase>
        <testcase classname="src/pages/MyTasksPage.test.tsx" name="MyTasksPage &gt; ?filter=overdue query param &gt; shows only overdue tasks when filter=overdue is in the URL" time="0.020918875">
        </testcase>
        <testcase classname="src/pages/MyTasksPage.test.tsx" name="MyTasksPage &gt; ?filter=overdue query param &gt; shows the empty state when filter=overdue but no tasks are overdue" time="0.012293791">
        </testcase>
        <testcase classname="src/pages/MyTasksPage.test.tsx" name="MyTasksPage &gt; ?filter=overdue query param &gt; shows all open tasks when no filter param is present" time="0.015100291">
        </testcase>
        <testcase classname="src/pages/MyTasksPage.test.tsx" name="MyTasksPage &gt; ?filter=overdue query param &gt; hides the &quot;Show completed&quot; toggle when the overdue filter is active" time="0.013386916">
        </testcase>
        <testcase classname="src/pages/MyTasksPage.test.tsx" name="MyTasksPage &gt; ?filter=overdue query param &gt; shows the overdue filter chip when filter=overdue is active" time="0.014589041">
        </testcase>
        <testcase classname="src/pages/MyTasksPage.test.tsx" name="MyTasksPage &gt; ?filter=overdue query param &gt; does not show the overdue filter chip when no filter param is present" time="0.007757542">
        </testcase>
        <testcase classname="src/pages/MyTasksPage.test.tsx" name="MyTasksPage &gt; ?filter=overdue query param &gt; shows the &quot;Show completed&quot; toggle when no overdue filter is active" time="0.008699583">
        </testcase>
        <testcase classname="src/pages/MyTasksPage.test.tsx" name="MyTasksPage &gt; pagination &gt; renders the Pagination component after tasks load" time="0.019249958">
        </testcase>
        <testcase classname="src/pages/MyTasksPage.test.tsx" name="MyTasksPage &gt; pagination &gt; renders the page-size selector" time="0.016262917">
        </testcase>
        <testcase classname="src/pages/MyTasksPage.test.tsx" name="MyTasksPage &gt; pagination &gt; renders Pagination even when total &lt;= limit (always visible)" time="0.025151958">
        </testcase>
        <testcase classname="src/pages/MyTasksPage.test.tsx" name="MyTasksPage &gt; linked record path branches &gt; links to the account page for account-linked tasks" time="0.021655292">
        </testcase>
        <testcase classname="src/pages/MyTasksPage.test.tsx" name="MyTasksPage &gt; linked record path branches &gt; links to the contact page for contact-linked tasks" time="0.015618167">
        </testcase>
        <testcase classname="src/pages/MyTasksPage.test.tsx" name="MyTasksPage &gt; linked record path branches &gt; shows &quot;No record&quot; when a task has no linked record" time="0.021705125">
        </testcase>
        <testcase classname="src/pages/MyTasksPage.test.tsx" name="MyTasksPage &gt; due date branches &gt; shows &quot;No due date&quot; when a task has no due date set" time="0.020774208">
        </testcase>
        <testcase classname="src/pages/MyTasksPage.test.tsx" name="MyTasksPage &gt; complete mutation error &gt; shows an error alert when marking complete fails" time="0.029543292">
        </testcase>
        <testcase classname="src/pages/MyTasksPage.test.tsx" name="MyTasksPage &gt; completed tasks empty state &gt; shows the &quot;No completed tasks&quot; message when show-completed is on but there are none" time="0.021511667">
        </testcase>
    </testsuite>
    <testsuite name="src/pages/ProfilePage.test.tsx" timestamp="2026-05-14T02:22:34.132Z" hostname="Lucindas-MacBook-Pro.local" tests="18" failures="0" errors="0" skipped="0" time="0.665572167">
        <testcase classname="src/pages/ProfilePage.test.tsx" name="ProfilePage &gt; page render &gt; renders the page heading" time="0.061100792">
            <system-err>
⚠️ React Router Future Flag Warning: React Router will begin wrapping state updates in `React.startTransition` in v7. You can use the `v7_startTransition` future flag to opt-in early. For more information, see https://reactrouter.com/v6/upgrading/future#v7_starttransition.
⚠️ React Router Future Flag Warning: Relative route resolution within Splat routes is changing in v7. You can use the `v7_relativeSplatPath` future flag to opt-in early. For more information, see https://reactrouter.com/v6/upgrading/future#v7_relativesplatpath.

            </system-err>
        </testcase>
        <testcase classname="src/pages/ProfilePage.test.tsx" name="ProfilePage &gt; page render &gt; renders the language section after loading" time="0.050921625">
        </testcase>
        <testcase classname="src/pages/ProfilePage.test.tsx" name="ProfilePage &gt; page render &gt; renders the notifications section" time="0.009691084">
        </testcase>
        <testcase classname="src/pages/ProfilePage.test.tsx" name="ProfilePage &gt; loading state &gt; shows loading text while fetching language preference" time="0.006172875">
        </testcase>
        <testcase classname="src/pages/ProfilePage.test.tsx" name="ProfilePage &gt; loading state &gt; shows loading text while fetching notification prefs" time="0.011798083">
        </testcase>
        <testcase classname="src/pages/ProfilePage.test.tsx" name="ProfilePage &gt; load error state &gt; shows error when language preference fails to load" time="0.041132417">
        </testcase>
        <testcase classname="src/pages/ProfilePage.test.tsx" name="ProfilePage &gt; load error state &gt; shows error when notification prefs fail to load" time="0.018597">
        </testcase>
        <testcase classname="src/pages/ProfilePage.test.tsx" name="ProfilePage &gt; language preference form &gt; renders the language select" time="0.0206985">
        </testcase>
        <testcase classname="src/pages/ProfilePage.test.tsx" name="ProfilePage &gt; language preference form &gt; shows success message after saving language preference" time="0.134229917">
        </testcase>
        <testcase classname="src/pages/ProfilePage.test.tsx" name="ProfilePage &gt; language preference form &gt; shows error message when language save fails" time="0.034203417">
        </testcase>
        <testcase classname="src/pages/ProfilePage.test.tsx" name="ProfilePage &gt; language preference form &gt; disables save button while language mutation is pending" time="0.039871708">
        </testcase>
        <testcase classname="src/pages/ProfilePage.test.tsx" name="ProfilePage &gt; notification preferences form &gt; renders all three notification checkboxes" time="0.021384">
        </testcase>
        <testcase classname="src/pages/ProfilePage.test.tsx" name="ProfilePage &gt; notification preferences form &gt; checkboxes reflect the loaded preferences (all true by default)" time="0.02320975">
        </testcase>
        <testcase classname="src/pages/ProfilePage.test.tsx" name="ProfilePage &gt; notification preferences form &gt; reflects opted-out preferences loaded from server" time="0.027162791">
        </testcase>
        <testcase classname="src/pages/ProfilePage.test.tsx" name="ProfilePage &gt; notification preferences form &gt; toggling a checkbox updates its checked state" time="0.0474635">
        </testcase>
        <testcase classname="src/pages/ProfilePage.test.tsx" name="ProfilePage &gt; notification preferences form &gt; shows success message after saving notification prefs" time="0.042900625">
        </testcase>
        <testcase classname="src/pages/ProfilePage.test.tsx" name="ProfilePage &gt; notification preferences form &gt; shows error message when prefs save fails" time="0.040108375">
        </testcase>
        <testcase classname="src/pages/ProfilePage.test.tsx" name="ProfilePage &gt; notification preferences form &gt; disables save button while prefs mutation is pending" time="0.031310042">
        </testcase>
    </testsuite>
    <testsuite name="src/pages/ReportsPage.test.tsx" timestamp="2026-05-14T02:22:34.133Z" hostname="Lucindas-MacBook-Pro.local" tests="13" failures="0" errors="0" skipped="0" time="0.416797208">
        <testcase classname="src/pages/ReportsPage.test.tsx" name="ReportsPage &gt; renders the page heading" time="0.061563375">
            <system-err>
⚠️ React Router Future Flag Warning: React Router will begin wrapping state updates in `React.startTransition` in v7. You can use the `v7_startTransition` future flag to opt-in early. For more information, see https://reactrouter.com/v6/upgrading/future#v7_starttransition.
⚠️ React Router Future Flag Warning: Relative route resolution within Splat routes is changing in v7. You can use the `v7_relativeSplatPath` future flag to opt-in early. For more information, see https://reactrouter.com/v6/upgrading/future#v7_relativesplatpath.

            </system-err>
        </testcase>
        <testcase classname="src/pages/ReportsPage.test.tsx" name="ReportsPage &gt; renders the SubPageNav tab list" time="0.021582083">
        </testcase>
        <testcase classname="src/pages/ReportsPage.test.tsx" name="ReportsPage &gt; renders three nav items" time="0.028527416">
        </testcase>
        <testcase classname="src/pages/ReportsPage.test.tsx" name="ReportsPage &gt; defaults to win-loss content when no URL param or localStorage" time="0.013364125">
        </testcase>
        <testcase classname="src/pages/ReportsPage.test.tsx" name="ReportsPage &gt; shows activity content when ?view=activity is in the URL" time="0.012221125">
        </testcase>
        <testcase classname="src/pages/ReportsPage.test.tsx" name="ReportsPage &gt; shows pipeline-stage content when ?view=pipeline-stage is in the URL" time="0.016892375">
        </testcase>
        <testcase classname="src/pages/ReportsPage.test.tsx" name="ReportsPage &gt; URL param takes priority over localStorage" time="0.015620708">
        </testcase>
        <testcase classname="src/pages/ReportsPage.test.tsx" name="ReportsPage &gt; restores last-viewed report from localStorage when no URL param" time="0.010632792">
        </testcase>
        <testcase classname="src/pages/ReportsPage.test.tsx" name="ReportsPage &gt; falls back to win-loss when URL param is unrecognised" time="0.012661791">
        </testcase>
        <testcase classname="src/pages/ReportsPage.test.tsx" name="ReportsPage &gt; falls back to win-loss when localStorage contains an invalid value" time="0.007986666">
        </testcase>
        <testcase classname="src/pages/ReportsPage.test.tsx" name="ReportsPage &gt; clicking the activity tab switches to activity content" time="0.132162458">
        </testcase>
        <testcase classname="src/pages/ReportsPage.test.tsx" name="ReportsPage &gt; clicking the pipeline-stage tab switches to stage trend content" time="0.038954417">
        </testcase>
        <testcase classname="src/pages/ReportsPage.test.tsx" name="ReportsPage &gt; clicking a tab persists to localStorage" time="0.040417083">
        </testcase>
    </testsuite>
    <testsuite name="src/pages/ResetPasswordPage.test.tsx" timestamp="2026-05-14T02:22:34.133Z" hostname="Lucindas-MacBook-Pro.local" tests="12" failures="0" errors="0" skipped="0" time="0.847282375">
        <testcase classname="src/pages/ResetPasswordPage.test.tsx" name="ResetPasswordPage — missing token &gt; shows an invalid token error when no token is in the URL" time="0.035614417">
            <system-err>
⚠️ React Router Future Flag Warning: React Router will begin wrapping state updates in `React.startTransition` in v7. You can use the `v7_startTransition` future flag to opt-in early. For more information, see https://reactrouter.com/v6/upgrading/future#v7_starttransition.
⚠️ React Router Future Flag Warning: Relative route resolution within Splat routes is changing in v7. You can use the `v7_relativeSplatPath` future flag to opt-in early. For more information, see https://reactrouter.com/v6/upgrading/future#v7_relativesplatpath.

            </system-err>
        </testcase>
        <testcase classname="src/pages/ResetPasswordPage.test.tsx" name="ResetPasswordPage — missing token &gt; does not render the password form when token is missing" time="0.004567541">
        </testcase>
        <testcase classname="src/pages/ResetPasswordPage.test.tsx" name="ResetPasswordPage — with token &gt; renders the new password and confirm password fields" time="0.008536875">
        </testcase>
        <testcase classname="src/pages/ResetPasswordPage.test.tsx" name="ResetPasswordPage — with token &gt; renders the inline password requirements hint" time="0.008237083">
        </testcase>
        <testcase classname="src/pages/ResetPasswordPage.test.tsx" name="ResetPasswordPage — with token &gt; does not show an error on initial render" time="0.006168042">
        </testcase>
        <testcase classname="src/pages/ResetPasswordPage.test.tsx" name="ResetPasswordPage — with token &gt; shows a mismatch error when passwords do not match" time="0.200813">
        </testcase>
        <testcase classname="src/pages/ResetPasswordPage.test.tsx" name="ResetPasswordPage — with token &gt; shows an error when the new password is too short" time="0.067750333">
        </testcase>
        <testcase classname="src/pages/ResetPasswordPage.test.tsx" name="ResetPasswordPage — with token &gt; shows an error when the password lacks complexity (no number)" time="0.110688417">
        </testcase>
        <testcase classname="src/pages/ResetPasswordPage.test.tsx" name="ResetPasswordPage — with token &gt; redirects to home on successful submission" time="0.111600917">
        </testcase>
        <testcase classname="src/pages/ResetPasswordPage.test.tsx" name="ResetPasswordPage — with token &gt; shows a token-invalid error and re-request link when the server returns RESET_TOKEN_INVALID" time="0.098417875">
        </testcase>
        <testcase classname="src/pages/ResetPasswordPage.test.tsx" name="ResetPasswordPage — with token &gt; disables the submit button while the request is in flight" time="0.101289167">
        </testcase>
        <testcase classname="src/pages/ResetPasswordPage.test.tsx" name="ResetPasswordPage — with token &gt; shows the generic error message when the server returns no structured error body" time="0.090039417">
        </testcase>
    </testsuite>
    <testsuite name="src/pages/SetPasswordPage.test.tsx" timestamp="2026-05-14T02:22:34.134Z" hostname="Lucindas-MacBook-Pro.local" tests="12" failures="0" errors="0" skipped="0" time="0.668528167">
        <testcase classname="src/pages/SetPasswordPage.test.tsx" name="SetPasswordPage — missing token &gt; shows an invalid-token error when no token is present" time="0.032774541">
            <system-err>
⚠️ React Router Future Flag Warning: React Router will begin wrapping state updates in `React.startTransition` in v7. You can use the `v7_startTransition` future flag to opt-in early. For more information, see https://reactrouter.com/v6/upgrading/future#v7_starttransition.
⚠️ React Router Future Flag Warning: Relative route resolution within Splat routes is changing in v7. You can use the `v7_relativeSplatPath` future flag to opt-in early. For more information, see https://reactrouter.com/v6/upgrading/future#v7_relativesplatpath.

            </system-err>
        </testcase>
        <testcase classname="src/pages/SetPasswordPage.test.tsx" name="SetPasswordPage — missing token &gt; does not render the password form when no token is present" time="0.004604084">
        </testcase>
        <testcase classname="src/pages/SetPasswordPage.test.tsx" name="SetPasswordPage — with token &gt; renders the password form when a token is present" time="0.007168167">
        </testcase>
        <testcase classname="src/pages/SetPasswordPage.test.tsx" name="SetPasswordPage — with token &gt; shows the password hint" time="0.007915542">
        </testcase>
        <testcase classname="src/pages/SetPasswordPage.test.tsx" name="SetPasswordPage — with token &gt; shows no error on initial render" time="0.006001167">
        </testcase>
        <testcase classname="src/pages/SetPasswordPage.test.tsx" name="SetPasswordPage — with token &gt; shows a mismatch error when passwords differ" time="0.162173792">
        </testcase>
        <testcase classname="src/pages/SetPasswordPage.test.tsx" name="SetPasswordPage — with token &gt; shows a too-short error when password is below minimum length" time="0.048097041">
        </testcase>
        <testcase classname="src/pages/SetPasswordPage.test.tsx" name="SetPasswordPage — with token &gt; shows a complexity error when password has no number" time="0.087260334">
        </testcase>
        <testcase classname="src/pages/SetPasswordPage.test.tsx" name="SetPasswordPage — with token &gt; redirects to /login on successful submission" time="0.071189167">
        </testcase>
        <testcase classname="src/pages/SetPasswordPage.test.tsx" name="SetPasswordPage — with token &gt; shows already-activated message when server returns USER_ALREADY_ACTIVATED" time="0.074447875">
        </testcase>
        <testcase classname="src/pages/SetPasswordPage.test.tsx" name="SetPasswordPage — with token &gt; disables the submit button while the request is in flight" time="0.080789667">
        </testcase>
        <testcase classname="src/pages/SetPasswordPage.test.tsx" name="SetPasswordPage — with token &gt; shows the generic error message when the server returns no structured error body" time="0.082382542">
        </testcase>
    </testsuite>
    <testsuite name="src/pages/StageTrendReportPage.test.tsx" timestamp="2026-05-14T02:22:34.134Z" hostname="Lucindas-MacBook-Pro.local" tests="18" failures="0" errors="0" skipped="0" time="0.497452375">
        <testcase classname="src/pages/StageTrendReportPage.test.tsx" name="StageTrendReportPage &gt; header &gt; renders the page heading" time="0.054925833">
            <system-err>
⚠️ React Router Future Flag Warning: React Router will begin wrapping state updates in `React.startTransition` in v7. You can use the `v7_startTransition` future flag to opt-in early. For more information, see https://reactrouter.com/v6/upgrading/future#v7_starttransition.
⚠️ React Router Future Flag Warning: Relative route resolution within Splat routes is changing in v7. You can use the `v7_relativeSplatPath` future flag to opt-in early. For more information, see https://reactrouter.com/v6/upgrading/future#v7_relativesplatpath.

            </system-err>
        </testcase>
        <testcase classname="src/pages/StageTrendReportPage.test.tsx" name="StageTrendReportPage &gt; header &gt; renders the NavBar" time="0.021751833">
        </testcase>
        <testcase classname="src/pages/StageTrendReportPage.test.tsx" name="StageTrendReportPage &gt; date range filter &gt; renders the days select with default value 30" time="0.020544292">
        </testcase>
        <testcase classname="src/pages/StageTrendReportPage.test.tsx" name="StageTrendReportPage &gt; date range filter &gt; renders preset options for 30, 60, 90 days" time="0.013062334">
        </testcase>
        <testcase classname="src/pages/StageTrendReportPage.test.tsx" name="StageTrendReportPage &gt; date range filter &gt; changing days to 60 updates the select value" time="0.095478958">
        </testcase>
        <testcase classname="src/pages/StageTrendReportPage.test.tsx" name="StageTrendReportPage &gt; loading state &gt; shows a loading message while fetching" time="0.005726875">
        </testcase>
        <testcase classname="src/pages/StageTrendReportPage.test.tsx" name="StageTrendReportPage &gt; error state &gt; shows an error message when the request fails" time="0.028685667">
        </testcase>
        <testcase classname="src/pages/StageTrendReportPage.test.tsx" name="StageTrendReportPage &gt; empty state &gt; shows empty message when no data points returned" time="0.022190708">
        </testcase>
        <testcase classname="src/pages/StageTrendReportPage.test.tsx" name="StageTrendReportPage &gt; report results &gt; renders the chart container" time="0.025396709">
        </testcase>
        <testcase classname="src/pages/StageTrendReportPage.test.tsx" name="StageTrendReportPage &gt; report results &gt; renders the summary table" time="0.015927">
        </testcase>
        <testcase classname="src/pages/StageTrendReportPage.test.tsx" name="StageTrendReportPage &gt; report results &gt; renders a row for each stage in the fixture" time="0.027387625">
        </testcase>
        <testcase classname="src/pages/StageTrendReportPage.test.tsx" name="StageTrendReportPage &gt; report results &gt; shows correct total entered count for Prospecting" time="0.023534416">
        </testcase>
        <testcase classname="src/pages/StageTrendReportPage.test.tsx" name="StageTrendReportPage &gt; report results &gt; shows correct total converted count for Qualification" time="0.015296292">
        </testcase>
        <testcase classname="src/pages/StageTrendReportPage.test.tsx" name="StageTrendReportPage &gt; report results &gt; shows &quot;—&quot; advance rate for stages with zero entries" time="0.014773708">
        </testcase>
        <testcase classname="src/pages/StageTrendReportPage.test.tsx" name="StageTrendReportPage &gt; report results &gt; shows correct advance rate percentage" time="0.019140875">
        </testcase>
        <testcase classname="src/pages/StageTrendReportPage.test.tsx" name="StageTrendReportPage &gt; report results &gt; sums totals correctly across multiple periods for a stage" time="0.02479025">
        </testcase>
        <testcase classname="src/pages/StageTrendReportPage.test.tsx" name="StageTrendReportPage &gt; report results &gt; renders rows for multiple stages" time="0.014408042">
        </testcase>
        <testcase classname="src/pages/StageTrendReportPage.test.tsx" name="StageTrendReportPage &gt; days filter options &gt; changing days to 90 triggers a re-fetch for 90 days" time="0.051622875">
        </testcase>
    </testsuite>
    <testsuite name="src/pages/UsersPage.test.tsx" timestamp="2026-05-14T02:22:34.135Z" hostname="Lucindas-MacBook-Pro.local" tests="30" failures="0" errors="0" skipped="0" time="2.275788458">
        <testcase classname="src/pages/UsersPage.test.tsx" name="UsersPage &gt; loading state &gt; shows loading text while fetching users" time="0.049093875">
            <system-err>
⚠️ React Router Future Flag Warning: React Router will begin wrapping state updates in `React.startTransition` in v7. You can use the `v7_startTransition` future flag to opt-in early. For more information, see https://reactrouter.com/v6/upgrading/future#v7_starttransition.
⚠️ React Router Future Flag Warning: Relative route resolution within Splat routes is changing in v7. You can use the `v7_relativeSplatPath` future flag to opt-in early. For more information, see https://reactrouter.com/v6/upgrading/future#v7_relativesplatpath.

            </system-err>
        </testcase>
        <testcase classname="src/pages/UsersPage.test.tsx" name="UsersPage &gt; user list &gt; renders the page title" time="0.079406959">
        </testcase>
        <testcase classname="src/pages/UsersPage.test.tsx" name="UsersPage &gt; user list &gt; renders a row for each user" time="0.080854833">
        </testcase>
        <testcase classname="src/pages/UsersPage.test.tsx" name="UsersPage &gt; user list &gt; shows the Active badge for active users" time="0.049889208">
        </testcase>
        <testcase classname="src/pages/UsersPage.test.tsx" name="UsersPage &gt; user list &gt; shows the Invited badge for invited users" time="0.039524208">
        </testcase>
        <testcase classname="src/pages/UsersPage.test.tsx" name="UsersPage &gt; user list &gt; renders a meatball trigger button for each user row" time="0.030903167">
        </testcase>
        <testcase classname="src/pages/UsersPage.test.tsx" name="UsersPage &gt; empty state &gt; shows empty state message when no users exist" time="0.0379035">
        </testcase>
        <testcase classname="src/pages/UsersPage.test.tsx" name="UsersPage &gt; error state &gt; shows generic error alert when the users API fails" time="0.045460875">
        </testcase>
        <testcase classname="src/pages/UsersPage.test.tsx" name="UsersPage &gt; invite form &gt; renders invite form fields when panel is open" time="0.067414125">
        </testcase>
        <testcase classname="src/pages/UsersPage.test.tsx" name="UsersPage &gt; invite form &gt; shows success message and set-password link after a successful invite" time="0.246597875">
        </testcase>
        <testcase classname="src/pages/UsersPage.test.tsx" name="UsersPage &gt; invite form &gt; clears the form after a successful invite" time="0.128412584">
        </testcase>
        <testcase classname="src/pages/UsersPage.test.tsx" name="UsersPage &gt; UserActionsMenu — open/close behaviour &gt; menu is closed by default" time="0.015563">
        </testcase>
        <testcase classname="src/pages/UsersPage.test.tsx" name="UsersPage &gt; UserActionsMenu — open/close behaviour &gt; opens the menu when the meatball button is clicked" time="0.030051125">
        </testcase>
        <testcase classname="src/pages/UsersPage.test.tsx" name="UsersPage &gt; UserActionsMenu — open/close behaviour &gt; closes the menu when the meatball button is clicked again" time="0.043049666">
        </testcase>
        <testcase classname="src/pages/UsersPage.test.tsx" name="UsersPage &gt; UserActionsMenu — open/close behaviour &gt; closes the menu when clicking outside" time="0.042592417">
        </testcase>
        <testcase classname="src/pages/UsersPage.test.tsx" name="UsersPage &gt; UserActionsMenu — open/close behaviour &gt; opening a second menu closes the first" time="0.042451167">
        </testcase>
        <testcase classname="src/pages/UsersPage.test.tsx" name="UsersPage &gt; UserActionsMenu — actions &gt; Make Rep item triggers a role mutation for an admin user" time="0.043556667">
        </testcase>
        <testcase classname="src/pages/UsersPage.test.tsx" name="UsersPage &gt; UserActionsMenu — actions &gt; Make Admin item triggers a role mutation for a rep user" time="0.040195875">
        </testcase>
        <testcase classname="src/pages/UsersPage.test.tsx" name="UsersPage &gt; UserActionsMenu — actions &gt; Set Password item toggles the inline password form" time="0.049434459">
        </testcase>
        <testcase classname="src/pages/UsersPage.test.tsx" name="UsersPage &gt; UserActionsMenu — actions &gt; Deactivate item triggers the deactivate mutation" time="0.063000625">
        </testcase>
        <testcase classname="src/pages/UsersPage.test.tsx" name="UsersPage &gt; UserActionsMenu — actions &gt; Reactivate item triggers the reactivate mutation for inactive users" time="0.046756209">
        </testcase>
        <testcase classname="src/pages/UsersPage.test.tsx" name="UsersPage &gt; UserActionsMenu — actions &gt; menu closes after an action is triggered" time="0.054519083">
        </testcase>
        <testcase classname="src/pages/UsersPage.test.tsx" name="UsersPage &gt; user status badges &gt; shows the Inactive badge for inactive users" time="0.014455625">
        </testcase>
        <testcase classname="src/pages/UsersPage.test.tsx" name="UsersPage &gt; invite form — error state &gt; shows an error alert when the invite API call fails" time="0.121561375">
        </testcase>
        <testcase classname="src/pages/UsersPage.test.tsx" name="UsersPage &gt; SetPasswordForm — validation branches &gt; shows a mismatch error when passwords do not match" time="0.152522708">
        </testcase>
        <testcase classname="src/pages/UsersPage.test.tsx" name="UsersPage &gt; SetPasswordForm — validation branches &gt; shows a complexity error for a password that is too short" time="0.115010875">
        </testcase>
        <testcase classname="src/pages/UsersPage.test.tsx" name="UsersPage &gt; SetPasswordForm — validation branches &gt; shows a complexity error when the password has no digit" time="0.179264333">
        </testcase>
        <testcase classname="src/pages/UsersPage.test.tsx" name="UsersPage &gt; SetPasswordForm — validation branches &gt; shows a complexity error when the password has no letter" time="0.163914709">
        </testcase>
        <testcase classname="src/pages/UsersPage.test.tsx" name="UsersPage &gt; SetPasswordForm — validation branches &gt; submits successfully with a valid password and shows the success banner" time="0.13942325">
        </testcase>
        <testcase classname="src/pages/UsersPage.test.tsx" name="UsersPage &gt; SetPasswordForm — validation branches &gt; closes the set-password form when cancel is clicked" time="0.0583875">
        </testcase>
    </testsuite>
    <testsuite name="src/pages/WinLossReportPage.test.tsx" timestamp="2026-05-14T02:22:34.136Z" hostname="Lucindas-MacBook-Pro.local" tests="34" failures="0" errors="0" skipped="0" time="0.70165775">
        <testcase classname="src/pages/WinLossReportPage.test.tsx" name="WinLossReportPage &gt; page structure &gt; renders the page heading" time="0.051492084">
            <system-err>
⚠️ React Router Future Flag Warning: React Router will begin wrapping state updates in `React.startTransition` in v7. You can use the `v7_startTransition` future flag to opt-in early. For more information, see https://reactrouter.com/v6/upgrading/future#v7_starttransition.
⚠️ React Router Future Flag Warning: Relative route resolution within Splat routes is changing in v7. You can use the `v7_relativeSplatPath` future flag to opt-in early. For more information, see https://reactrouter.com/v6/upgrading/future#v7_relativesplatpath.

            </system-err>
        </testcase>
        <testcase classname="src/pages/WinLossReportPage.test.tsx" name="WinLossReportPage &gt; page structure &gt; renders the NavBar" time="0.017462833">
        </testcase>
        <testcase classname="src/pages/WinLossReportPage.test.tsx" name="WinLossReportPage &gt; view mode toggle (MINCRM-264) &gt; admin sees Team View heading by default" time="0.038983042">
        </testcase>
        <testcase classname="src/pages/WinLossReportPage.test.tsx" name="WinLossReportPage &gt; view mode toggle (MINCRM-264) &gt; admin sees toggle buttons" time="0.020197916">
        </testcase>
        <testcase classname="src/pages/WinLossReportPage.test.tsx" name="WinLossReportPage &gt; view mode toggle (MINCRM-264) &gt; heading changes to My Win/Loss Report when admin switches to My View" time="0.091584208">
        </testcase>
        <testcase classname="src/pages/WinLossReportPage.test.tsx" name="WinLossReportPage &gt; view mode toggle (MINCRM-264) &gt; rep sees My Win/Loss Report heading — no toggle" time="0.008250125">
        </testcase>
        <testcase classname="src/pages/WinLossReportPage.test.tsx" name="WinLossReportPage &gt; per-rep breakdown table (MINCRM-264) &gt; renders the per-rep breakdown table in Team View for admins" time="0.0203525">
        </testcase>
        <testcase classname="src/pages/WinLossReportPage.test.tsx" name="WinLossReportPage &gt; per-rep breakdown table (MINCRM-264) &gt; does not render the per-rep breakdown when admin switches to My View" time="0.026176708">
        </testcase>
        <testcase classname="src/pages/WinLossReportPage.test.tsx" name="WinLossReportPage &gt; per-rep breakdown table (MINCRM-264) &gt; does not render the per-rep breakdown table for reps" time="0.006647792">
        </testcase>
        <testcase classname="src/pages/WinLossReportPage.test.tsx" name="WinLossReportPage &gt; loading state &gt; shows a loading message while fetching" time="0.004151666">
        </testcase>
        <testcase classname="src/pages/WinLossReportPage.test.tsx" name="WinLossReportPage &gt; error state &gt; shows an error message when the request fails" time="0.017364542">
        </testcase>
        <testcase classname="src/pages/WinLossReportPage.test.tsx" name="WinLossReportPage &gt; stat cards &gt; renders all five stat cards after data loads" time="0.014845333">
        </testcase>
        <testcase classname="src/pages/WinLossReportPage.test.tsx" name="WinLossReportPage &gt; stat cards &gt; displays correct won count" time="0.014528917">
        </testcase>
        <testcase classname="src/pages/WinLossReportPage.test.tsx" name="WinLossReportPage &gt; stat cards &gt; displays formatted won value" time="0.014780792">
        </testcase>
        <testcase classname="src/pages/WinLossReportPage.test.tsx" name="WinLossReportPage &gt; stat cards &gt; displays correct lost count" time="0.015047042">
        </testcase>
        <testcase classname="src/pages/WinLossReportPage.test.tsx" name="WinLossReportPage &gt; stat cards &gt; displays formatted lost value" time="0.013266084">
        </testcase>
        <testcase classname="src/pages/WinLossReportPage.test.tsx" name="WinLossReportPage &gt; stat cards &gt; displays win rate as a percentage" time="0.013609458">
        </testcase>
        <testcase classname="src/pages/WinLossReportPage.test.tsx" name="WinLossReportPage &gt; stat cards &gt; displays &quot;—&quot; for win rate when there are no closed deals" time="0.012148833">
        </testcase>
        <testcase classname="src/pages/WinLossReportPage.test.tsx" name="WinLossReportPage &gt; loss reason breakdown &gt; renders the breakdown table when loss reasons exist" time="0.012683958">
        </testcase>
        <testcase classname="src/pages/WinLossReportPage.test.tsx" name="WinLossReportPage &gt; loss reason breakdown &gt; renders a row for each loss reason" time="0.013335167">
        </testcase>
        <testcase classname="src/pages/WinLossReportPage.test.tsx" name="WinLossReportPage &gt; loss reason breakdown &gt; shows counts per reason" time="0.014768667">
        </testcase>
        <testcase classname="src/pages/WinLossReportPage.test.tsx" name="WinLossReportPage &gt; loss reason breakdown &gt; shows the empty state when there are no loss reasons" time="0.013951666">
        </testcase>
        <testcase classname="src/pages/WinLossReportPage.test.tsx" name="WinLossReportPage &gt; date range controls &gt; shows the preset selector" time="0.007005958">
        </testcase>
        <testcase classname="src/pages/WinLossReportPage.test.tsx" name="WinLossReportPage &gt; date range controls &gt; does not show custom date inputs when preset is not &quot;custom&quot;" time="0.007874125">
        </testcase>
        <testcase classname="src/pages/WinLossReportPage.test.tsx" name="WinLossReportPage &gt; date range controls &gt; shows custom date inputs when &quot;custom&quot; preset is selected" time="0.0250665">
        </testcase>
        <testcase classname="src/pages/WinLossReportPage.test.tsx" name="WinLossReportPage &gt; date range controls &gt; shows a validation error when start date is after end date" time="0.091711708">
        </testcase>
        <testcase classname="src/pages/WinLossReportPage.test.tsx" name="WinLossReportPage &gt; owner filter (admin) &gt; shows the owner filter for admins" time="0.013479333">
        </testcase>
        <testcase classname="src/pages/WinLossReportPage.test.tsx" name="WinLossReportPage &gt; owner filter (admin) &gt; does not show the owner filter for reps" time="0.006568791">
        </testcase>
        <testcase classname="src/pages/WinLossReportPage.test.tsx" name="WinLossReportPage &gt; owner filter (admin) &gt; populates the owner dropdown with active users" time="0.015579875">
        </testcase>
        <testcase classname="src/pages/WinLossReportPage.test.tsx" name="WinLossReportPage &gt; date preset — currentQuarter &gt; selecting &quot;This quarter&quot; triggers a fetch with a start param" time="0.0244315">
        </testcase>
        <testcase classname="src/pages/WinLossReportPage.test.tsx" name="WinLossReportPage &gt; multi-currency support (MINCRM-253) &gt; shows converted totals summary when hasRates is true" time="0.015568708">
        </testcase>
        <testcase classname="src/pages/WinLossReportPage.test.tsx" name="WinLossReportPage &gt; multi-currency support (MINCRM-253) &gt; shows &quot;—&quot; in converted value cell when convertedWonValue is null" time="0.016180834">
        </testcase>
        <testcase classname="src/pages/WinLossReportPage.test.tsx" name="WinLossReportPage &gt; multi-currency support (MINCRM-253) &gt; shows the unrated note when unratedCount &gt; 0" time="0.013418958">
        </testcase>
        <testcase classname="src/pages/WinLossReportPage.test.tsx" name="WinLossReportPage &gt; multi-currency support (MINCRM-253) &gt; shows mixed-currencies placeholder when mixedCurrencies is true" time="0.006307042">
        </testcase>
    </testsuite>
    <testsuite name="src/components/ui/Badge.test.tsx" timestamp="2026-05-14T02:22:34.138Z" hostname="Lucindas-MacBook-Pro.local" tests="5" failures="0" errors="0" skipped="0" time="0.016871584">
        <testcase classname="src/components/ui/Badge.test.tsx" name="Badge &gt; renders children text" time="0.011565667">
        </testcase>
        <testcase classname="src/components/ui/Badge.test.tsx" name="Badge &gt; applies emerald classes for success variant" time="0.001080042">
        </testcase>
        <testcase classname="src/components/ui/Badge.test.tsx" name="Badge &gt; applies amber classes for warning variant" time="0.000770791">
        </testcase>
        <testcase classname="src/components/ui/Badge.test.tsx" name="Badge &gt; applies red classes for error variant" time="0.000723167">
        </testcase>
        <testcase classname="src/components/ui/Badge.test.tsx" name="Badge &gt; applies gray classes for neutral variant" time="0.000689917">
        </testcase>
    </testsuite>
    <testsuite name="src/components/ui/Button.test.tsx" timestamp="2026-05-14T02:22:34.138Z" hostname="Lucindas-MacBook-Pro.local" tests="15" failures="0" errors="0" skipped="0" time="0.142969958">
        <testcase classname="src/components/ui/Button.test.tsx" name="Button &gt; renders children" time="0.066922584">
        </testcase>
        <testcase classname="src/components/ui/Button.test.tsx" name="Button &gt; defaults type to &quot;button&quot; to prevent accidental form submission" time="0.006464917">
        </testcase>
        <testcase classname="src/components/ui/Button.test.tsx" name="Button &gt; allows type to be overridden to &quot;submit&quot;" time="0.003035334">
        </testcase>
        <testcase classname="src/components/ui/Button.test.tsx" name="Button &gt; calls onClick handler when clicked" time="0.017409084">
        </testcase>
        <testcase classname="src/components/ui/Button.test.tsx" name="Button &gt; does not call onClick when disabled" time="0.015119875">
        </testcase>
        <testcase classname="src/components/ui/Button.test.tsx" name="Button &gt; applies primary variant classes by default" time="0.006885625">
        </testcase>
        <testcase classname="src/components/ui/Button.test.tsx" name="Button &gt; applies danger variant classes" time="0.006680625">
        </testcase>
        <testcase classname="src/components/ui/Button.test.tsx" name="Button &gt; applies secondary variant classes" time="0.002391542">
        </testcase>
        <testcase classname="src/components/ui/Button.test.tsx" name="Button &gt; applies ghost variant classes" time="0.001977292">
        </testcase>
        <testcase classname="src/components/ui/Button.test.tsx" name="Button &gt; applies w-full when fullWidth is true" time="0.001909">
        </testcase>
        <testcase classname="src/components/ui/Button.test.tsx" name="Button &gt; does not apply w-full by default" time="0.003444834">
        </testcase>
        <testcase classname="src/components/ui/Button.test.tsx" name="Button &gt; applies sm size classes" time="0.002199875">
        </testcase>
        <testcase classname="src/components/ui/Button.test.tsx" name="Button &gt; applies min-h touch-target class on sm size (MINCRM-98)" time="0.002276417">
        </testcase>
        <testcase classname="src/components/ui/Button.test.tsx" name="Button &gt; applies min-h touch-target class on md size (MINCRM-98)" time="0.002254166">
        </testcase>
        <testcase classname="src/components/ui/Button.test.tsx" name="Button &gt; merges extra className" time="0.001675292">
        </testcase>
    </testsuite>
    <testsuite name="src/components/ui/Input.test.tsx" timestamp="2026-05-14T02:22:34.138Z" hostname="Lucindas-MacBook-Pro.local" tests="12" failures="0" errors="0" skipped="0" time="0.156477959">
        <testcase classname="src/components/ui/Input.test.tsx" name="Input &gt; renders an input element" time="0.072246333">
        </testcase>
        <testcase classname="src/components/ui/Input.test.tsx" name="Input &gt; renders a label linked to the input when label prop is provided" time="0.002891125">
        </testcase>
        <testcase classname="src/components/ui/Input.test.tsx" name="Input &gt; does not render a label element when label prop is omitted" time="0.001214">
        </testcase>
        <testcase classname="src/components/ui/Input.test.tsx" name="Input &gt; renders an error message when error prop is provided" time="0.000962958">
        </testcase>
        <testcase classname="src/components/ui/Input.test.tsx" name="Input &gt; does not render an error message when error prop is omitted" time="0.000775667">
        </testcase>
        <testcase classname="src/components/ui/Input.test.tsx" name="Input &gt; applies red-border class when error prop is provided" time="0.003839625">
        </testcase>
        <testcase classname="src/components/ui/Input.test.tsx" name="Input &gt; applies indigo-ring class when no error" time="0.016089666">
        </testcase>
        <testcase classname="src/components/ui/Input.test.tsx" name="Input &gt; applies yellow-border class when warning prop is true" time="0.003369416">
        </testcase>
        <testcase classname="src/components/ui/Input.test.tsx" name="Input &gt; error takes precedence over warning when both are set" time="0.003019833">
        </testcase>
        <testcase classname="src/components/ui/Input.test.tsx" name="Input &gt; forwards native input props" time="0.040701958">
        </testcase>
        <testcase classname="src/components/ui/Input.test.tsx" name="Input &gt; renders as password type when type=&quot;password&quot;" time="0.002558125">
        </testcase>
        <testcase classname="src/components/ui/Input.test.tsx" name="Input &gt; applies min-h touch-target class (MINCRM-98)" time="0.004612708">
        </testcase>
    </testsuite>
    <testsuite name="src/components/ui/OwnerToggle.test.tsx" timestamp="2026-05-14T02:22:34.139Z" hostname="Lucindas-MacBook-Pro.local" tests="6" failures="0" errors="0" skipped="0" time="0.144996083">
        <testcase classname="src/components/ui/OwnerToggle.test.tsx" name="OwnerToggle &gt; renders All and Mine buttons" time="0.016022625">
        </testcase>
        <testcase classname="src/components/ui/OwnerToggle.test.tsx" name="OwnerToggle &gt; marks All as pressed when value is all" time="0.001391666">
        </testcase>
        <testcase classname="src/components/ui/OwnerToggle.test.tsx" name="OwnerToggle &gt; marks Mine as pressed when value is me" time="0.001404167">
        </testcase>
        <testcase classname="src/components/ui/OwnerToggle.test.tsx" name="OwnerToggle &gt; calls onChange with &quot;me&quot; when Mine is clicked" time="0.088180834">
        </testcase>
        <testcase classname="src/components/ui/OwnerToggle.test.tsx" name="OwnerToggle &gt; calls onChange with &quot;all&quot; when All is clicked" time="0.031040791">
        </testcase>
        <testcase classname="src/components/ui/OwnerToggle.test.tsx" name="OwnerToggle &gt; renders as a group with an accessible label" time="0.003936">
        </testcase>
    </testsuite>
    <testsuite name="src/components/ui/Pagination.test.tsx" timestamp="2026-05-14T02:22:34.139Z" hostname="Lucindas-MacBook-Pro.local" tests="16" failures="0" errors="0" skipped="0" time="0.188905667">
        <testcase classname="src/components/ui/Pagination.test.tsx" name="Pagination &gt; renders pagination container with testid" time="0.016810083">
        </testcase>
        <testcase classname="src/components/ui/Pagination.test.tsx" name="Pagination &gt; renders summary testid" time="0.001578959">
        </testcase>
        <testcase classname="src/components/ui/Pagination.test.tsx" name="Pagination &gt; renders previous and next buttons" time="0.00117225">
        </testcase>
        <testcase classname="src/components/ui/Pagination.test.tsx" name="Pagination &gt; disables Previous button on page 1" time="0.000954334">
        </testcase>
        <testcase classname="src/components/ui/Pagination.test.tsx" name="Pagination &gt; enables Previous button when page &gt; 1" time="0.001003042">
        </testcase>
        <testcase classname="src/components/ui/Pagination.test.tsx" name="Pagination &gt; disables Next button on last page" time="0.000852041">
        </testcase>
        <testcase classname="src/components/ui/Pagination.test.tsx" name="Pagination &gt; enables Next button when not on last page" time="0.000807583">
        </testcase>
        <testcase classname="src/components/ui/Pagination.test.tsx" name="Pagination &gt; calls onPageChange with page - 1 when Previous clicked" time="0.108672">
        </testcase>
        <testcase classname="src/components/ui/Pagination.test.tsx" name="Pagination &gt; calls onPageChange with page + 1 when Next clicked" time="0.013438542">
        </testcase>
        <testcase classname="src/components/ui/Pagination.test.tsx" name="Pagination &gt; renders page indicator testid" time="0.001183041">
        </testcase>
        <testcase classname="src/components/ui/Pagination.test.tsx" name="Pagination &gt; handles empty results (total 0) without errors" time="0.000877375">
        </testcase>
        <testcase classname="src/components/ui/Pagination.test.tsx" name="Pagination &gt; page-size selector (onLimitChange) &gt; renders pagination-limit-select when onLimitChange is provided" time="0.002035959">
        </testcase>
        <testcase classname="src/components/ui/Pagination.test.tsx" name="Pagination &gt; page-size selector (onLimitChange) &gt; does not render pagination-limit-select when onLimitChange is omitted" time="0.000580209">
        </testcase>
        <testcase classname="src/components/ui/Pagination.test.tsx" name="Pagination &gt; page-size selector (onLimitChange) &gt; renders all four page-size options (10, 25, 50, 100)" time="0.001568625">
        </testcase>
        <testcase classname="src/components/ui/Pagination.test.tsx" name="Pagination &gt; page-size selector (onLimitChange) &gt; calls onLimitChange with the selected number when a new value is chosen" time="0.033739667">
        </testcase>
        <testcase classname="src/components/ui/Pagination.test.tsx" name="Pagination &gt; page-size selector (onLimitChange) &gt; reflects the current limit as the selected option" time="0.001405875">
        </testcase>
    </testsuite>
    <testsuite name="src/components/ui/Select.test.tsx" timestamp="2026-05-14T02:22:34.140Z" hostname="Lucindas-MacBook-Pro.local" tests="9" failures="0" errors="0" skipped="0" time="0.088147375">
        <testcase classname="src/components/ui/Select.test.tsx" name="Select &gt; renders a select element" time="0.060113209">
        </testcase>
        <testcase classname="src/components/ui/Select.test.tsx" name="Select &gt; renders a label linked to the select when label prop is provided" time="0.002699833">
        </testcase>
        <testcase classname="src/components/ui/Select.test.tsx" name="Select &gt; does not render a label when label prop is omitted" time="0.0008995">
        </testcase>
        <testcase classname="src/components/ui/Select.test.tsx" name="Select &gt; renders children options" time="0.009453542">
        </testcase>
        <testcase classname="src/components/ui/Select.test.tsx" name="Select &gt; renders an error message when error prop is provided" time="0.00120825">
        </testcase>
        <testcase classname="src/components/ui/Select.test.tsx" name="Select &gt; does not render an error message when error prop is omitted" time="0.000977625">
        </testcase>
        <testcase classname="src/components/ui/Select.test.tsx" name="Select &gt; applies red-border class when error prop is provided" time="0.004522375">
        </testcase>
        <testcase classname="src/components/ui/Select.test.tsx" name="Select &gt; applies indigo-ring class when no error" time="0.002941667">
        </testcase>
        <testcase classname="src/components/ui/Select.test.tsx" name="Select &gt; applies min-h touch-target class (MINCRM-98)" time="0.003192791">
        </testcase>
    </testsuite>
    <testsuite name="src/components/ui/UserActionsMenu.test.tsx" timestamp="2026-05-14T02:22:34.140Z" hostname="Lucindas-MacBook-Pro.local" tests="18" failures="0" errors="0" skipped="0" time="0.2091505">
        <testcase classname="src/components/ui/UserActionsMenu.test.tsx" name="UserActionsMenu &gt; renders the trigger button" time="0.030798416">
            <system-err>
⚠️ React Router Future Flag Warning: React Router will begin wrapping state updates in `React.startTransition` in v7. You can use the `v7_startTransition` future flag to opt-in early. For more information, see https://reactrouter.com/v6/upgrading/future#v7_starttransition.
⚠️ React Router Future Flag Warning: Relative route resolution within Splat routes is changing in v7. You can use the `v7_relativeSplatPath` future flag to opt-in early. For more information, see https://reactrouter.com/v6/upgrading/future#v7_relativesplatpath.

            </system-err>
        </testcase>
        <testcase classname="src/components/ui/UserActionsMenu.test.tsx" name="UserActionsMenu &gt; has aria-expanded=false when closed" time="0.004005625">
        </testcase>
        <testcase classname="src/components/ui/UserActionsMenu.test.tsx" name="UserActionsMenu &gt; has aria-expanded=true when open" time="0.00421725">
        </testcase>
        <testcase classname="src/components/ui/UserActionsMenu.test.tsx" name="UserActionsMenu &gt; clicking trigger calls onToggle with user id" time="0.006341959">
        </testcase>
        <testcase classname="src/components/ui/UserActionsMenu.test.tsx" name="UserActionsMenu &gt; disables the trigger button when isPending is true" time="0.011697667">
        </testcase>
        <testcase classname="src/components/ui/UserActionsMenu.test.tsx" name="UserActionsMenu &gt; does not render menu items when closed" time="0.016242584">
        </testcase>
        <testcase classname="src/components/ui/UserActionsMenu.test.tsx" name="UserActionsMenu &gt; when open with a rep user &gt; shows Make Admin option" time="0.009751417">
        </testcase>
        <testcase classname="src/components/ui/UserActionsMenu.test.tsx" name="UserActionsMenu &gt; when open with a rep user &gt; clicking Make Admin calls onRoleChange with admin" time="0.005281625">
        </testcase>
        <testcase classname="src/components/ui/UserActionsMenu.test.tsx" name="UserActionsMenu &gt; when open with a rep user &gt; shows Set Password option for active rep" time="0.004491667">
        </testcase>
        <testcase classname="src/components/ui/UserActionsMenu.test.tsx" name="UserActionsMenu &gt; when open with a rep user &gt; clicking Set Password calls onSetPassword" time="0.004596709">
        </testcase>
        <testcase classname="src/components/ui/UserActionsMenu.test.tsx" name="UserActionsMenu &gt; when open with a rep user &gt; shows Deactivate option for active rep" time="0.004063666">
        </testcase>
        <testcase classname="src/components/ui/UserActionsMenu.test.tsx" name="UserActionsMenu &gt; when open with a rep user &gt; clicking Deactivate calls onDeactivate" time="0.015173542">
        </testcase>
        <testcase classname="src/components/ui/UserActionsMenu.test.tsx" name="UserActionsMenu &gt; when open with an admin user &gt; shows Make Rep option" time="0.003583708">
        </testcase>
        <testcase classname="src/components/ui/UserActionsMenu.test.tsx" name="UserActionsMenu &gt; when open with an admin user &gt; clicking Make Rep calls onRoleChange with rep" time="0.003197459">
        </testcase>
        <testcase classname="src/components/ui/UserActionsMenu.test.tsx" name="UserActionsMenu &gt; when open with an inactive user &gt; shows Reactivate option" time="0.013454709">
        </testcase>
        <testcase classname="src/components/ui/UserActionsMenu.test.tsx" name="UserActionsMenu &gt; when open with an inactive user &gt; does not show Set Password for inactive user" time="0.003622375">
        </testcase>
        <testcase classname="src/components/ui/UserActionsMenu.test.tsx" name="UserActionsMenu &gt; when open with an inactive user &gt; clicking Reactivate calls onReactivate" time="0.0032915">
        </testcase>
        <testcase classname="src/components/ui/UserActionsMenu.test.tsx" name="UserActionsMenu &gt; Escape key on the menu triggers onToggle to close" time="0.053326875">
        </testcase>
    </testsuite>
    <testsuite name="src/pages/admin/BrandingSettings.test.tsx" timestamp="2026-05-14T02:22:34.141Z" hostname="Lucindas-MacBook-Pro.local" tests="12" failures="0" errors="0" skipped="0" time="0.297845416">
        <testcase classname="src/pages/admin/BrandingSettings.test.tsx" name="BrandingSettings — loading state &gt; shows loading text while branding is being fetched" time="0.032567208">
            <system-err>
⚠️ React Router Future Flag Warning: React Router will begin wrapping state updates in `React.startTransition` in v7. You can use the `v7_startTransition` future flag to opt-in early. For more information, see https://reactrouter.com/v6/upgrading/future#v7_starttransition.
⚠️ React Router Future Flag Warning: Relative route resolution within Splat routes is changing in v7. You can use the `v7_relativeSplatPath` future flag to opt-in early. For more information, see https://reactrouter.com/v6/upgrading/future#v7_relativesplatpath.

            </system-err>
        </testcase>
        <testcase classname="src/pages/admin/BrandingSettings.test.tsx" name="BrandingSettings — error state &gt; shows error message when branding fetch fails" time="0.023080375">
        </testcase>
        <testcase classname="src/pages/admin/BrandingSettings.test.tsx" name="BrandingSettings — empty state &gt; renders the form with empty defaults when no branding is configured" time="0.040408667">
        </testcase>
        <testcase classname="src/pages/admin/BrandingSettings.test.tsx" name="BrandingSettings — with existing branding &gt; pre-fills form fields from existing config" time="0.023728917">
        </testcase>
        <testcase classname="src/pages/admin/BrandingSettings.test.tsx" name="BrandingSettings — with existing branding &gt; shows logo preview when logoUrl is set" time="0.01029925">
        </testcase>
        <testcase classname="src/pages/admin/BrandingSettings.test.tsx" name="BrandingSettings — with existing branding &gt; shows contrast indicator for primary colour" time="0.022227333">
        </testcase>
        <testcase classname="src/pages/admin/BrandingSettings.test.tsx" name="BrandingSettings — save &gt; calls PUT and shows success message on save" time="0.030467417">
        </testcase>
        <testcase classname="src/pages/admin/BrandingSettings.test.tsx" name="BrandingSettings — save &gt; shows error message when save fails" time="0.019857875">
        </testcase>
        <testcase classname="src/pages/admin/BrandingSettings.test.tsx" name="BrandingSettings — reset &gt; shows confirm dialog when Reset is clicked" time="0.019848792">
        </testcase>
        <testcase classname="src/pages/admin/BrandingSettings.test.tsx" name="BrandingSettings — reset &gt; calls DELETE and shows success after confirming reset" time="0.032383916">
        </testcase>
        <testcase classname="src/pages/admin/BrandingSettings.test.tsx" name="BrandingSettings — reset &gt; dismisses confirm dialog when Cancel is clicked" time="0.013769041">
        </testcase>
        <testcase classname="src/pages/admin/BrandingSettings.test.tsx" name="BrandingSettings — reset &gt; shows error when reset fails" time="0.02655075">
        </testcase>
    </testsuite>
    <testsuite name="src/pages/admin/CurrencySettings.test.tsx" timestamp="2026-05-14T02:22:34.141Z" hostname="Lucindas-MacBook-Pro.local" tests="16" failures="0" errors="0" skipped="0" time="0.469412">
        <testcase classname="src/pages/admin/CurrencySettings.test.tsx" name="CurrencySettings — default currency &gt; renders the currency section with select" time="0.084954625">
            <system-err>
⚠️ React Router Future Flag Warning: React Router will begin wrapping state updates in `React.startTransition` in v7. You can use the `v7_startTransition` future flag to opt-in early. For more information, see https://reactrouter.com/v6/upgrading/future#v7_starttransition.
⚠️ React Router Future Flag Warning: Relative route resolution within Splat routes is changing in v7. You can use the `v7_relativeSplatPath` future flag to opt-in early. For more information, see https://reactrouter.com/v6/upgrading/future#v7_relativesplatpath.

            </system-err>
        </testcase>
        <testcase classname="src/pages/admin/CurrencySettings.test.tsx" name="CurrencySettings — default currency &gt; shows USD as the selected currency from the handler default" time="0.020491542">
        </testcase>
        <testcase classname="src/pages/admin/CurrencySettings.test.tsx" name="CurrencySettings — default currency &gt; shows success message after saving currency" time="0.047841625">
        </testcase>
        <testcase classname="src/pages/admin/CurrencySettings.test.tsx" name="CurrencySettings — default currency &gt; shows error message when save fails" time="0.027947375">
        </testcase>
        <testcase classname="src/pages/admin/CurrencySettings.test.tsx" name="CurrencySettings — exchange rates &gt; shows exchange rates section for admin users" time="0.012346333">
        </testcase>
        <testcase classname="src/pages/admin/CurrencySettings.test.tsx" name="CurrencySettings — exchange rates &gt; hides exchange rates section for rep users" time="0.011742375">
        </testcase>
        <testcase classname="src/pages/admin/CurrencySettings.test.tsx" name="CurrencySettings — exchange rates &gt; shows the home currency row in the rate table" time="0.018000584">
        </testcase>
        <testcase classname="src/pages/admin/CurrencySettings.test.tsx" name="CurrencySettings — exchange rates &gt; opens add currency form when Add button is clicked" time="0.037848125">
        </testcase>
        <testcase classname="src/pages/admin/CurrencySettings.test.tsx" name="CurrencySettings — exchange rates &gt; closes the add form on Cancel without adding a row" time="0.031342083">
        </testcase>
        <testcase classname="src/pages/admin/CurrencySettings.test.tsx" name="CurrencySettings — exchange rates &gt; confirm button is disabled while no currency is selected" time="0.026518333">
        </testcase>
        <testcase classname="src/pages/admin/CurrencySettings.test.tsx" name="CurrencySettings — exchange rates &gt; rate input defaults to &quot;1&quot; when add form opens so spinner increments from 1" time="0.023669708">
        </testcase>
        <testcase classname="src/pages/admin/CurrencySettings.test.tsx" name="CurrencySettings — exchange rates &gt; spinner increment from default &quot;1&quot; produces &quot;1.000001&quot; not &quot;0.000001&quot;" time="0.024724167">
        </testcase>
        <testcase classname="src/pages/admin/CurrencySettings.test.tsx" name="CurrencySettings — exchange rates &gt; adds a currency row when a code is chosen and Confirm is clicked" time="0.017462208">
        </testcase>
        <testcase classname="src/pages/admin/CurrencySettings.test.tsx" name="CurrencySettings — exchange rates &gt; removes a rate row when Remove is clicked" time="0.021852875">
        </testcase>
        <testcase classname="src/pages/admin/CurrencySettings.test.tsx" name="CurrencySettings — exchange rates &gt; shows success after saving exchange rates" time="0.02186325">
        </testcase>
        <testcase classname="src/pages/admin/CurrencySettings.test.tsx" name="CurrencySettings — exchange rates &gt; shows error when saving exchange rates fails" time="0.036436792">
        </testcase>
    </testsuite>
    <testsuite name="src/pages/admin/CustomisationSettings.test.tsx" timestamp="2026-05-14T02:22:34.142Z" hostname="Lucindas-MacBook-Pro.local" tests="14" failures="0" errors="0" skipped="0" time="0.369676667">
        <testcase classname="src/pages/admin/CustomisationSettings.test.tsx" name="CustomisationSettings — custom fields section &gt; renders the custom fields section with entity type selector" time="0.06859125">
            <system-err>
⚠️ React Router Future Flag Warning: React Router will begin wrapping state updates in `React.startTransition` in v7. You can use the `v7_startTransition` future flag to opt-in early. For more information, see https://reactrouter.com/v6/upgrading/future#v7_starttransition.
⚠️ React Router Future Flag Warning: Relative route resolution within Splat routes is changing in v7. You can use the `v7_relativeSplatPath` future flag to opt-in early. For more information, see https://reactrouter.com/v6/upgrading/future#v7_relativesplatpath.

            </system-err>
        </testcase>
        <testcase classname="src/pages/admin/CustomisationSettings.test.tsx" name="CustomisationSettings — custom fields section &gt; shows the add field form when Add Field is clicked" time="0.026999125">
        </testcase>
        <testcase classname="src/pages/admin/CustomisationSettings.test.tsx" name="CustomisationSettings — custom fields section &gt; hides the add form when cancel is clicked" time="0.03573375">
        </testcase>
        <testcase classname="src/pages/admin/CustomisationSettings.test.tsx" name="CustomisationSettings — custom fields section &gt; shows validation error when submitting with empty name" time="0.013293875">
        </testcase>
        <testcase classname="src/pages/admin/CustomisationSettings.test.tsx" name="CustomisationSettings — custom fields section &gt; shows options textarea when field type is select" time="0.016123958">
        </testcase>
        <testcase classname="src/pages/admin/CustomisationSettings.test.tsx" name="CustomisationSettings — custom fields section &gt; shows success feedback after successfully adding a field" time="0.043559166">
        </testcase>
        <testcase classname="src/pages/admin/CustomisationSettings.test.tsx" name="CustomisationSettings — custom fields section &gt; shows name conflict error when server returns CUSTOM_FIELD_NAME_CONFLICT" time="0.034917125">
        </testcase>
        <testcase classname="src/pages/admin/CustomisationSettings.test.tsx" name="CustomisationSettings — custom fields section &gt; renders the fields table when definitions exist" time="0.013536292">
        </testcase>
        <testcase classname="src/pages/admin/CustomisationSettings.test.tsx" name="CustomisationSettings — custom fields section &gt; shows delete confirm dialog when delete is clicked" time="0.015507333">
        </testcase>
        <testcase classname="src/pages/admin/CustomisationSettings.test.tsx" name="CustomisationSettings — custom fields section &gt; dismisses delete dialog when cancel is clicked" time="0.014686959">
        </testcase>
        <testcase classname="src/pages/admin/CustomisationSettings.test.tsx" name="CustomisationSettings — custom fields section &gt; shows success feedback after deleting a field" time="0.025025375">
        </testcase>
        <testcase classname="src/pages/admin/CustomisationSettings.test.tsx" name="CustomisationSettings — custom fields section &gt; shows edit inputs when edit button is clicked" time="0.02618775">
        </testcase>
        <testcase classname="src/pages/admin/CustomisationSettings.test.tsx" name="CustomisationSettings — custom fields section &gt; cancels edit and restores row view when cancel is clicked" time="0.018618958">
        </testcase>
        <testcase classname="src/pages/admin/CustomisationSettings.test.tsx" name="CustomisationSettings — custom fields section &gt; changes entity type when a different option is selected" time="0.012748709">
        </testcase>
    </testsuite>
    <testsuite name="src/pages/admin/DataSettings.test.tsx" timestamp="2026-05-14T02:22:34.143Z" hostname="Lucindas-MacBook-Pro.local" tests="20" failures="0" errors="0" skipped="0" time="0.384717541">
        <testcase classname="src/pages/admin/DataSettings.test.tsx" name="DataSettings — sections &gt; renders import, demo, and audit log sections" time="0.048349958">
            <system-err>
⚠️ React Router Future Flag Warning: React Router will begin wrapping state updates in `React.startTransition` in v7. You can use the `v7_startTransition` future flag to opt-in early. For more information, see https://reactrouter.com/v6/upgrading/future#v7_starttransition.
⚠️ React Router Future Flag Warning: Relative route resolution within Splat routes is changing in v7. You can use the `v7_relativeSplatPath` future flag to opt-in early. For more information, see https://reactrouter.com/v6/upgrading/future#v7_relativesplatpath.

            </system-err>
        </testcase>
        <testcase classname="src/pages/admin/DataSettings.test.tsx" name="DataSettings — sections &gt; renders the audit log link" time="0.016908083">
        </testcase>
        <testcase classname="src/pages/admin/DataSettings.test.tsx" name="DataSettings — import tabs &gt; shows accounts tab as selected by default" time="0.013947">
        </testcase>
        <testcase classname="src/pages/admin/DataSettings.test.tsx" name="DataSettings — import tabs &gt; switches to contacts tab on click" time="0.021744875">
        </testcase>
        <testcase classname="src/pages/admin/DataSettings.test.tsx" name="DataSettings — import tabs &gt; switches to deals tab on click" time="0.010950875">
        </testcase>
        <testcase classname="src/pages/admin/DataSettings.test.tsx" name="DataSettings — import tabs &gt; re-clicking the active tab is a no-op" time="0.01066825">
        </testcase>
        <testcase classname="src/pages/admin/DataSettings.test.tsx" name="DataSettings — demo data &gt; shows inactive badge when no demo data exists" time="0.015598208">
        </testcase>
        <testcase classname="src/pages/admin/DataSettings.test.tsx" name="DataSettings — demo data &gt; shows active badge when demo data is seeded" time="0.013133625">
        </testcase>
        <testcase classname="src/pages/admin/DataSettings.test.tsx" name="DataSettings — demo data &gt; shows demo status error on load failure" time="0.016706667">
        </testcase>
        <testcase classname="src/pages/admin/DataSettings.test.tsx" name="DataSettings — demo data &gt; opens confirm dialog when Seed is clicked" time="0.034660875">
        </testcase>
        <testcase classname="src/pages/admin/DataSettings.test.tsx" name="DataSettings — demo data &gt; closes confirm dialog on Cancel" time="0.018969166">
        </testcase>
        <testcase classname="src/pages/admin/DataSettings.test.tsx" name="DataSettings — demo data &gt; calls seed API and shows success feedback on confirm" time="0.023900167">
        </testcase>
        <testcase classname="src/pages/admin/DataSettings.test.tsx" name="DataSettings — demo data &gt; opens confirm dialog when Reset is clicked" time="0.012901167">
        </testcase>
        <testcase classname="src/pages/admin/DataSettings.test.tsx" name="DataSettings — demo data &gt; calls reset API on confirm" time="0.019469959">
        </testcase>
        <testcase classname="src/pages/admin/DataSettings.test.tsx" name="DataSettings — demo data &gt; Remove button is disabled when demo is not active" time="0.013641417">
        </testcase>
        <testcase classname="src/pages/admin/DataSettings.test.tsx" name="DataSettings — demo data &gt; Remove button is enabled and calls DELETE API when demo is active" time="0.0209585">
        </testcase>
        <testcase classname="src/pages/admin/DataSettings.test.tsx" name="DataSettings — demo data &gt; shows error feedback when seed API fails" time="0.016464167">
        </testcase>
        <testcase classname="src/pages/admin/DataSettings.test.tsx" name="DataSettings — demo data &gt; invalidates the entire query cache after seed succeeds (MINCRM-347)" time="0.01814675">
        </testcase>
        <testcase classname="src/pages/admin/DataSettings.test.tsx" name="DataSettings — demo data &gt; invalidates the entire query cache after reset succeeds (MINCRM-347)" time="0.017960834">
        </testcase>
        <testcase classname="src/pages/admin/DataSettings.test.tsx" name="DataSettings — demo data &gt; invalidates the entire query cache after remove succeeds (MINCRM-347)" time="0.017145">
        </testcase>
    </testsuite>
    <testsuite name="src/pages/admin/GeneralSettings.test.tsx" timestamp="2026-05-14T02:22:34.144Z" hostname="Lucindas-MacBook-Pro.local" tests="4" failures="0" errors="0" skipped="0" time="0.12462175">
        <testcase classname="src/pages/admin/GeneralSettings.test.tsx" name="GeneralSettings — reset onboarding &gt; shows the reset onboarding section for admin users" time="0.057395792">
            <system-err>
⚠️ React Router Future Flag Warning: React Router will begin wrapping state updates in `React.startTransition` in v7. You can use the `v7_startTransition` future flag to opt-in early. For more information, see https://reactrouter.com/v6/upgrading/future#v7_starttransition.
⚠️ React Router Future Flag Warning: Relative route resolution within Splat routes is changing in v7. You can use the `v7_relativeSplatPath` future flag to opt-in early. For more information, see https://reactrouter.com/v6/upgrading/future#v7_relativesplatpath.

            </system-err>
        </testcase>
        <testcase classname="src/pages/admin/GeneralSettings.test.tsx" name="GeneralSettings — reset onboarding &gt; does not show the reset onboarding section for rep users" time="0.015717709">
        </testcase>
        <testcase classname="src/pages/admin/GeneralSettings.test.tsx" name="GeneralSettings — reset onboarding &gt; shows success confirmation after clicking Reset" time="0.02871175">
        </testcase>
        <testcase classname="src/pages/admin/GeneralSettings.test.tsx" name="GeneralSettings — reset onboarding &gt; shows error message when reset fails" time="0.019878708">
        </testcase>
    </testsuite>
    <testsuite name="src/pages/admin/IntegrationSettings.test.tsx" timestamp="2026-05-14T02:22:34.144Z" hostname="Lucindas-MacBook-Pro.local" tests="9" failures="0" errors="0" skipped="0" time="0.303419708">
        <testcase classname="src/pages/admin/IntegrationSettings.test.tsx" name="IntegrationSettings &gt; renders both the storage section and webhooks section as separate panels" time="0.066033625">
            <system-err>
⚠️ React Router Future Flag Warning: React Router will begin wrapping state updates in `React.startTransition` in v7. You can use the `v7_startTransition` future flag to opt-in early. For more information, see https://reactrouter.com/v6/upgrading/future#v7_starttransition.
⚠️ React Router Future Flag Warning: Relative route resolution within Splat routes is changing in v7. You can use the `v7_relativeSplatPath` future flag to opt-in early. For more information, see https://reactrouter.com/v6/upgrading/future#v7_relativesplatpath.

            </system-err>
        </testcase>
        <testcase classname="src/pages/admin/IntegrationSettings.test.tsx" name="IntegrationSettings &gt; renders storage form when not configured" time="0.041632917">
        </testcase>
        <testcase classname="src/pages/admin/IntegrationSettings.test.tsx" name="IntegrationSettings &gt; disables save and test buttons when fields are empty" time="0.033155875">
        </testcase>
        <testcase classname="src/pages/admin/IntegrationSettings.test.tsx" name="IntegrationSettings &gt; enables save button once all fields are filled" time="0.022170709">
        </testcase>
        <testcase classname="src/pages/admin/IntegrationSettings.test.tsx" name="IntegrationSettings &gt; shows success message after saving storage config" time="0.051469125">
        </testcase>
        <testcase classname="src/pages/admin/IntegrationSettings.test.tsx" name="IntegrationSettings &gt; shows error message when save fails" time="0.031045625">
        </testcase>
        <testcase classname="src/pages/admin/IntegrationSettings.test.tsx" name="IntegrationSettings &gt; shows storage load error state" time="0.021994875">
        </testcase>
        <testcase classname="src/pages/admin/IntegrationSettings.test.tsx" name="IntegrationSettings &gt; shows Clear button and masked hint when storage is already configured" time="0.014903792">
        </testcase>
        <testcase classname="src/pages/admin/IntegrationSettings.test.tsx" name="IntegrationSettings &gt; calls DELETE and removes Clear button after clearing storage config" time="0.018828333">
        </testcase>
    </testsuite>
    <testsuite name="src/pages/admin/NotificationSettings.test.tsx" timestamp="2026-05-14T02:22:34.144Z" hostname="Lucindas-MacBook-Pro.local" tests="18" failures="0" errors="0" skipped="0" time="0.408455042">
        <testcase classname="src/pages/admin/NotificationSettings.test.tsx" name="NotificationSettings — email notifications toggle &gt; renders the email notifications section" time="0.056460792">
            <system-err>
⚠️ React Router Future Flag Warning: React Router will begin wrapping state updates in `React.startTransition` in v7. You can use the `v7_startTransition` future flag to opt-in early. For more information, see https://reactrouter.com/v6/upgrading/future#v7_starttransition.
⚠️ React Router Future Flag Warning: Relative route resolution within Splat routes is changing in v7. You can use the `v7_relativeSplatPath` future flag to opt-in early. For more information, see https://reactrouter.com/v6/upgrading/future#v7_relativesplatpath.

            </system-err>
        </testcase>
        <testcase classname="src/pages/admin/NotificationSettings.test.tsx" name="NotificationSettings — email notifications toggle &gt; renders the toggle in enabled state by default" time="0.046542041">
        </testcase>
        <testcase classname="src/pages/admin/NotificationSettings.test.tsx" name="NotificationSettings — email notifications toggle &gt; renders the toggle in disabled state when notifications are off" time="0.0312695">
        </testcase>
        <testcase classname="src/pages/admin/NotificationSettings.test.tsx" name="NotificationSettings — email notifications toggle &gt; shows success after toggling notifications" time="0.053513375">
        </testcase>
        <testcase classname="src/pages/admin/NotificationSettings.test.tsx" name="NotificationSettings — email notifications toggle &gt; shows error when toggling fails" time="0.025010417">
        </testcase>
        <testcase classname="src/pages/admin/NotificationSettings.test.tsx" name="NotificationSettings — email notifications toggle &gt; shows load error when email-notifications fetch fails" time="0.013688375">
        </testcase>
        <testcase classname="src/pages/admin/NotificationSettings.test.tsx" name="NotificationSettings — email notifications toggle &gt; displays recipient count" time="0.014095875">
        </testcase>
        <testcase classname="src/pages/admin/NotificationSettings.test.tsx" name="NotificationSettings — SMTP section &gt; shows SMTP section for admin users" time="0.0105335">
        </testcase>
        <testcase classname="src/pages/admin/NotificationSettings.test.tsx" name="NotificationSettings — SMTP section &gt; hides SMTP section for rep users" time="0.014661875">
        </testcase>
        <testcase classname="src/pages/admin/NotificationSettings.test.tsx" name="NotificationSettings — SMTP section &gt; renders SMTP form fields when loaded" time="0.014168583">
        </testcase>
        <testcase classname="src/pages/admin/NotificationSettings.test.tsx" name="NotificationSettings — SMTP section &gt; shows password input when no password is set" time="0.012495208">
        </testcase>
        <testcase classname="src/pages/admin/NotificationSettings.test.tsx" name="NotificationSettings — SMTP section &gt; shows masked hint and Change Password button when password is already set" time="0.011181375">
        </testcase>
        <testcase classname="src/pages/admin/NotificationSettings.test.tsx" name="NotificationSettings — SMTP section &gt; reveals password input after clicking Change Password" time="0.018447584">
        </testcase>
        <testcase classname="src/pages/admin/NotificationSettings.test.tsx" name="NotificationSettings — SMTP section &gt; saves SMTP config and shows success" time="0.018369375">
        </testcase>
        <testcase classname="src/pages/admin/NotificationSettings.test.tsx" name="NotificationSettings — SMTP section &gt; shows error when SMTP save fails" time="0.021278333">
        </testcase>
        <testcase classname="src/pages/admin/NotificationSettings.test.tsx" name="NotificationSettings — SMTP section &gt; disables SMTP test button when address is empty" time="0.00821025">
        </testcase>
        <testcase classname="src/pages/admin/NotificationSettings.test.tsx" name="NotificationSettings — SMTP section &gt; shows SMTP test success when test passes" time="0.017226833">
        </testcase>
        <testcase classname="src/pages/admin/NotificationSettings.test.tsx" name="NotificationSettings — SMTP section &gt; shows SMTP test error when test fails" time="0.017040958">
        </testcase>
    </testsuite>
    <testsuite name="src/pages/admin/WebhookSettings.test.tsx" timestamp="2026-05-14T02:22:34.145Z" hostname="Lucindas-MacBook-Pro.local" tests="14" failures="0" errors="0" skipped="0" time="0.368881458">
        <testcase classname="src/pages/admin/WebhookSettings.test.tsx" name="WebhookSettings — empty state &gt; shows empty state when no subscriptions exist" time="0.05881725">
            <system-err>
⚠️ React Router Future Flag Warning: React Router will begin wrapping state updates in `React.startTransition` in v7. You can use the `v7_startTransition` future flag to opt-in early. For more information, see https://reactrouter.com/v6/upgrading/future#v7_starttransition.
⚠️ React Router Future Flag Warning: Relative route resolution within Splat routes is changing in v7. You can use the `v7_relativeSplatPath` future flag to opt-in early. For more information, see https://reactrouter.com/v6/upgrading/future#v7_relativesplatpath.

            </system-err>
        </testcase>
        <testcase classname="src/pages/admin/WebhookSettings.test.tsx" name="WebhookSettings — subscription list &gt; renders active and disabled subscriptions with correct details" time="0.029654708">
        </testcase>
        <testcase classname="src/pages/admin/WebhookSettings.test.tsx" name="WebhookSettings — subscription list &gt; shows the failed banner and hides toggle button for failed subscriptions" time="0.029841834">
        </testcase>
        <testcase classname="src/pages/admin/WebhookSettings.test.tsx" name="WebhookSettings — create form &gt; submits the form and shows the secret reveal modal" time="0.051174875">
        </testcase>
        <testcase classname="src/pages/admin/WebhookSettings.test.tsx" name="WebhookSettings — create form &gt; dismisses the secret modal when Done is clicked" time="0.035602625">
        </testcase>
        <testcase classname="src/pages/admin/WebhookSettings.test.tsx" name="WebhookSettings — disable / enable toggle &gt; calls PATCH with status disabled when toggling an active subscription" time="0.019255459">
        </testcase>
        <testcase classname="src/pages/admin/WebhookSettings.test.tsx" name="WebhookSettings — disable / enable toggle &gt; calls PATCH with status active when toggling a disabled subscription" time="0.012146667">
        </testcase>
        <testcase classname="src/pages/admin/WebhookSettings.test.tsx" name="WebhookSettings — delete &gt; shows confirm dialog when delete button is clicked" time="0.014096542">
        </testcase>
        <testcase classname="src/pages/admin/WebhookSettings.test.tsx" name="WebhookSettings — delete &gt; dismisses confirm dialog when Cancel is clicked" time="0.010226584">
        </testcase>
        <testcase classname="src/pages/admin/WebhookSettings.test.tsx" name="WebhookSettings — delete &gt; calls DELETE when Confirm is clicked and dismisses the dialog" time="0.019426708">
        </testcase>
        <testcase classname="src/pages/admin/WebhookSettings.test.tsx" name="WebhookSettings — delivery logs panel &gt; opens the logs panel when View logs is clicked" time="0.030583333">
        </testcase>
        <testcase classname="src/pages/admin/WebhookSettings.test.tsx" name="WebhookSettings — delivery logs panel &gt; shows empty logs message when there are no logs" time="0.02914675">
        </testcase>
        <testcase classname="src/pages/admin/WebhookSettings.test.tsx" name="WebhookSettings — delivery logs panel &gt; closes the logs panel when the Close button is clicked" time="0.012031542">
        </testcase>
        <testcase classname="src/pages/admin/WebhookSettings.test.tsx" name="WebhookSettings — error state &gt; shows the load error element when the list fetch fails" time="0.012329625">
        </testcase>
    </testsuite>
</testsuites>
